# family delta-r  clone HEAD ddf722a04461abacafb6011c40857eac6c0971e8  gov sha256 aebc7078f35f5b67c08b8c13b97930c9c693b4d3ff9748f8f97fcc6a315a070e  (probes looped; RUN-ALL's embedded cargo test omitted)
== DERIVED-VIEWS-JKLMN
SUMMARY checks=23 pass=20 fail=3 failed=['DV.compiled.bullets', 'DV.compiled.fields', 'DV.map.1']
== J1-J2-research-experiments
SUMMARY checks=20 pass=13 fail=7 failed=['J1.a.influences', 'J1.a.influence_backlink', 'J1.b.accepted', 'J1.b.audit', 'J2.empty', 'J2.incomplete.audit', 'J2.merge.detected']
== K1-cit-p
SUMMARY checks=12 pass=12 fail=0 failed=[]
== K2-cit-e
SUMMARY checks=27 pass=20 fail=7 failed=['K2.b4.4', 'K2.b4.5', 'K2.b4.6', 'K2.w6.1', 'K2.w6.2', 'K2.b8.2', 'K2.b7.2']
== K3-auto-impact-simulation
SUMMARY checks=19 pass=9 fail=10 failed=['K3.b1.mislabel', 'K3.b3.mislabel', 'K3.b7.mislabel', 'K3.b2.mislabel', 'K3.b4.mislabel', 'K3.b6.mislabel', 'K3.b8.mislabel', 'K3.outside.1', 'K3.outside.3', 'K3.outside.2']
== K4-impact-radius
SUMMARY checks=9 pass=6 fail=3 failed=['K4.d.model_tier', 'K4.e.agents', 'K4.g.rollback']
== L1-contradiction-resolution
SUMMARY checks=19 pass=15 fail=4 failed=['L1.b1.6', 'L1.b2.neg.no-reversibility', 'L1.b4.1', 'L1.b4.4']
== L2-decision-package
SUMMARY checks=20 pass=13 fail=7 failed=['L2.min.1', 'L2.b4.min', 'L2.b10.min', 'L2.b4.answer', 'L2.b4.answer2', 'L2.cit.b10', 'L2.budget.complete']
== L3-gate-presentation-attacks
== L3-supplement
SUMMARY checks=2 pass=0 fail=2 failed=['L3s.1', 'L3s.2']
== L4-non-global-blocking
SUMMARY checks=10 pass=10 fail=0 failed=[]
== M1-M3-routing
SUMMARY checks=21 pass=15 fail=6 failed=['M1.b1.1', 'M1.b1.2', 'M1.floor.1', 'M2.b1.4', 'M2.b1.5', 'M3.b1.floor']
== M4-empirical-routing
SUMMARY checks=15 pass=9 fail=6 failed=['M4.rec.3', 'M4.b3', 'M4.b8', 'M4.b8.telemetry', 'M4.alias.2', 'M4.flow']
== N1-N2-checkpoints
SUMMARY checks=24 pass=16 fail=8 failed=['N1.b4b', 'N1.b6', 'N2.b1.other', 'N2.b2', 'N2.b4', 'N2.b6', 'N2.b7', 'N2.b8']
== N2-significant-mutation-adopt
SUMMARY checks=1 pass=1 fail=0 failed=[]
== N3-N4-W9-watchdog-handoff
SUMMARY checks=18 pass=12 fail=6 failed=['N3.b1.5', 'N3.b2.1', 'N3.b2.2', 'N3.b3.1', 'N3.b3.2', 'N3.b3.3']
== FRESH-invalidation
SUMMARY checks=13 pass=6 fail=7 failed=['F.RES-0500.inv', 'F.EXP-0500.inv', 'F.CKPT-09999.inv', 'F.HND-0500.inv', 'F.TASK-0500.inv', 'F.impl.1', 'F.families.1']
