# P2-AR-0054 — both merged builders' own probes on the INTEGRATED binary (release gov e7059b92…), against their own records.
# All unedited probes were run from their own evidence directories; the residual branch's labelled derived copies were run as they are.
# Output was written only under evidence/builder-probes/. 2026-09-20T19:47:36Z, HEAD e9a2f9c15c27cdb88a5d43c0f003ce1c3b7b9740

== P2-AR-0042 (WS-1 evidence map), all unedited ==
owner-mutation-controls.py          record 29/29  ->  integrated: 29 PASS / 0 FAIL ; # SUMMARY 29/29 controls as expected
  control 29 (AC-13): CONTROL 29 compile-preserves-governed-fields OK PASS  `gov contract compile` over the committed chain rewrites the evidence map byte-identically
bc-p2-01 round-1 controls           record 20/20  ->  integrated: SUMMARY cases=20 pass=20 fail=0
planted-faults.py                   record 20/20 over 18 gates  ->  integrated: # SUMMARY detected 20/20; gates ['A', 'B', 'C', 'D', 'F', 'G', 'H', 'I', 'J', 'K', 'L', 'M', 'N', 'O', 'R', 'T', 'U', 'W']
  warning-level (check stays ok), as recorded: 3 cases (M1, T3, W7)
release-tamper.py                   record: as written ok; tampered ok=false modified [KERNEL.yaml]
  integrated: # release build ok=True capability_contract=CONTRACT_SOURCE_BOUND error=None
  integrated: CONTROL release verify (as written) ok=True result_ok=True error=None
  integrated: CASE S S2 release:release verify tampered=kernel/KERNEL.yaml ok=True result_ok=False error=None -> DETECTED  {"version": "4.1.6", "ok": false, "modified": ["KERNEL.yaml"], "missing": [], "added": [], 
product-mutations.sh                record 5/5 (control PASSED, mutant FAILED)  ->  integrated: 5/5 controls PASSED, 5/5 mutants FAILED, 5/5 reverted identical-to-HEAD
  ===== MUTATION E E1 owner=test:lib:authority::tests::undeclared_is_level_zero_and_never_orchestrator file=runtime/src/authority.rs
  ===== MUTATION V V1 owner=test:lib:qualification_oracle::tests::a_record_missing_any_v1_v4_field_is_rejected file=framework/qualification-oracle/qualification-oracle.schema.json
  ===== MUTATION W W3 owner=test:lib:context::manifest::tests::absent_wrong_type_superseded_and_non_authoritative_inputs_block file=runtime/src/context/manifest.rs
  ===== MUTATION P P1 owner=test:certification:greenfield::greenfield_end_to_end file=runtime/src/observability.rs
  ===== MUTATION Q Q4 owner=test:certification:upstream::export_gate_fails_closed_on_content_whatever_the_name file=runtime/src/upstream.rs

== residual branch (P2-AR-0043 / -0053 / -0055) ==
WS-7 ip_task_close_registration.py (INT3-O1)
  UNEDITED   record: close refused MATERIAL_CHANGE_REQUIRES_CIT (the helper answers only the first gate)
    integrated: close ok: False code: MATERIAL_CHANGE_REQUIRES_CIT
  DERIVED (P2-AR-0043's labelled copy) record: registered True; CIT-0001 COMMITTED; close ok True, task DONE
    integrated: registered: True governance/registry/plugin-registry.json
    integrated: change transaction: {"cit": "CIT-0001", "cit_status": "COMMITTED", "human_gate": "HDG-0001", "radius": "R5", "effective_triggers": ["governance_change", "security_change"]}
    integrated: CIT-E writes cover the descriptor's current bytes: True | origin: system | system.kind: plugin-registration | approval gate: HDG-0001 | execution gate (registry): HDG-0002
    integrated: close ok: True code: None / task status: DONE
WS-7 ws07_r3_named_checks.py (INT3-O1)
  UNEDITED   record: 2 of 11 discriminating checks PASS, 5 controls BROKEN
    integrated: # SUMMARY: 2 of 11 discriminating checks PASS ; controls BROKEN = 5
  DERIVED    record: 11/11, every control holds
    integrated: # SUMMARY: 11 of 11 discriminating checks PASS ; controls BROKEN = 0
  OD-P2-03's non-gated branch, measured by a probe written before the decision (unedited run):
    C W7R3-41.a HOLDS IP-W7-1 confirmed: the OS-sealed report closing a security task by another session and role is the governed review; the install proceeds with no owner gate
    C W7R3-41.b HOLDS the reviewing role's own review does not approve its own installation
P2-AR-0053 tools_install_task_close.py (R4-O1), unedited
  record after the change: O1 and O2 both close DONE; CIT-0001 COMMITTED origin system kind tool-installation R5
    integrated: [r4o1-declared] install ok: True installed: True gates answered: ['HDG-0002', 'HDG-0001'] approval: {"mode": "human_gate", "gate": "HDG-0002", "option": "A", "by_kind": "human", "answered_by": "produc
    integrated: [r4o1-declared] cit list: [{"id": "CIT-0001", "title": "Install tool TOOL-R4O1", "cit_status": "COMMITTED", "trigger": "security_change", "effective_trigger": "governance_change", "radius": "R5", "hum
    integrated: [r4o1-declared] close ok: True code: None
    integrated: [r4o1-undeclared] install ok: True installed: True gates answered: ['HDG-0002', 'HDG-0001'] approval: {"mode": "human_gate", "gate": "HDG-0002", "option": "A", "by_kind": "human", "answered_by": "prod
    integrated: [r4o1-undeclared] cit list: [{"id": "CIT-0001", "title": "Install tool TOOL-R4O1", "cit_status": "COMMITTED", "trigger": "security_change", "effective_trigger": "governance_change", "radius": "R5", "h
    integrated: [r4o1-undeclared] close ok: True code: None
    integrated: [control] install ok: True installed: True gates answered: ['HDG-0002', 'HDG-0001']
    integrated: [control] cit list: [{"id": "CIT-0001", "title": "Install tool TOOL-R4O1", "cit_status": "COMMITTED", "trigger": "security_change", "effective_trigger": "governance_change", "radius": "R5", "human_gat

== Verdict ==
No integration regression: every line either builder recorded on its own branch reproduces on the integrated tree,
in the same direction — including the two probes that are meant to fail unedited (WS-7's IP probe and named checks,
whose helper answers only the first gate: R4-IP-1, and the reason the labelled derived copies exist).
