# P2-AR-0019: AR-0033 hv_a_derivation::a1 at work commit 2f4ee57.
# (1) the UNEDITED test: fails at its pinned product-scale assertion (84 files / 740 functions); the tree now has more files/functions.
test a1_the_derived_census_reproduces_independently_at_the_claimed_scale ... independent walk: 86 files, 811 functions
thread 'a1_the_derived_census_reproduces_independently_at_the_claimed_scale' (242223) panicked at tests/hv_a_derivation.rs:22:5:
assertion `left == right` failed: the product tree is not the size the census claims
  left: 86
 right: 84
test result: FAILED. 0 passed; 1 failed; 0 ignored; 0 measured; 9 filtered out; finished in 0.05s

# (2) DERIVED VARIANT R1-hv_a-a1-census-variant.rs.txt (the same test with only the two scale assertions removed): the independent section-6 census it would then run
test a1_census_without_the_scale_pin ... independent walk: 86 files, 811 functions
AR-0033 independent §6 census:
  human_gate_create: derived 37 / writers 34 / exempt 1 / violations 0
  human_gate_approve: derived 1 / writers 1 / exempt 0 / violations 0
  release_certification: derived 2 / writers 1 / exempt 0 / violations 0
  trust_policy_mutation: derived 7 / writers 1 / exempt 0 / violations 0
  privileged_plugin_acquisition: derived 9 / writers 2 / exempt 0 / violations 0
  floor_lower_or_reset: derived 3 / writers 1 / exempt 0 / violations 0
  present_below_floor_release_as_current: derived 1 / writers 1 / exempt 0 / violations 0
test result: ok. 1 passed; 0 failed; 0 ignored; 0 measured; 0 filtered out; finished in 0.06s

# (3) scale: the base product (c6b60bc = cap2-candidate-0 product code = srr1-r1-accepted product digest) is the 84 files /
#     740 functions the test pins; this work adds runtime/src/memory/{coverage,failures}.rs (86 files) and new functions (811).
