# P2-AR-0032 rustfmt (edition 2021) --check on every Rust file changed after the last merge (0f830f3..HEAD) and build warnings, at 7491c5ca78ee2a7772571892cede623416e84324
rustfmt --check runtime/src/cit/propagation.rs: rc=0 (0 = no hunk)
rustfmt --check runtime/src/memory/profile.rs: rc=0 (0 = no hunk)
rustfmt --check tests/certification/brownfield.rs: rc=0 (0 = no hunk)
rustfmt --check tests/certification/migration.rs: rc=0 (0 = no hunk)
rustfmt --check tests/certification/repair.rs: rc=0 (0 = no hunk)
rustfmt --check tests/certification/repair2.rs: rc=0 (0 = no hunk)
rustfmt --check tests/certification/ws03.rs: rc=0 (0 = no hunk)
rustfmt --check tests/certification/ws04r2.rs: rc=0 (0 = no hunk)
rustfmt --check tests/certification/ws05.rs: rc=0 (0 = no hunk)
rustfmt --check tests/certification/ws06.rs: rc=0 (0 = no hunk)
rustfmt --check tests/certification/ws07.rs: rc=0 (0 = no hunk)
rustfmt --check tests/certification/ws08_r2.rs: rc=0 (0 = no hunk)
# cargo build (workspace) warnings:
0
# cargo test --no-run (all test targets) warnings:
0
# diffstat of changes beyond the merges (0f830f3..HEAD):
 runtime/src/cit/propagation.rs    |  8 ++++
 runtime/src/memory/profile.rs     | 25 ++++++++++++-
 tests/certification/brownfield.rs | 36 +-----------------
 tests/certification/migration.rs  | 36 +-----------------
 tests/certification/repair.rs     | 49 +++++++++++++-----------
 tests/certification/repair2.rs    |  9 ++---
 tests/certification/ws03.rs       | 79 ++++++++++++---------------------------
 tests/certification/ws04r2.rs     | 63 ++++++++++++++++++++++++++++---
 tests/certification/ws05.rs       | 10 ++++-
 tests/certification/ws06.rs       | 65 +++++++++++++++++++++++++++++---
 tests/certification/ws07.rs       |  2 +
 tests/certification/ws08_r2.rs    | 12 ++++++
 12 files changed, 228 insertions(+), 166 deletions(-)
