test ws08_r3::the_next_kernel_payload_is_version_consistent_and_release_build_refuses_drift ... ok
test ws08_r3::t2_facts_written_on_one_owner_machine_are_honoured_on_the_others_and_refused_elsewhere has been running for over 60 seconds
test ws08_r2::update_applies_only_on_a_verified_authorising_answer ... ok
test ws08_r3::update_entry_guard_is_scoped_and_snapshots_survive_derived_state_deletion has been running for over 60 seconds
test ws05r3::material_changes_inside_a_task_complete_only_through_change_control ... ok
test ws07::a_governed_security_review_by_another_role_lets_the_installation_proceed ... ok
test ws08_r2::the_bootstrap_installation_is_marked_tied_to_the_binary_and_never_presented_as_current ... ok
test ws07::a_cached_pin_never_approves_changed_bytes ... ok
test ws07::declared_model_and_runtime_artefacts_are_part_of_what_the_owner_approves ... ok
test ws08_r2::an_update_over_a_defect_the_full_suite_detects_is_refused_and_rolled_back ... ok
test ws08_r3::a_binding_authority_is_not_installed_below_floor ... ok
test ws06::embedder_components_are_identified_bound_and_fail_closed_on_change ... ok
test ws04r3::every_cit_write_is_sealed_and_a_hand_edit_stays_broken ... ok
test ws07::registry_entries_are_honoured_only_as_the_os_wrote_them ... ok
test ws04r2::checkpoint_and_handoff_continuity ... ok
test ws08_r2::below_floor_restoration_by_update_still_completes_with_the_g5_post_install_suite ... ok
test ws07::a_registration_is_approved_only_by_a_gate_raised_for_exactly_it ... ok
test ws07::a_tool_installation_is_approved_only_for_that_installation ... ok
test ws08_r3::t2_facts_written_on_one_owner_machine_are_honoured_on_the_others_and_refused_elsewhere ... ok
test ws08_r3::update_entry_guard_is_scoped_and_snapshots_survive_derived_state_deletion ... ok
test ws07::the_plugin_registry_survives_deleting_the_generated_views_and_moves_only_as_written ... ok
test ws07::every_byte_a_plugin_executes_is_bound ... ok

test result: ok. 207 passed; 0 failed; 0 ignored; 0 measured; 0 filtered out; finished in 4910.33s

