PASS S6-provision-t02-A
PASS S6-provision-t02-B
PASS S6-provision-t02-C
PASS S6-provision-t02-E
PASS S6-bind-t02-A
PASS S6-bind-t02-B
PASS S6-bind-t02-E
PASS S6-A-bound-C-provisioned-but-not-bound :: A.bound=True C.bound=False
PASS S6-D-unprovisioned-cannot-be-bound :: T2_BINDING_UNPROVISIONED
PASS S6-A-authentic-install
PASS S6-A-gate-record-written :: HDG-0001 
PASS S6-A-audit-record-written :: AUD-0002 
PASS S6-A-task-record-written :: TASK-0001 
PASS S6-A-cit-record-written :: CIT-0001 
PASS S6-A-records-carry-an-os_binding-seal :: 6: ['spec/audits/AUD-0001.yaml', 'spec/audits/AUD-0002.yaml', 'spec/decisions/CIT-0001.yaml', 'spec/decisions/HDG-0001.yaml', 'spec/decisions/HDG-0002.yaml', 'spec/tasks/TASK-0001.yaml']
PASS S6-A-seals-are-portable-scope-under-the-owner-authority :: portable=6 of 6
PASS S6-no-binding-key-material-in-the-repository :: []
PASS S6-no-root-private-key-in-the-repository :: []
PASS S6-no-release-private-key-in-the-repository :: []
PASS S6-no-snapshot-private-key-in-the-repository :: []
PASS S6-no-timestamp-private-key-in-the-repository :: []
PASS S6-no-recovery-private-key-in-the-repository :: []
PASS S6-no-t2-binding-private-key-in-the-repository :: []
PASS S6-no-human-gate-private-key-in-the-repository :: []
PASS S6-B-honours-the-facts-machine-A-wrote (P2-ADJ-0002) :: open T2 findings on B: []
PASS S6-B-gate-binding-verifies-before-anchoring :: binding=VERIFIED {"binding": "VERIFIED", "key_id": "t02-owner-authority/79cba6d58ffd4061", "scope": "provisioned", "operation": "gate create", "at": "2026-09-20T20:38:40Z"}
PASS S6-B-status-reconstructs-the-project :: gov status on the second machine
PASS S6-C-refuses-the-owner-facts-it-was-not-authorised-for :: [{"marker": "T2_UNBOUND"}, {"marker": "FOREIGN"}]
PASS S6-C-refusal-is-typed :: binding=FOREIGN {"binding": "FOREIGN", "key_id": "t02-owner-authority/79cba6d58ffd4061", "scope": "provisioned", "reason": "sealed under binding key t02-owner-authority/79cba6d58ffd4061, which this machine does not hold (a machine of another owner or project, or a m
PASS S6-D-refusal-is-typed :: binding=FOREIGN {"binding": "FOREIGN", "key_id": "t02-owner-authority/79cba6d58ffd4061", "scope": "provisioned", "reason": "sealed under binding key t02-owner-authority/79cba6d58ffd4061, which this machine does not hold (a machine of another owner or project, or a m
PASS S6-E-foreign-owner-refusal-is-typed :: binding=FOREIGN {"binding": "FOREIGN", "key_id": "t02-owner-authority/79cba6d58ffd4061", "scope": "provisioned", "reason": "sealed under binding key t02-owner-authority/79cba6d58ffd4061, which this machine does not hold (a machine of another owner or project, or a m
PASS S6-D-unprovisioned-machine-refuses-the-owner-facts :: [{"marker": "T2_UNBOUND"}, {"marker": "FOREIGN"}]
PASS S6-D-unprovisioned-external-ingress-refused (OD-P2-02) :: code=
PASS S6-E-foreign-owner-refuses-these-facts :: [{"marker": "T2_UNBOUND"}, {"marker": "FOREIGN"}]
PASS S6-E-cannot-anchor-a-release-signed-by-another-owner :: code=SRR_THRESHOLD_NOT_MET
PASS S6-E-installs-its-own-owner-signed-release
PASS S6-E-writes-its-own-T2-fact
PASS S6-A-refuses-a-record-sealed-by-a-foreign-owner :: binding=FOREIGN {"binding": "FOREIGN", "key_id": "t02-foreign-authority/62b7b48757ccbadb", "scope": "provisioned", "reason": "sealed under binding key t02-foreign-authority/62b7b48757ccbadb, which this machine does not hold (a machine of another owner or project, or
PASS S6-gate-file-found :: HDG-0001
PASS S6-edited-sealed-record-refused-typed-BROKEN :: binding=BROKEN {"binding": "BROKEN", "reason": "the record was modified after the OS operation 'gate create' sealed it at 2026-09-20T20:38:40Z (machine 56a5ed242b5e1026c8cbc3a7d48a14d2, authority t02-owner-authority, key 79cba6d58ffd4061)"}
PASS S6-edited-record-is-observable-in-the-governance-suite :: audit ok=False code=UNHEALTHY mentions_record=True
PASS S6-unsealed-hand-written-record-refused :: binding=UNSEALED {"binding": "UNSEALED", "reason": "no OS seal: the record was not written by a gov operation (hand-written, legacy, or written by a writer that has not adopted the T2 primitive)"}
PASS S6-restored-record-verifies-again :: binding=VERIFIED
PASS S6-auth-machine-provisioned
PASS S6-wrong-signer-authority-refused :: SRR_THRESHOLD_NOT_MET
PASS S6-unknown-signer-authority-refused :: SRR_THRESHOLD_NOT_MET
PASS S6-expired-authority-refused :: T2_BINDING_AUTHORITY_EXPIRED
PASS S6-valid-authority-accepted
PASS S6-authority-rotation-accepted
PASS S6-rolled-back-authority-refused :: T2_BINDING_AUTHORITY_ROLLBACK
PASS S6-unauthorised-binding-key-refused :: T2_BINDING_KEY_NOT_AUTHORISED
PASS S6-authority-for-another-machine-refused :: T2_BINDING_MACHINE_NOT_AUTHORISED
PASS S6-revoke-baseline-record
PASS S6-revoking-authority-accepted
PASS S6-seals-under-a-revoked-key-stop-being-honoured :: binding=UNAUTHORISED {"binding": "UNAUTHORISED", "key_id": "t02-owner-authority/79cba6d58ffd4061", "scope": "provisioned", "reason": "sealed under binding key t02-owner-authority/79cba6d58ffd4061, which this machine holds but its owner's binding authority does not author
PASS S6-no-signing-subcommand-on-the-trust-surface :: ['Signed Release Root: machine trust anchor, protected floors, break-glass recovery (ARCH-0003)', '  break-glass           Where an owner-signed break-glass authorisation must be placed, and what it must bind', '  human-channel         The authenticated human channel for Human Decision Gate answers: anchor, inbox, what a signed answer binds', '      --role <ROLE>        Acting role, as assigned to this caller (else $GOV_ROLE). With neither, the invocation carries no privileged authority (L0). The `human` role is never conferred by a declaration: human answers are owner-signed']
PASS S6-binary-carries-no-obvious-signing-entry-point :: hits=0
PASS S6-b3-release-identity-identical-across-machines :: A=348e1922945fbf91c730cc64e2257c13a73356d14dc9516d792264aaf9667bb5 B=348e1922945fbf91c730cc64e2257c13a73356d14dc9516d792264aaf9667bb5
PASS S6-b3-no-absolute-machine-path-in-framework.lock :: {}
PASS S6-b1-governed-records-are-tracked-in-git :: 27 spec, 148 governance files tracked
PASS S6-b2-derived-runtime-is-not-tracked :: []
PASS S6-b2-second-machine-has-no-inherited-runtime-state :: clone carries no tracked runtime db
PASS S6-unanchored-second-machine-refusal-is-typed :: code=KERNEL_UNANCHORED
PASS S6-unanchored-refusal-names-its-remedy :: ["gov kernel trust", "gov kernel reinstall --source <signed release pinned by framework.lock>", "gov kernel override --reason <why> (L4+, raises a gate)"]
PASS S6-availability-status-stays-available-while-unanchored :: code=
PASS S6-availability-doctor-stays-available-while-unanchored :: code=UNHEALTHY
PASS S6-availability-kernel-trust-stays-available-while-unanchored :: code=
PASS S6-availability-kernel-verify-stays-available-while-unanchored :: code=
PASS S6-second-machine-can-verify-the-pinned-release (ARCH-0003 §8) :: code= 
PASS S6-b2-derived-runtime-rebuilds-locally-after-anchoring
PASS S6-B-honours-the-gate-A-wrote-after-anchoring :: binding=VERIFIED
PASS S6-B-can-write-its-own-T2-fact
PASS S6-A-honours-the-fact-B-wrote (round trip) :: binding=VERIFIED
PASS S6-b2-second-machine-doctor-runs

-- 74/74 checks passed
