PASS A1-b1-constitution-and-invariants-are-machine-readable :: rules=110 layers=7
PASS A1-b1-hard-invariants-exist-as-parsable-records :: ['HARD_INVARIANTS.yaml', 'constitution']
PASS A1-b2-weakening-MODEL_ROUTING_OVERRIDES.yaml-is-refused-or-reported :: refused=[{"policy": "MODEL_ROUTING_OVERRIDES", "key": "tier_floors.governance", "value": "T1", "source": "MODEL_ROUTING_OVERRIDES.yaml", "kernel_value": null, "reason": "MODEL_ROUTING_OVERRIDES.tier_floors.go applied=[] audit_ok=False
PASS A1-b2-weakening-PROJECT_POLICY.yaml-is-refused-or-reported :: refused=[{"policy": "PROJECT_POLICY", "key": "readiness.enforce_pre_implementation_cells", "value": false, "source": "PROJECT_POLICY.yaml", "kernel_value": true, "reason": "PROJECT_POLICY.readiness.enforce_pr applied=[] audit_ok=False
PASS A1-b2-weakening-DATA_SENSITIVITY.yaml-is-refused-or-reported :: refused=[] applied=[] audit_ok=False
PASS A1-b2-weakening-TOOL_PERMISSIONS.yaml-is-refused-or-reported :: refused=[] applied=[] audit_ok=False
PASS A1-b2-lowered-kernel-tier-floor-does-not-take-effect (BC-P2-45) :: before={"task": null, "task_class": "governance", "role": "orchestrator", "minimum_tier": "T3", "reasoning": "high", "candidates": [], "chosen": null, "note" after={"task": null, "task_class": "governance", "role": "orchestrator", "minimum_tier": "T3", "reasoning": "high", "candidates": [], "chosen": null, "note"
PASS A1-b6-the-weakening-attempt-is-observable :: [{"policy": "MODEL_ROUTING_OVERRIDES", "key": "tier_floors.governance", "value": "T1", "source": "MODEL_ROUTING_OVERRIDES.yaml", "kernel_value": null, "reason": "MODEL_ROUTING_OVERRIDES.tier_floors.governance: constitutional/security key cannot be overridden by a lower-precedence layer (POLICY_PRECE
PASS A1-b3-strengthening-within-the-allowed-mode-is-accepted :: applied=[{"policy": "SECURITY_POLICY", "key": "never_index_classes", "value": ["secret", "restricted", "probe-extra-restricted-class"], "source": "PROJECT_POLICY.policy_overrides", "mode": "additive"}] refused=[]
PASS A1-b4-precedence-order-is-deterministic-and-declared :: ["constitution_hard_invariants", "security_and_authority_policy", "framework_kernel_policy", "project_policy_overrides_and_exceptions", "active_decisions_and_specifications", "task_contracts_and_mutation_manifests", "retrieved_or_inferred_context"]
PASS A1-b5-retrieved-or-inferred-context-is-the-lowest-layer :: ["task_contracts_and_mutation_manifests", "retrieved_or_inferred_context"]
PASS A1-b5-a-retrieved-document-cannot-raise-its-own-authority :: []
PASS A3-b1-paths-datasets-tools-namespaces-carry-classification :: {"schema_version": "1.0.0", "default_class": "internal", "identifiers_to_strip": [], "classifications": []}
PASS A3-b2-seeded-secret-is-not-returned-by-retrieval :: {"ok": true, "command": "memory", "result": {"query": "AWS_SECRET_ACCESS_KEY", "routes": ["symbol", "lexical"], "strategy": "fusion", "hits": [{"artifact_id": "file:governance/kernel/policies/SECURITY
PASS A3-b2-secret-bearing-content-is-reported :: secrets family present in the suite
PASS A3-b3-overlay-cannot-declassify-a-secret-bearing-path :: {"ok": true, "command": "memory", "result": {"query": "AWS_SECRET_ACCESS_KEY", "routes": ["symbol", "lexical"], "strategy": "fusion", "hits": [{"artifact_id": "file:governance/kernel/policies/SECURITY
PASS A3-b4-tool-registry-is-inspectable
PASS A3-b4-L0-role-cannot-reinstall-the-kernel :: code=AUTHORITY_DENIED
PASS A3-b4-an-undeclared-role-cannot-reinstall-the-kernel :: code=AUTHORITY_DENIED
PASS A3-b5-an-L1-role-cannot-issue-an-emergency-control :: code=AUTHORITY_DENIED
PASS A3-b6-outbound-export-controls-are-declared-default-deny :: {"never_export_classes": ["secret", "restricted", "confidential"], "on_secret_in_export_payload": "fail_closed"}
PASS A3-b6-export-of-secret-bearing-material-fails-closed :: ok=False code=PACKET_NOT_FOUND leaked=False
PASS A3-b6-export-path-refuses-an-unapproved-packet :: code=AUTHORITY_DENIED
PASS A4-b1-model-budget-is-governed :: governed=['api_spend', 'cloud_changes', 'high_cost_experiments', 'model_spend', 'network_calls', 'package_install', 'parallel_agents']
PASS A4-b1-api-budget-is-governed :: governed=['api_spend', 'cloud_changes', 'high_cost_experiments', 'model_spend', 'network_calls', 'package_install', 'parallel_agents']
PASS A4-b1-cloud-budget-is-governed :: governed=['api_spend', 'cloud_changes', 'high_cost_experiments', 'model_spend', 'network_calls', 'package_install', 'parallel_agents']
PASS A4-b1-network-budget-is-governed :: governed=['api_spend', 'cloud_changes', 'high_cost_experiments', 'model_spend', 'network_calls', 'package_install', 'parallel_agents']
PASS A4-b1-tool-install-budget-is-governed :: governed=['api_spend', 'cloud_changes', 'high_cost_experiments', 'model_spend', 'network_calls', 'package_install', 'parallel_agents']
PASS A4-b1-parallel-agent-budget-is-governed :: governed=['api_spend', 'cloud_changes', 'high_cost_experiments', 'model_spend', 'network_calls', 'package_install', 'parallel_agents']
PASS A4-b1-experiment-budget-is-governed :: governed=['api_spend', 'cloud_changes', 'high_cost_experiments', 'model_spend', 'network_calls', 'package_install', 'parallel_agents']
PASS A4-b4-budget-state-is-observable :: {"budget": {"max_network_calls_per_task": 200, "network_calls_by_task": {}, "over_budget": [], "max_parallel_agents": 4, "active_sessions": []}, "events": 54, "commands": [{"name": "audit", "count": 6, "ok": 6, "avg_ms": 0.0}, {"name": "cli.audit", "count": 6, "ok": 1, "avg_ms": 19657.333333333332},
PASS A4-b2-a-tightened-delegated-threshold-takes-effect :: effective max_parallel_agents=1
PASS A4-b2-a-delegated-spend-threshold-is-executable :: ok=True code= threshold=task cost 999 > BUDGET_POLICY.defaults.max_task_cost_usd 1
PASS A4-b3-exceeding-a-delegated-limit-creates-a-Human-Decision-Gate :: gate=HDG-0001 record={"model": "probe-model", "provider": "probe", "task_class": "governance", "reasoning_effort": "high", "cost": 999.0, "latency": 10, "pass_fail": "pass", "repair_count": 0, "reviewer_findings": 0, "task": "TASK-BUDGET-PROBE", "ts": "2026-09-20T21:50:2
PASS A4-b2-a-second-over-budget-record-is-stopped-by-the-daily-spend-threshold :: threshold=daily spend 999.01 > BUDGET_POLICY.defaults.max_daily_spend_usd 200
PASS A4-b2-spend-inside-the-delegated-budget-raises-no-gate :: ok=True gate=None
PASS A4-b4-network-spend-to-date-is-observable :: [{"task": "TASK-BUDGET-PROBE", "network_calls": 3, "budget": 1}]
FAIL A4-b2-network-call-budget-is-enforced-not-only-reported :: a network.call beyond the delegated budget was accepted: ok=True code=
PASS A5-PAUSE-is-executable
PASS A5-PAUSE-is-observable-in-status :: {}
FAIL A5-PAUSE-no-command-changes-tracked-governed-state :: [{"command": "rebuild-memory", "ok": true, "code": "", "tracked_changes": ["M governance/generated/index-manifest.json", " M governance/generated/memory-manifest.json"]}, {"command": "memory rebuild", "ok": true, "code": "", "tracked_changes": ["M governance/generated/index-manifest.json"]}]
PASS A5-PAUSE-recovery-is-executable
PASS A5-FREEZE_WRITES-is-executable
PASS A5-FREEZE_WRITES-is-observable-in-status :: {}
FAIL A5-FREEZE_WRITES-no-command-changes-tracked-governed-state :: [{"command": "rebuild-memory", "ok": true, "code": "", "tracked_changes": ["M governance/generated/index-manifest.json"]}, {"command": "memory rebuild", "ok": true, "code": "", "tracked_changes": ["M governance/generated/index-manifest.json"]}]
PASS A5-FREEZE_WRITES-remedy-resume-stays-available
PASS A5-FREEZE_WRITES-recovery-is-executable
PASS A5-CANCEL_AGENTS-is-executable
PASS A5-CANCEL_AGENTS-is-observable-in-status :: {}
PASS A5-CANCEL_AGENTS-recovery-is-executable
PASS A5-ROLLBACK_TRANSACTION-cit-opened
PASS A5-ROLLBACK_TRANSACTION-is-executable :: USAGE
PASS A5-b5-emergency-commands-are-deterministic :: {"agents_cancelled": false, "mode": "PAUSED", "reason": "determinism probe", "role": "orchestrator", "writes_frozen": false} vs {"agents_cancelled": false, "mode": "PAUSED", "reason": "determinism probe", "role": "orchestrator", "writes_frozen": false}
PASS A5-b5-emergency-commands-are-authority-gated :: code=AUTHORITY_DENIED
PASS A5-b6-resume-succeeds
PASS A5-b6-recovery-is-auditable (telemetry) :: telemetry mentions resume: True
FAIL A5-b6-the-control-record-retains-the-entry-and-exit-history :: {"agents_cancelled": false, "mode": "RUNNING", "reason": null, "role": "orchestrator", "session": "S-3fb97a586e5a", "updated_at": "2026-09-20T21:51:41Z", "writes_frozen": false}
FAIL A5-b6-recovery-leaves-a-durable-reasoned-record :: records naming the reason: []

-- 53/58 checks passed
