# rustfmt --edition 2021 --check on every Rust file this run touched (HEAD 91d709264279061d8b1992a53949dae64c6ab7aa); 0 = no hunks
cli/src/main.rs 0
runtime/src/doctor.rs 0
runtime/src/error.rs 0
runtime/src/orchestration/control.rs 0
runtime/src/scheduler/catalogue.rs 0
runtime/src/scheduler/mod.rs 0
runtime/src/skills.rs 0
runtime/src/verification/currency.rs 0
runtime/src/verification/families_ext.rs 0
runtime/src/verification/lineage.rs 0
runtime/src/verification/mod.rs 0
runtime/src/verification/product.rs 0
runtime/src/verification/reporting.rs 0
tests/certification/brownfield.rs 0
tests/certification/migration.rs 0
tests/certification/repair2.rs 0

# cargo build --release warnings:
0

# hot-spot edits (additive): cli/src/main.rs, runtime/src/orchestration/control.rs
diff --git a/cli/src/main.rs b/cli/src/main.rs
index 5a34a0a..b18797d 100644
--- a/cli/src/main.rs
+++ b/cli/src/main.rs
@@ -388,6 +388,27 @@ enum HealthCmd {
         #[arg(long)]
         report: String,
     },
+    // WS-2 round 2 (P2-AR-0023) additive: the G6 entry point (ws01-12 IP-4)
+    /// G6: record the health of a qualification run (synthetic repository, chaos, soak, hidden test) — only when its hidden oracle conforms and is separate, and its score report is bound to that oracle
+    Qualify {
+        /// synthetic-repository | chaos | soak | hidden-test
+        #[arg(long, default_value = "synthetic-repository")]
+        kind: String,
+        /// The verifier-owned hidden oracle (qualification-oracle document)
+        #[arg(long)]
+        oracle: PathBuf,
+        /// The candidate run's qualification-score-report, scored against that oracle
+        #[arg(long)]
+        report: PathBuf,
+        /// Public qualification suite root the oracle must be kept out of
+        #[arg(long = "public-suite")]
+        public_suite: Vec<PathBuf>,
+        /// Other qualification repository roots the oracle must be kept out of (this repository always is)
+        #[arg(long)]
+        repository: Vec<PathBuf>,
+        #[arg(long)]
+        run_id: Option<String>,
+    },
 }
 fn health_cmd(cli: &Cli, op: &HealthCmd) -> Result<Value> {
     use gov_runtime::scheduler as sch;
@@ -474,6 +495,24 @@ fn health_cmd(cli: &Cli, op: &HealthCmd) -> Result<Value> {
             }
             gov_runtime::verification::close_gate(&p, &t, &rep, &touched, false)
         }
+        HealthCmd::Qualify {
+            kind,
+            oracle,
+            report,
+            public_suite,
+            repository,
+            run_id,
+        } => sch::qualification_run(
+            &p,
+            &sch::QualificationRun {
+                kind: kind.clone(),
+                run_id: run_id.clone(),
+                oracle: oracle.clone(),
+                score_report: report.clone(),
+                public_suites: public_suite.clone(),
+                repositories: repository.clone(),
+            },
+        ),
         HealthCmd::Skills {
             skill,
             record,
@@ -1351,6 +1390,7 @@ fn g0_label(cmd: &Cmd) -> String {
                 }
             }
             HealthCmd::CloseCheck { .. } => "health close-check",
+            HealthCmd::Qualify { .. } => "health qualify",
         }),
         Cmd::Oracle { op } => s(match op {
             OracleCmd::Format => "oracle format",
diff --git a/runtime/src/orchestration/control.rs b/runtime/src/orchestration/control.rs
index 0473587..ba7963d 100644
--- a/runtime/src/orchestration/control.rs
+++ b/runtime/src/orchestration/control.rs
@@ -320,6 +320,9 @@ pub const COMMAND_GUARDS: &[CommandGuard] = &[
     g("health skills", "read", Read),
     g("health skills --record", "record_skill_binding", Write),
     g("health close-check", "record_audit", Write),
+    // WS-2 round 2 (P2-AR-0023): the G6 entry point validates the oracle/report (read-only) and records the
+    // qualification run's health as a governance-suite EVIDENCE record, exactly as `health run` does
+    g("health qualify", "record_audit", Write),
     // WS-1/12 (BC-P2-51): the Qualification Oracle format tool reads documents held in verifier custody and the
     // format compiled into this binary; it opens no project
     outside("oracle format", "qualification tooling: prints the Qualification Oracle format compiled into this binary; opens no project"),

# lines removed from hot-spot files (must be none):
0
