# rustfmt --edition 2021 --check on every Rust file changed since base 843d79c (at 7dcf2e0bcb1a998c9ce3e71a4266489e1dc00fe2)
cli/src/main.rs: 0 hunk(s)
runtime/src/human_channel.rs: 0 hunk(s)
runtime/src/orchestration/control.rs: 0 hunk(s)
runtime/src/orchestration/gates.rs: 0 hunk(s)
runtime/src/policy.rs: 0 hunk(s)
runtime/src/policy_precedence.rs: 0 hunk(s)
tests/certification/greenfield.rs: 0 hunk(s)
tests/certification/repair.rs: 0 hunk(s)
tests/certification/repair2.rs: 0 hunk(s)
tests/certification/update.rs: 0 hunk(s)
tests/certification/ws03.rs: 0 hunk(s)

# cargo build warnings (touch + rebuild of both crates)
0
# files changed since base
 cli/src/main.rs                           | 132 ++++++-
 docs/ARCHITECTURE.md                      | 182 +++++++--
 docs/COMMANDS.md                          | 105 ++++--
 framework/policies/AUTHORITY_POLICY.yaml  |   1 +
 framework/policies/ENFORCEMENT_MAP.yaml   |   5 +-
 framework/policies/HUMAN_GATE_POLICY.yaml |  10 +-
 framework/policies/MEMORY_POLICY.yaml     |   7 +
 framework/policies/POLICY_PRECEDENCE.yaml |   8 +-
 runtime/src/human_channel.rs              | 117 +++++-
 runtime/src/orchestration/control.rs      |  99 ++++-
 runtime/src/orchestration/gates.rs        |   5 +-
 runtime/src/policy.rs                     |  25 +-
 runtime/src/policy_precedence.rs          | 272 ++++++++++++-
 tests/certification/greenfield.rs         |   4 +
 tests/certification/repair.rs             |  34 +-
 tests/certification/repair2.rs            | 106 ++++--
 tests/certification/update.rs             |  47 ++-
 tests/certification/ws03.rs               | 608 ++++++++++++++++++++++++++++--
 18 files changed, 1567 insertions(+), 200 deletions(-)
