owner source sha256   : 4c2df29115c8d5389034b2e2d817772add80d61678807c23e0d520c937cb5ed3 (MATCHES PINNED)
format definition sha : f89a3e2ff882e116f4593d0f7b8fd9725c7ba491090aedadc3a942c66f4316fd

element  line  field                                               exists required typed  note
V1.1     1018  /fault_manifest/faults/*/fault_id                   True   True     True   
V1.2     1019  /fault_manifest/faults/*/class                      True   True     True   
V1.3     1020  /fault_manifest/faults/*/hidden_authoritative_truth True   True     True   
V1.4     1021  /fault_manifest/faults/*/injected_repository_state  True   True     True   
V1.5     1022  /fault_manifest/faults/*/expected_detection         True   True     True   
V1.6     1023  /fault_manifest/faults/*/expected_severity          True   True     True   
V1.7     1024  /fault_manifest/faults/*/expected_impacted          True   True     True   
V1.8     1025  /fault_manifest/faults/*/expected_governed_action   True   True     True   
V1.9     1026  /fault_manifest/faults/*/forbidden_outcomes         True   True     True   
V2.1     1030  /path_map_oracle/entries/*/current_artefact         True   True     True   
V2.2     1031  /path_map_oracle/entries/*/correct_classification   True   True     True   
V2.3     1032  /path_map_oracle/entries/*/authority                True   True     True   
V2.4     1033  /path_map_oracle/entries/*/expected_target_paths    True   True     True   
V2.5     1034  /path_map_oracle/entries/*/action                   True   True     True   
V2.6     1035  /path_map_oracle/entries/*/expected_references      True   True     True   
V2.6     1035  /path_map_oracle/entries/*/expected_consumers       True   True     True   
V2.7     1036  /path_map_oracle/entries/*/sensitivity              True   True     True   
V2.7     1036  /path_map_oracle/entries/*/indexing_expectation     True   True     True   
V3.1     1039  /memory_oracle/must_be_indexed                      True   True     True   
V3.2     1040  /memory_oracle/must_never_be_indexed                True   True     True   
V3.3     1041  /memory_oracle/expected_authority_namespaces        True   True     True   
V3.4     1042  /memory_oracle/expected_status                      True   True     True   
V3.5     1043  /memory_oracle/expected_graph_relationships         True   True     True   
V3.6     1044  /memory_oracle/expected_code_symbols                True   True     True   
V3.7     1045  /memory_oracle/expected_retrieval_results           True   True     True   
V4.1     1049  /metrics/injected_defect_detection_recall           True   True     True   
V4.2     1050  /metrics/false_positives                            True   True     True   
V4.3     1051  /metrics/severity_accuracy                          True   True     True   
V4.4     1052  /metrics/impact_map_accuracy                        True   True     True   
V4.5     1053  /metrics/path_map_accuracy                          True   True     True   
V4.6     1054  /metrics/missed_authoritative_artefacts             True   True     True   
V4.7     1055  /metrics/wrong_indexing_count                       True   True     True   
V4.8     1056  /metrics/stale_index_count                          True   True     True   
V4.9     1057  /metrics/retrieval_metrics                          True   True     True   
V4.10    1058  /metrics/recovery_chaos_pass_rate                   True   True     True   
V4.11    1059  /metrics/human_gate_correctness                     True   True     True   
V4.12    1060  /metrics/task_readiness_correctness                 True   True     True   
L1014    1014  /custody                                            True   True     True   
L1014    1014  /visibility                                         True   True     True   
L1014    1014  /repository                                         True   True     True   
L1017    1017  /fault_manifest/faults                              True   True     True   
L1029    1029  /repository/adoption_mode                           True   True     True   
L1029    1029  /path_map_oracle                                    True   True     True   
L1048    1048  /metrics                                            True   True     True   
L1062    1062  /separation                                         True   True     True   

owner-source Gate V checklist bullets: 35
owner-source Gate V prose statements : 5
crosswalk entries                    : 43

RESULT: every Gate V checklist bullet and prose statement maps to an existing, typed field of the format.
