V1  evidence_class=["unit/integration/system test", "independent audit evidence"] tiers=[]
    independent_verification=[{"id": "obligation:AC-6", "class": "independent audit evidence", "exercises": "the oracle format is accepted by a fresh independent reviewer before any hidden fault exists"}, {"id": "obligation:AC-12
    V1.1   3 owner(s)
    V1.2   3 owner(s)
    V1.3   2 owner(s)
    V1.4   2 owner(s)
    V1.5   3 owner(s)
    V1.6   3 owner(s)
    V1.7   2 owner(s)
    V1.8   2 owner(s)
    V1.9   2 owner(s)
V2  evidence_class=["unit/integration/system test", "independent audit evidence"] tiers=[]
    independent_verification=[{"id": "obligation:AC-6", "class": "independent audit evidence"}, {"id": "obligation:AC-12", "class": "independent audit evidence"}]
    V2.1   2 owner(s)
    V2.2   2 owner(s)
    V2.3   2 owner(s)
    V2.4   2 owner(s)
    V2.5   3 owner(s)
    V2.6   2 owner(s)
    V2.7   3 owner(s)
V3  evidence_class=["unit/integration/system test", "independent audit evidence"] tiers=[]
    independent_verification=[{"id": "obligation:AC-6", "class": "independent audit evidence"}, {"id": "obligation:AC-12", "class": "independent audit evidence"}]
    V3.1   3 owner(s)
    V3.2   3 owner(s)
    V3.3   2 owner(s)
    V3.4   3 owner(s)
    V3.5   2 owner(s)
    V3.6   2 owner(s)
    V3.7   2 owner(s)
V4  evidence_class=["unit/integration/system test", "governance health check", "independent audit evidence"] tiers=["G1", "G2", "G4", "G5", "G6"]
    independent_verification=[{"id": "obligation:AC-6", "class": "independent audit evidence"}, {"id": "obligation:AC-12", "class": "independent audit evidence"}]
    V4.1   3 owner(s)
    V4.2   2 owner(s)
    V4.3   3 owner(s)
    V4.4   2 owner(s)
    V4.5   2 owner(s)
    V4.6   1 owner(s)
    V4.7   1 owner(s)
    V4.8   1 owner(s)
    V4.9   1 owner(s)
    V4.10  1 owner(s)
    V4.11  1 owner(s)
    V4.12  1 owner(s)

bullets with zero evidence owners: 0
