# P2-AR-0041 — audit-of-record probes routed by the handoff (IP-R3-WS02-05/-06), run UNEDITED through
# run-audit-probe.sh (round-2 integration adapters, unedited) and as labelled derived copies (derived/, headers list
# every change) through run-derived-probe.sh, against the integrated release gov (81a9b9ee…6570).
#
# zeta-r W12-scheduler-integration (adapter: owner-channel root shim)
#   WS-2 record (after-shim)       : W12-G0 x3 PASS, W12-G1-mutation-detected PASS, W12-G1-dependency-evidence-invalidated FAIL, stops at G2 (claim of a task whose mandatory input REQ-9999 is ABSENT)
#   integrated, unedited           : identical lines, identical stop
#   integrated, derived g1-claim   : the same + DERIVED-W12-G1-next-claim-propagates PASS — the next claim of TASK-0001 runs
#                                    detect_and_propagate (WS-5 r3): refused TASK_NOT_RUNNABLE with "retest required after upstream change
#                                    propagation (direct change (not through a CIT))", retest_required=True stored. W12-G1 as written reads
#                                    `task list` right after the incremental rebuild; propagation is wired at claim (not at rebuild), so that
#                                    line stays FAIL while the stale packet is never handed out.
# synthesis AC16-X1-upstream-change-chain (adapter: round-2 integration WS-5 adapter)
#   WS-2 record (after-ws05)       : 13/15, X1-G1xW6 FAIL, X1-O4 FAIL
#   integrated, unedited           : cannot start — first claim refused TASK_NOT_RUNNABLE (scenario chain not ready: WS-5 r3 IP-WS10-12)
#   integrated, derived chain-na   : 14/15 — X1-G1xW6-direct-change-cannot-be-licensed-by-rebuild FAIL->PASS (close_after_rebuild_ok false);
#                                    X1-O4-green-stale-after-direct-spec-change FAIL (its green-before precondition does not hold: P2-ADJ-0003 §2
#                                    rules the precondition contradicts Contract v3:1136 — not a product defect)
# beta-r D6-rebuild-guarantee (handoff: "D6-b2-B must pass"; adapter: owner-channel root shim) — the two builders' own
# labelled derived copies, run unedited from their evidence directories via run-derived-probe.sh <abs path>
#   WS-3 record (claimable.P2-AR-0034, audit-after)        : 6 PASS / 2 FAIL (D6-b2-A-pin, D6-b2-B)
#   WS-5 record (refactor-claim.P2-AR-0036, after-shim)    : 6 PASS / 2 FAIL (D6-b2-A-pin, D6-b2-B)
#   integrated, WS-3's copy                                : 7 PASS / 1 FAIL (D6-b2-A-pin)   D6-b2-B FAIL->PASS
#   integrated, WS-5's copy                                : 7 PASS / 1 FAIL (D6-b2-A-pin)   D6-b2-B FAIL->PASS
#   (claims store and emergency-control state both in .governance-state/ in the union; D6-b2-A-pin measures the refusal of
#    the probe's never-registered hand-declared reranker, as both builders recorded)
