# P2-AR-0047 — A0-C1-01: does the compiled evidence map carry the beta checklist bullets and map owners?
# owner source: Governance_OS_Capability_Acceptance_Contract_v3.md   derived view: tests/governance/capability-evidence-map.yaml

C1   bullets_in_owner_source=17  bullets_in_map=17  text_identical=True cap_evidence_class=True cap_automated_checks=11 cap_independent_verification=1
C2   bullets_in_owner_source=3   bullets_in_map=3   text_identical=True cap_evidence_class=True cap_automated_checks=7 cap_independent_verification=1
C3   bullets_in_owner_source=7   bullets_in_map=7   text_identical=True cap_evidence_class=True cap_automated_checks=7 cap_independent_verification=1
C4   bullets_in_owner_source=6   bullets_in_map=6   text_identical=True cap_evidence_class=True cap_automated_checks=5 cap_independent_verification=1
C5   bullets_in_owner_source=8   bullets_in_map=8   text_identical=True cap_evidence_class=True cap_automated_checks=7 cap_independent_verification=1
C6   bullets_in_owner_source=5   bullets_in_map=5   text_identical=True cap_evidence_class=True cap_automated_checks=6 cap_independent_verification=1
C7   bullets_in_owner_source=6   bullets_in_map=6   text_identical=True cap_evidence_class=True cap_automated_checks=7 cap_independent_verification=1
C8   bullets_in_owner_source=7   bullets_in_map=7   text_identical=True cap_evidence_class=True cap_automated_checks=6 cap_independent_verification=1
C9   bullets_in_owner_source=7   bullets_in_map=7   text_identical=True cap_evidence_class=True cap_automated_checks=4 cap_independent_verification=1
C10  bullets_in_owner_source=7   bullets_in_map=7   text_identical=True cap_evidence_class=True cap_automated_checks=7 cap_independent_verification=1
D1   bullets_in_owner_source=6   bullets_in_map=6   text_identical=True cap_evidence_class=True cap_automated_checks=8 cap_independent_verification=1
D2   bullets_in_owner_source=6   bullets_in_map=6   text_identical=True cap_evidence_class=True cap_automated_checks=6 cap_independent_verification=1
D3   bullets_in_owner_source=4   bullets_in_map=4   text_identical=True cap_evidence_class=True cap_automated_checks=4 cap_independent_verification=1
D4   bullets_in_owner_source=10  bullets_in_map=10  text_identical=True cap_evidence_class=True cap_automated_checks=9 cap_independent_verification=1
D5   bullets_in_owner_source=6   bullets_in_map=6   text_identical=True cap_evidence_class=True cap_automated_checks=7 cap_independent_verification=1
D6   bullets_in_owner_source=4   bullets_in_map=4   text_identical=True cap_evidence_class=True cap_automated_checks=8 cap_independent_verification=1
R1   bullets_in_owner_source=7   bullets_in_map=7   text_identical=True cap_evidence_class=True cap_automated_checks=4 cap_independent_verification=1
R2   bullets_in_owner_source=4   bullets_in_map=4   text_identical=True cap_evidence_class=True cap_automated_checks=5 cap_independent_verification=1
R3   bullets_in_owner_source=3   bullets_in_map=3   text_identical=True cap_evidence_class=True cap_automated_checks=4 cap_independent_verification=1

total beta checklist items: 123
items with their own automated_checks: 105
items without: 18 -> ['C4.4', 'C4.5', 'C6.3', 'C7.3', 'C9.4', 'C9.5', 'C9.6', 'C10.3', 'C10.5', 'D2.3', 'D3.3', 'D3.4', 'D4.4', 'D4.5', 'D4.8', 'D4.9', 'D4.10', 'R3.2']
