== A0-K2-02  a failed CIT-E leaving the derived views regenerated from the rolled-back state
   execute -> VERIFICATION_FAILED   status -> ROLLED_BACK
PASS  D.K2-02 the derived views carry no content from a rolled-back transaction (digest taken without the regeneration timestamp)
PASS  D.K2-02a the rolled-back tool descriptor is not listed in the regenerated registry
PASS  D.K2-02b the rolled-back descriptor file is removed
PASS  D.K2-02c the authoritative record is restored
   NOTE the derived views are rewritten by the failed transaction; only their regeneration timestamp differs.
== A0-K2-03  CIT-E verification attributing pre-existing, not-yet-indexed damage to the transaction
   a harmless CIT executed while an unrelated dangling edge exists -> OK
PASS  D.K2-03 pre-existing graph damage is not attributed to an unrelated transaction
== A0-L1-02  a resolution with no rationale, and evidence references on the decision
   an agent resolution with no --rationale -> USAGE
PASS  D.L1-02 an agent resolution without a recorded rationale is refused
   an agent resolution citing governed evidence -> OK
PASS  D.L1-02b a resolution may cite governed evidence on the decision
PASS  D.L1-02c an evidence reference that is not a governed record is refused
== A0-M2-01  routing evidence recorded below the task's declared minimum
   recording an extra_high task's run at reasoning 'low' -> OK
FAIL  D.M2-01 a run recorded below the task's declared reasoning minimum is refused or flagged  -- route --record returned OK (the run was accepted with no refusal and no flag)
== A0-M4-02  untyped routing evidence and the policy's own field names
   non-numeric cost/latency/repair_count -> OK ; the policy's own alias names (latency, pass_fail) -> OK
FAIL  D.M4-02 a run with non-numeric cost/latency/repair_count is refused  -- route --record returned OK
   how they aggregate: [{"provider": "p", "model": "m2", "task_class": "implementation", "runs": 1, "pass_rate": 1.0, "avg_cost": 0.0, "avg_latency_ms": 0.0, "avg_repairs": 0.0}, {"provider": "p", "model": "m3", "task_class": "implementation", "runs": 1, "pass_rate": 0.0, "avg_cost": 1.0, "avg_latency_ms": 0.0, "avg_repairs": 0.0}]
FAIL  D.M4-02b a run recorded with the policy's own field names is aggregated correctly  -- [{"provider": "p", "model": "m2", "task_class": "implementation", "runs": 1, "pass_rate": 1.0, "avg_cost": 0.0, "avg_latency_ms": 0.0, "avg_repairs": 0.0}, {"provider": "p", "model": "m3", "task_class": "implementation", "runs": 1, "pass_rate": 0.0, "avg_cost": 1.0, "avg_latency_ms": 0.0, "avg_repairs": 0.0}]
== A0-N1-01  checkpoint open questions and files_changed
   open_questions: ['HDG-0004: An open question for the checkpoint?']
PASS  D.N1-01 the checkpoint records the OS's open questions (the pending gate)
   files_changed: ["governance/generated/adapter-manifest.json", "governance/generated/index-manifest.json", "governance/generated/memory-manifest.json", "governance/generated/tool-registry.json", "product/newdir/a.rs", "product/newdir/b.rs", "spec/audits/AUD-0003.yaml", "spec/decisions/CIT-0001.yaml", "spec/decision
PASS  D.N1-01b files_changed names each file in a new untracked directory, not the directory
---- D-prior-findings.sh: 10 passed, 3 failed
