== L1.b1  deterministic precedence resolves first: a superseded record is not a contradiction
   manifest delivery_state: BLOCKED
PASS  L1.1 a superseded input is resolved by precedence, not raised as a contradiction
== L1.b3  a contradiction precedence cannot resolve is detected, blocks, and escalates
   manifest: BLOCKED [{"kind": "DECISION_CONFLICT", "members": ["D-0101", "D-0102"], "subject": "decision key 'ledger store'", "evidence": ["D-0101 chooses 'mysql' and D-0102 chooses 'postgres' for the same decision key 'ledger store', and neither supersedes the other"], "detection_confidence": 0.9, "key": "907bcb8e9618
PASS  L1.2 two current, contradictory decisions are detected as a contradiction
PASS  L1.3 the contradiction blocks the task's input manifest: both sides are never delivered as authority
PASS  L1.4 a task whose inputs contradict cannot be claimed
   routing at dispatch: [{"contradiction": {"kind": "DECISION_CONFLICT", "members": ["D-0101", "D-0102"], "subject": "decision key 'ledger store'", "evidence": ["D-0101 chooses 'mysql' and D-0102 chooses 'postgres' for the same decision key 'ledger store', and neither supersedes the other"], "detection_confidence": 0.9, "k
   contradiction gate(s): [{"id": "HDG-0001", "question": "Contradictory authoritative inputs: D-0101 and D-0102 disagree on the same decision key 'ledger store' \u2014 which governs?", "gate_status": "PENDING", "rendered": false, "presented_in_chat": false, "priority_score": 6.0, "batchable": false, "blocks_tasks": [], "cit
PASS  L1.5 the contradiction is escalated to a Human Decision Gate
== L1.b2/b4  agent resolution only where policy allows, on an assessment the resolver did not make alone
   the session that raised it resolving it itself -> AUTHORITY_DENIED
PASS  L1.6 an agent may not resolve a gate on an assessment its own session declared
   another session resolving it within agent_resolvable_when -> OK
PASS  L1.7 another session's L3+ agent may resolve a low-impact, reversible, high-confidence gate
PASS  L1.8 the resolution's rationale is recorded
   (a second, rationale-less resolution attempt -> USAGE)
== L1.b2  an unassessed or consequential gate is not agent-resolvable
   agent resolution of an irreversible R4 human-only gate -> AUTHORITY_DENIED
PASS  L1.9 consequential/irreversible uncertainty is escalated to the human, not agent-resolved
PASS  L1.10 the same gate is answerable through the owner-signed human channel
== L2  the decision package: every field is substantive, options are real, answers stay inside them
   a gate with only a question -> GATE_PACKAGE_INCOMPLETE
PASS  L2.1 a gate raised with only a question is refused
PASS  L2.2 a package missing 'why_now' is refused
PASS  L2.2 a package missing 'current_state' is refused
PASS  L2.2 a package missing 'options' is refused
PASS  L2.2 a package missing 'impact' is refused
PASS  L2.2 a package missing 'reversibility' is refused
PASS  L2.2 a package missing 'cost_rework' is refused
PASS  L2.2 a package missing 'recommendation' is refused
PASS  L2.2 a package missing 'confidence' is refused
PASS  L2.3 a placeholder value ("") is not substantive content
PASS  L2.3 a placeholder value ("not assessed") is not substantive content
PASS  L2.3 a placeholder value ("tbd") is not substantive content
PASS  L2.4 a gate with no options is refused
== L2.b10  the permitted next actions are derived by the OS for this gate
   permitted_next_actions: ["gov gate present HDG-0004 \u2014 surface this package in the active human interface", "gov decide HDG-0004 --option A \u2014 record the owner-signed human answer choosing A (batch the writes) from the human channel", "gov decide HDG-0004 --option B \u2014 record the owner-signed human answer choosing B (keep per-row writes) from the human channel", "gov gate revoke HDG-0004 \u2014 withdraw the q
PASS  L2.5 the permitted next actions name this gate and carry no placeholder
== L2  an answer outside the offered options is not a decision
PASS  L2.6 an option the package does not offer is refused
PASS  L2.7 even an owner-signed answer naming an option outside the package is refused
== L2  a system-raised gate carries a complete package too
   system-raised gate package: {"gate": "HDG-0001", "missing_or_placeholder": [], "options": ["A", "B", "C", "D"]}
PASS  L2.8 a system-raised gate's package is complete and substantive
---- L12-contradictions-and-package.sh: 27 passed, 0 failed
