== L3.b1  a gate that exists only in a file is NOT presented
PASS  L3.1 a newly raised gate is PENDING, not presented
PASS  L3.2 a gate in a file only is not marked presented in the human interface
   hand-written presented_in_chat then answer -> GATE_NOT_PRESENTED
PASS  L3.3 flipping presented_in_chat in the file does not make a gate answerable
== L3.b2  rendering to an agent's stdout is not the human interface
PASS  L3.4 gov gate present records that the OS rendered the package
PASS  L3.5 rendering to the invoking agent's stdout does not mark it presented to the human
PASS  L3.6 a --json rendering does not mark it presented to the human either
PASS  L3.7 nor does an L1 worker rendering it
PASS  L3.8 an owner-signed receipt over the exact package is presentation evidence
   receipt signed by an undelegated key -> HUMAN_RECEIPT_UNAUTHENTICATED
PASS  L3.9 a receipt signed by a key the root delegates nothing to is refused
PASS  L3.10 and it leaves the gate unpresented
== L3.b3  presented is not answered
PASS  L3.11 an acknowledged gate is still only PRESENTED
PASS  L3.12 presentation records no answer
PASS  L3.13 work blocked on a presented-but-unanswered gate stays blocked
== L3.b5  human approval cannot be fabricated by agent or CLI metadata
PASS  L3.14 '--decide --by human' does not produce a human approval
PASS  L3.14 '--decide --by product-owner' does not produce a human approval
PASS  L3.14 '--decide --by owner@example.com' does not produce a human approval
PASS  L3.15 --role human does not produce a human approval
PASS  L3.16 GOV_ROLE=human does not produce a human approval
PASS  L3.17 an environment variable does not produce a human approval
   forged gate as the OS sees it: {"t2": {"binding": "BROKEN", "reason": "the record was modified after the OS operation 'gate present' sealed it at 2026-09-20T22:29:16Z (machine 92ac5579da8aa10c4999abf0c96a9370, authority verify1-delta-owner, key b98e0d0132cbd646)"}, "answer_verifies": null, "honoured": null}
PASS  L3.18 a hand-written ANSWERED gate is not honoured by the OS
PASS  L3.19 the governance suite reports the forged gate record
== L3.b4  declined / revoked / stale / other-gate answers cannot authorise
PASS  L3.20 a declining answer (option B) leaves the blocked task blocked
PASS  L3.21 an authorising answer makes the blocked task claimable
PASS  L3.22 after the gate is revoked the same task is no longer authorised
Traceback (most recent call last):
  File "<string>", line 1, in <module>
KeyError: 'result'
Traceback (most recent call last):
  File "<string>", line 1, in <module>
KeyError: 'result'
   another gate's signed answer applied to HDG-0006 -> GATE_NOT_PRESENTED
PASS  L3.23 an answer signed for one gate cannot authorise another
   execute after the manifest was widened under the approval -> APPROVAL_STALE
PASS  L3.24 an approval does not carry over to a manifest it did not bind
PASS  L3.25 the widened operation never executed
== L4  independent runnable branches continue while one branch waits
   dag: runnable=['TASK-0003', 'TASK-0005', 'TASK-0009'] waiting_human=['TASK-0002', 'TASK-0007', 'TASK-0008']
PASS  L4.1 the gate blocks only its own branch; the independent branch stays runnable
PASS  L4.2 the independent branch can actually be claimed while the gate waits
PASS  L4.3 the DAG names the human-gate dependencies
== L4  a global stop only where policy or critical-path state requires it
Traceback (most recent call last):
  File "<stdin>", line 3, in <module>
AttributeError: 'NoneType' object has no attribute 'get'
   under FREEZE_WRITES a mutating close -> FROZEN
PASS  L4.4 an explicit global stop (FREEZE_WRITES) is what stops everything, and it is typed
PASS  L4.5 read-only planning stays available under the global stop
PASS  L4.6 the global stop is lifted by its own stated remedy (gov resume)
== the availability rule for gate blocks
   refusal: {"code": "TASK_NOT_RUNNABLE", "message": "TASK-0010 cannot be claimed: the task DAG does not allow it (WAITING_HUMAN): waiting on human gate HDG-0009. `gov task dag` lists every blocking reason; resolve them (complete dependencies, provide the mandatory inputs, obtain an authorising gate answer, satisfy readiness/TEST_POLICY), then `gov task replan`", "details": {"task": "TASK-0010", "state": "WAI
PASS  AV.1 the refusal is typed
PASS  AV.2 the refusal names its scope: the blocked task and the gate that blocks it
PASS  AV.3 the block's own remedy (presenting the gate) stays available
PASS  AV.4 answering the gate clears the block for exactly the work it protected
PASS  AV.5 independent work is untouched by the gate block
PASS  AV.6 the gate block does not refuse its own remedy: gov gate present HDG-0010
PASS  AV.6 the gate block does not refuse its own remedy: gov gate show HDG-0010
PASS  AV.6 the gate block does not refuse its own remedy: gov gate list
PASS  AV.6 the gate block does not refuse its own remedy: gov task dag
---- L34-presentation-and-blocking.sh: 42 passed, 0 failed
