test memory::claims::tests::concurrent_processes_claiming_one_task_grant_exactly_one ... ok
test contracts::tests::regeneration_is_idempotent_over_the_committed_views ... ok
test contracts::tests::a_semantic_difference_in_the_compiled_form_is_a_typed_failure ... ok
test contracts::tests::a_tree_without_the_owners_sources_defers_and_discloses_and_never_compiles ... ok
test contracts::tests::the_matrix_is_generated_from_the_map_with_the_supplied_run_evidence ... ok
test contracts::tests::governed_evidence_values_survive_regeneration ... ok
test qualification_oracle::tests::semantic_rules_reject_contradictory_or_unanchored_records ... ok
test contracts::tests::a_semantic_difference_in_the_generated_view_is_a_typed_failure ... ok
test contracts::tests::a_semantic_difference_in_the_evidence_map_is_a_typed_failure ... ok
test qualification_oracle::tests::a_record_missing_any_v1_v4_field_is_rejected ... ok
test contracts::tests::an_owner_mutation_is_a_typed_failure has been running for over 60 seconds
test contracts::tests::an_owner_mutation_is_a_typed_failure ... ok

test result: ok. 276 passed; 0 failed; 0 ignored; 0 measured; 0 filtered out; finished in 62.11s

=== CERTIFICATION ===
test ws04r2::checkpoint_and_handoff_continuity ... ok
test ws08_r3::a_binding_authority_is_not_installed_below_floor ... ok
test ws04r3::every_cit_write_is_sealed_and_a_hand_edit_stays_broken ... ok
test ws07::registry_entries_are_honoured_only_as_the_os_wrote_them ... ok
test ws06::embedder_components_are_identified_bound_and_fail_closed_on_change ... ok
test ws08_r2::below_floor_restoration_by_update_still_completes_with_the_g5_post_install_suite ... ok
test ws07::a_registration_is_approved_only_by_a_gate_raised_for_exactly_it ... ok
test ws07::a_tool_installation_is_approved_only_for_that_installation ... ok
test ws08_r3::update_entry_guard_is_scoped_and_snapshots_survive_derived_state_deletion ... ok
test ws07::the_plugin_registry_survives_deleting_the_generated_views_and_moves_only_as_written ... ok
test ws08_r3::t2_facts_written_on_one_owner_machine_are_honoured_on_the_others_and_refused_elsewhere ... ok
test ws07::every_byte_a_plugin_executes_is_bound ... ok

test result: ok. 207 passed; 0 failed; 0 ignored; 0 measured; 0 filtered out; finished in 4901.43s

