=== A2: Authentic root of trust ===

--- A2-b1: Release/source authenticity established before privileged kernel material staged ---
SRR admit() called from init.rs line ~237, adopt.rs line ~637, update.rs line ~234
kernel::install_kernel() takes AuthenticatedRelease type only, never raw paths
ARCH-0003 §6 enforced by Rust type system: install_kernel(auth: &AuthenticatedRelease)

--- A2-b2: Integrity and authenticity treated as separate properties ---
Separation:
  authentic: signed release metadata (this module)
  intact: D-0007 installed-kernel integrity (gov kernel trust) — a separate control that establishes only that a local copy is unmodified
  admissible: the floor check in the one verification policy

--- A2-b3: Init/adopt/update/reinstall/recovery/rollback share a non-circular trust root ---
Posture: UNPROVISIONED
Machine ID: 3bcd28892feaf995eab1
Break glass authority: owner-signed token in protected inbox
Floors: {
  "product": "agentic-engineering-os",
  "metadata_high_water": {},
  "release_high_water": {
    "version": "",
    "sequence": 0
  },
  "minimum_secure": {
    "release": "",
    "sequence": 0,
    "source_metadata_sha256": ""
  },
  "updated_at": "2026-09-18T19:49:48Z",
  "note": "Protected Gov

--- A2-b4: Installed-kernel verification detects post-install tampering ---
{
  "ok": true,
  "command": "kernel",
  "result": {
    "ok": true,
    "modified": [],
    "missing": [],
    "added": [],
    "payload_hash": "e2e7b0cf2e360f60c7dc0ad2c713a654918f0ff3e68465b6faac2d04e15c7f37",
    "version": "4.1.5",
After tampering:
  ok: False
  modified: ['constitution/CONSTITUTION.md']

--- A2-b5: Source-release authentication detects pre-install tampering ---
SRR verifier stages payload privately and measures it before install (staging.rs)

--- A2-b6: Source directory cannot regenerate its own trusted identity ---
framework.lock.kernel_manifest_hash is computed from manifest only; manifest is built during install
A source directory must pass through SRR admit() which stages + measures independently

--- A2-b7: Trusted release identity recorded, not invented, by framework.lock ---
framework: agentic-engineering-os
version: 4.1.5
release_commit: 25dac6efcc4a0d8149d12b619b1776788f34dcaf
release_hash: e2e7b0cf2e360f60c7dc0ad2c713a654918f0ff3e68465b6faac2d04e15c7f37
source: embedded:agentic-engineering-os@4.1.5
installed_at_commit: 65afef6061191f5ddf0959f29e659e7f824d41bd
installed_at: '2026-09-18T19:49:48Z'
kernel_manifest_hash: 3a93cc29327dd36612388e44b0d49e7c61be45d10bc979c674f7b705149c3c82
cli_version: 4.1.5
schema_versions:
  capability-profile: 1.0.0
  checkpoint: 1.0.0
  cit: 1.0.0
  context-packet: 1.0.0
  data-sensitivity: 1.0.0

--- A2-b8: Bootstrap/dev/test trust modes cannot masquerade as certified production ---
Certification status recorded in release manifest; UNPROVISIONED machines have UNKNOWN authenticity
Posture: UNPROVISIONED
Installed release authenticity: UNKNOWN

--- A2-b9: Signing keys/trust anchors support rotation/revocation/recovery ---
SRR metadata module supports root succession with versioned roles and threshold signatures
See: runtime/src/srr/metadata.rs, runtime/src/srr/provision.rs

--- A2-b10: Release verification works offline after authentic envelope ---
All verification is local: hash comparison against manifest + lock; no network call required
SRR verifier: staging.rs reads from local filesystem, crypto.rs uses ed25519 locally
=== A2 Probe Complete ===
