=== A5: Emergency controls ===
--- A5-b1: PAUSE ---
mode: PAUSED
writes_frozen: false
agents_cancelled: false
updated_at: 2026-09-18T19:53:56Z
reason: null
session: S-f659da4356b1
role: orchestrator
After PAUSE: {
  "agents_cancelled": false,
  "mode": "PAUSED",
  "reason": null,
  "role": "orchestrator",
  "session": "S-f659da4356b1",
  "updated_at": "2026-09-18T19:53:56Z",
  "writes_frozen": false
}
status: PAUSED
gate: null
message: execution paused; gov resume after the reason is resolved
agents_cancelled: false
mode: RUNNING
reason: null
role: orchestrator
session: S-c3d48e06d4a6
updated_at: 2026-09-18T19:53:56Z
writes_frozen: false

--- A5-b2: FREEZE_WRITES ---
agents_cancelled: false
mode: RUNNING
reason: null
role: orchestrator
session: S-d1a31828548c
updated_at: 2026-09-18T19:53:56Z
writes_frozen: true
error: the following required arguments were not provided:
  --objective <OBJECTIVE>

Usage: gov task create --objective <OBJECTIVE> --title <TITLE>

agents_cancelled: false
mode: RUNNING
reason: null
role: orchestrator
session: S-8a0ccd4eaca1
updated_at: 2026-09-18T19:53:56Z
writes_frozen: false

--- A5-b3: CANCEL_AGENTS ---
agents_cancelled: true
mode: PAUSED
reason: null
role: orchestrator
session: S-1b11943d370f
updated_at: 2026-09-18T19:53:56Z
writes_frozen: false

--- A5-b4: ROLLBACK_TRANSACTION ---
CIT rollback: crate::cit::rollback() restores from snapshot
Update rollback: gov update --rollback restores kernel, overlay, lock from snapshot

--- A5-b5: Emergency commands are deterministic and authority-gated ---
error [AUTHORITY_DENIED]: role 'research-agent' (L1) may not perform 'emergency_control' (requires L3); AUTHORITY_POLICY.authority_levels_required
role: research-agent
level: L1
required: L3
operation: emergency_control
Research-agent (L1) refused: authority required is L3+

--- A5-b6: Recovery from emergency controls is auditable ---
agents_cancelled: false
mode: RUNNING
reason: null
role: orchestrator
session: S-49c24b6ad175
updated_at: 2026-09-18T19:53:56Z
writes_frozen: false
After RESUME: {
  "agents_cancelled": false,
  "mode": "RUNNING",
  "reason": null,
  "role": "orchestrator",
  "session": "S-49c24b6ad175",
  "updated_at": "2026-09-18T19:53:56Z",
  "writes_frozen": false
}
=== A5 Probe Complete ===
