=== S5: gov update ===
--- S5-b1: check/impact simulation ---
current: 4.1.5
available: 4.1.5
source: /home/usain/.cache/gov/kernels/4.1.5-d87d0e8b5bdf
up_to_date: true
downgrade: false
compatible: true
migration_path: []
migration_path_complete: true
certification: UNCERTIFIED
impact:
  radius: R3
  overlay_changes: []
  index_rebuild: false
  regenerate_adapters: false
  notes: []
  breaking_changes: []
  human_gates: []
  consequences:
  - kernel 4.1.5 → 4.1.5 (0 migration step(s))
  - spec/ and product/ are not touched (INV-013)
  - no index rebuild required
  - 'target release is NOT certified: human approval required'
human_gate_required: true
recommendation: nothing to do
release_trust:
  surface: update --check
  below_floor: false
  marking: null
  presented_as: CURRENT
  section_6_bullet: 7
  basis: 'OWNER-DECISION-0006 §6 bullet 7 was asked at crate::srr::present::presentation and cleared: this machine carries no `DEGRADED — RECOVERY ONLY` marking. This states the machine''s break-glass posture only; it is not a currency claim about the wider release channel, which `gov trust status` reports as UNKNOWN between ingresses.'

--- S5-b2: authenticated source ---
update.rs uses crate::srr::admit() for authenticated admission (line 234)
install_kernel requires AuthenticatedRelease type

--- S5-b3: compatibility/migration ---
update.rs checks compatible flag and migration_path_complete
Unsupported path returns UPDATE_UNSUPPORTED error

--- S5-b4: preserve project overlay ---
update.rs: overlay hash before/after comparison (line 278)
OVERLAY_CLOBBERED error if overlay changed without declaring migration
INV-013 enforced

--- S5-b5: regenerate adapters/views ---
update.rs: tools::generate_registry and adapters::generate called (lines 293-294)

--- S5-b6: rebuild affected indexes ---
update.rs: memory::indexer::rebuild if index_rebuild flagged (lines 295-308)

--- S5-b7: verify ---
update.rs: doctor + audit suite run after migration (lines 309-349)
Critical findings cause VERIFICATION_FAILED and automatic rollback

--- S5-b8: rollback ---
update.rs: rollback function (line 402) restores from snapshot
Rollback via SRR admit for floor enforcement (line 471-476)
On failure: automatic rollback (lines 374-394)

--- S5-b9: ledger/provenance ---
update.rs: framework-updates.jsonl ledger (lines 359-363, 518-526)
Records: version, time, session, role, authority, migrations, lock state
=== S5 Complete ===
