=== O3: Independent test authorship ===
--- TEST_POLICY.independent_test_author_required_for ---
independent_test_author_required_for: [acceptance, scenario, system]

--- product_traceability family checks independent_of_implementer ---
781:                            .get("independent_of_implementer")

=== O4: Governance suite currency ===
--- O4 bullet 1: green_record_currency = inputs_hash ---
green_record_currency: inputs_hash            # a green result is stale when its inputs hash changes

--- O4 implementation: inputs_hash used to mark stale ---
54:pub fn inputs_hash(p: &Project) -> String {
927:    let ih = inputs_hash(p);
936:            json!({"scope": "governance-suite", "auditor_role": p.role, "session": p.session_id, "families": families, "findings": findings, "verdict": verdict, "inputs_hash": ih, "result_hash": h1, "green": green, "state_class": "EVIDENCE", "run_at": now_iso(), "deep": opts.deep}),
951:        json!({"audit": id, "verdict": verdict, "green": green, "families": families, "findings": findings, "inputs_hash": ih, "result_hash": h1, "reproducible": reproducible, "counts": {"critical": findings.iter().filter(|x| x["severity"] == "critical").count(), "high": findings.iter().filter(|x| x["severity"] == "high").count(), "medium": findings.iter().filter(|x| x["severity"] == "medium").count(), "low": findings.iter().filter(|x| x["severity"] == "low").count()}}),

--- O4 bullet 2: task_close_requires_tests_status ---
task_close_requires_tests_status: [passed, not_applicable_with_reason]

--- D021 doctor check: governance suite green and current ---
{
  "id": "D021",
  "name": "governance suite green and current",
  "ok": true,
  "severity": "info",
  "message": "green record \"AUD-0001\" current",
  "remediation": "gov audit"
}

=== O4 staleness probe: mutate an input and check currency ===
[main 1ea4cf8] mutate project policy
 1 file changed, 1 insertion(+)
D021 after mutation: {
  "id": "D021",
  "name": "governance suite green and current",
  "ok": false,
  "severity": "medium",
  "message": "green record \"AUD-0001\" is obsolete (inputs changed)",
  "remediation": "gov audit"
}
[main 918bae2] Revert "mutate project policy"
 Date: Fri Sep 18 20:52:24 2026 +0100
 1 file changed, 1 deletion(-)
