# family alpha-r  clone HEAD 11d051eb7ef7431acd8edd9178bb46011064a0a4  gov sha256 3271ce0e4e095561911e0d03d8641aa92fbeda39ef3c8a2ecb2a9f21cacbe81d  start 2026-09-18T21:42:59Z
A1-policy-precedence exit=0 2s
A2-01-unprovisioned-posture exit=0 1s
A2-02-provisioned-ingress exit=0 3s
A2-03-post-install-tamper exit=0 0s
A2-04-lock-identity-and-masquerade exit=0 2s
A2-05-rotation-revocation-recovery exit=0 3s
A2-06-offline-verification exit=0 0s
A2-07-interrupted-install exit=0 1s
A2-08-reinstall-version-change exit=0 0s
A3-security-sensitivity exit=0 2s
A4-budget-governance exit=0 3s
A5-emergency-controls exit=0 2s
B-repository-contract exit=0 2s
C0-contract-derived-views exit=0 0s
FRESH-invalidation exit=0 7s
S1-S2-release exit=0 0s
S3-S4-role-flag-authority exit=0 2s
S3-init exit=0 1s
S4-T2-B2-negative exit=0 5s
S4-adopt-end-to-end exit=0 3s
S5-update exit=0 4s
S6-cross-machine exit=0 3s
T1-roles exit=0 4s
S4-raw exit=0
A2-00 exit=0
# family alpha-r end 2026-09-18T21:43:50Z
