# family beta-r  clone HEAD 11d051eb7ef7431acd8edd9178bb46011064a0a4  gov sha256 3271ce0e4e095561911e0d03d8641aa92fbeda39ef3c8a2ecb2a9f21cacbe81d  start 2026-09-18T21:42:59Z
C1-deterministic-structured-memory: 18 pass / 0 fail
C2-relationship-graph: 7 pass / 3 fail
C3-semantic-memory: 11 pass / 3 fail
C4-lexical-memory: 21 pass / 13 fail
C5-code-structural-memory: 7 pass / 4 fail
C6-temporal-memory: 5 pass / 1 fail
C7-episodic-memory: 6 pass / 1 fail
C8-failure-memory: 6 pass / 2 fail
C9-context-packet: 8 pass / 2 fail
C10-capability-memory: 6 pass / 4 fail
D1-incremental-freshness: 8 pass / 3 fail
D2-retrieval-router: 5 pass / 4 fail
D3-hierarchical-retrieval: 4 pass / 1 fail
D4-component-separation: 9 pass / 2 fail
D5-model-selection: 7 pass / 4 fail
D6-rebuild-guarantee: 6 pass / 2 fail
R1-R2-legacy-and-chat-retirement: 8 pass / 5 fail
R3-archive-policy: 3 pass / 1 fail
X-K2-D1-W6-interactions: 3 pass / 2 fail
FRESH-evidence-invalidation: 2 pass / 3 fail
DERIVED-views-reconciliation: 0 pass / 2 fail
SCALE-retrieval-latency: 0 pass / 0 fail
# family beta-r end 2026-09-18T21:44:21Z
