# rustfmt --edition 2021 --check on every Rust file this run changed (leaf files; cit/mod.rs covers its child modules binding/materiality/propagation), at bda16a23dbcc316b69c7efc782d4181ec18faf60
clean runtime/src/checkpoints.rs
clean runtime/src/cit/mod.rs
clean runtime/src/context/manifest.rs
clean runtime/src/context/receipt.rs
clean runtime/src/graph/identity.rs
clean runtime/src/graph/lineage.rs
clean runtime/src/orchestration/handoffs.rs
clean runtime/src/records.rs
clean tests/certification/ws04r3.rs
# runtime/src/lib.rs: one-line constant change (INDEX_VERSION); its own line is formatted (the file's module tree is not re-formatted here: srr/breakglass.rs, outside this run, carries a pre-existing rustfmt diff)
diff --git a/runtime/src/lib.rs b/runtime/src/lib.rs
index d97e226..fc8c853 100644
--- a/runtime/src/lib.rs
+++ b/runtime/src/lib.rs
@@ -61,7 +61,7 @@ pub const FRAMEWORK_NAME: &str = "agentic-engineering-os";
 pub const VERSION: &str = "4.1.5";
 pub const CLI_VERSION: &str = "4.1.5";
 pub const RUNTIME_VERSION: &str = "4.1.5";
-pub const INDEX_VERSION: &str = "4.1.5-idx4";
+pub const INDEX_VERSION: &str = "4.1.5-idx5";
 pub const RUNTIME_DIR: &str = ".governance-runtime";
 
 pub use error::{GovError, Result};
# tests/certification/main.rs: one added line
diff --git a/tests/certification/main.rs b/tests/certification/main.rs
index 0c8fe7a..f57c9ec 100644
--- a/tests/certification/main.rs
+++ b/tests/certification/main.rs
@@ -19,6 +19,7 @@ mod update;
 mod upstream;
 mod ws03;
 mod ws04r2;
+mod ws04r3;
 mod ws05;
 mod ws06;
 mod ws07;
# warnings: cargo build 0, cargo test --no-run 0
# product diff vs base 53897c1:
 framework/policies/CHANGE_POLICY.yaml |   6 +
 framework/schemas/cit.schema.json     |  22 +-
 framework/schemas/record.schema.json  |  46 +-
 runtime/src/checkpoints.rs            |  17 +-
 runtime/src/cit/binding.rs            | 295 ++++++++++++-
 runtime/src/cit/materiality.rs        | 124 +++++-
 runtime/src/cit/mod.rs                | 504 ++++++++++++++++++++--
 runtime/src/cit/propagation.rs        |  58 ++-
 runtime/src/context/manifest.rs       | 132 ++++++
 runtime/src/context/receipt.rs        |  78 +++-
 runtime/src/graph/identity.rs         |  80 ++++
 runtime/src/graph/lineage.rs          |  37 +-
 runtime/src/lib.rs                    |   2 +-
 runtime/src/orchestration/handoffs.rs |  68 ++-
 runtime/src/records.rs                |  14 +
 tests/certification/main.rs           |   1 +
 tests/certification/ws04r3.rs         | 781 ++++++++++++++++++++++++++++++++++
 17 files changed, 2154 insertions(+), 111 deletions(-)
