# P2-AR-0039 identity and scope
commit: 53897c1a44157e5af81b176017bc7ded6a63b9cd
product_code_digest: 797da37c8532528e1b8f3d924e2b7b7a304bb567bd928ce80126e8e120161fe1
governed_state_digest: 8f191e3906850368eb82bc886d5a095a788469103ed7318a9236462464ae948f

commit: f9daec126c263129a34208ac8bc6ce6b5bb21994
product_code_digest: 7a3da864a51b94cae96c914a55b6c10bc2c756b8edd5750a2f1c104d77fbf757
governed_state_digest: 8f191e3906850368eb82bc886d5a095a788469103ed7318a9236462464ae948f

# Contract v3 source sha256: 4c2df29115c8d5389034b2e2d817772add80d61678807c23e0d520c937cb5ed3
# release binary target/release/gov (built at f9daec1) sha256: 9788aa803bc34fd32cc946d9e7cd6d9c122d662146a1af84768c24a645bb51e2
# files changed 53897c1..f9daec1:
 Cargo.lock                           |    4 +-
 Cargo.toml                           |    2 +-
 cli/src/main.rs                      |   13 +
 framework/KERNEL.yaml                |   61 ++-
 runtime/src/kernel.rs                |  137 +++++
 runtime/src/lib.rs                   |    8 +-
 runtime/src/orchestration/control.rs |    2 +
 runtime/src/release.rs               |  256 ++++++++-
 runtime/src/srr/binding.rs           |  741 +++++++++++++++++++++++++
 runtime/src/srr/mod.rs               |    4 +
 runtime/src/update.rs                |  155 +++++-
 tests/certification/common.rs        |  318 ++++++++++-
 tests/certification/main.rs          |    1 +
 tests/certification/repair3.rs       |  152 +++++-
 tests/certification/srr.rs           |    7 +-
 tests/certification/srr_material.rs  |   31 ++
 tests/certification/update.rs        |    2 +-
 tests/certification/ws08.rs          |   17 +-
 tests/certification/ws08_r3.rs       | 1001 ++++++++++++++++++++++++++++++++++
 19 files changed, 2846 insertions(+), 66 deletions(-)
# files changed under protected paths (release/verification, release/root-of-trust, release/releases, release/orchestration/phase-1, audit-0, other repair-1 dirs) — expect none:
  (end)
# R1-sensitive srr files byte-identical to base (verifier, breakglass, state, metadata, crypto, provision, staging, installation, present, plugins):
  runtime/src/srr/verifier.rs: identical
  runtime/src/srr/breakglass.rs: identical
  runtime/src/srr/state.rs: identical
  runtime/src/srr/metadata.rs: identical
  runtime/src/srr/crypto.rs: identical
  runtime/src/srr/provision.rs: identical
  runtime/src/srr/staging.rs: identical
  runtime/src/srr/installation.rs: identical
  runtime/src/srr/present.rs: identical
  runtime/src/srr/plugins.rs: identical
# kernel_trust.rs, lock.rs, init.rs, recovery.rs, records.rs, tools.rs, capabilities/:
  runtime/src/kernel_trust.rs: identical
  runtime/src/lock.rs: identical
  runtime/src/init.rs: identical
  runtime/src/recovery.rs: identical
  runtime/src/records.rs: identical
  runtime/src/tools.rs: identical
  runtime/src/capabilities: identical
