# P2-AR-0051 — pinned input verification (verification iteration 1, family zeta)
# run at 2026-09-20T21:59:23Z

$ git rev-parse --abbrev-ref HEAD
phase2/verify-1-zeta

$ git rev-parse HEAD
8588813ec1ef9c832879e258ca5acfb573ae996f

$ git rev-list -n1 cap2-candidate-1
0bad524d836f179964ffbac31972856ea6434682

$ git merge-base --is-ancestor 0bad524d836f179964ffbac31972856ea6434682 HEAD; echo $?
exit=0

$ python3 release/orchestration/phase-2/tools/product_identity.py HEAD
commit: 8588813ec1ef9c832879e258ca5acfb573ae996f
product_code_digest: e6332fc7d5af5c73adbe0f200003db30fe5a6fd0b7f24d047d3e340e6f972220
governed_state_digest: 3d2aeba2fc3b52a95c369c49a854bb9d443b0b03da1180db5339f01d892620c0

$ python3 release/orchestration/phase-2/tools/product_identity.py cap2-candidate-1
commit: f75eb7dbeb9eae311d0a159ebf2845f135093adb
product_code_digest: e6332fc7d5af5c73adbe0f200003db30fe5a6fd0b7f24d047d3e340e6f972220
governed_state_digest: 3d2aeba2fc3b52a95c369c49a854bb9d443b0b03da1180db5339f01d892620c0

# expected (dispatch + ORCHESTRATOR_STATE.yaml):
#   commit                0bad524d836f179964ffbac31972856ea6434682
#   product_code_digest   e6332fc7d5af5c73adbe0f200003db30fe5a6fd0b7f24d047d3e340e6f972220
#   governed_state_digest 3d2aeba2fc3b52a95c369c49a854bb9d443b0b03da1180db5339f01d892620c0

$ sha256sum (owner source, frozen gate contract, governing documents)
4c2df29115c8d5389034b2e2d817772add80d61678807c23e0d520c937cb5ed3  Governance_OS_Capability_Acceptance_Contract_v3.md
d2f33e89d5459dd809e17271e46854cc886ed958ca63f89765e16d6a26a9f25e  release/orchestration/phase-2/GATES/PHASE-2-FROZEN-GATE-CONTRACT.md
66bfd86fca1f587000ce2e5c559653cd3d837121e62db5c60dea3b90946af8ca  DYNAMIC_AGENTIC_SOFTWARE_ENGINEERING_OPERATING_FRAMEWORK_v4.1.2.md
de908bc282c78e8c60ea697355a44ef7c3de808c7f3fe2b194ffae35d09c62c5  GOVERNANCE_OS_ADOPTION_MIGRATION_AND_INDEPENDENT_AUDIT_PROTOCOL_v3.0.md
4fee2e00359cd2e1cee5e506d9e982fb020e2bb32c2b4c71091b417b20530efc  GOVERNANCE_OS_RELEASE_DISTRIBUTION_ADOPTION_AND_UPSTREAM_LEARNING_PROTOCOL_v1.2.md

# expected: Contract v3 4c2df29115c8d5389034b2e2d817772add80d61678807c23e0d520c937cb5ed3
#           frozen gate contract d2f33e89d5459dd809e17271e46854cc886ed958ca63f89765e16d6a26a9f25e

$ sha256sum target/release/gov   (the binary every probe drove)
2b4766dd07f61d9f83adc99bc41ddb7b9107efc3aa6a86eb17bb85051606a0d0  target/release/gov

$ ./target/release/gov --json version
{
  "ok": true,
  "command": "version",
  "result": {
    "framework": "agentic-engineering-os",
    "version": "4.1.6",
    "cli_version": "4.1.6",
    "runtime_version": "4.1.6",
    "index_version": "4.1.5-idx5"
  },
  "session": "",
  "release_trust": {
    "surface": "version",
    "below_floor": false,
    "marking": null,
    "presented_as": "CURRENT",
    "section_6_bullet": 7,
    "basis": "OWNER-DECISION-0006 §6 bullet 7 was asked at crate::srr::present::presentation and cleared: this machine carries no `DEGRADED — RECOVERY ONLY` marking. This states the machine's break-glass posture only; it is not a currency claim about the wider release channel, which `gov trust status` reports as UNKNOWN between ingresses."
  }
}

# Gate W bullet count in the owner source (Contract v3:1066-1194):
86

# note: `product_identity.py cap2-candidate-1` prints f75eb7db… because cap2-candidate-1 is an
# ANNOTATED tag and the tool echoes the ref it was given; the tag object dereferences to the
# candidate commit and both digests match the dispatch exactly:
$ git cat-file -t cap2-candidate-1
tag
$ git rev-parse cap2-candidate-1
f75eb7dbeb9eae311d0a159ebf2845f135093adb
$ git rev-parse cap2-candidate-1^{commit}
0bad524d836f179964ffbac31972856ea6434682
# -> 0bad524d836f179964ffbac31972856ea6434682 = the candidate commit. No mismatch; no STOP.
