# tests/governance/capability-evidence-map.yaml — Gate W rows (P2-AR-0051)
# source_sha256: 4c2df29115c8d5389034b2e2d817772add80d61678807c23e0d520c937cb5ed3
W1   bullets=9 evidence_class=['unit/integration/system test', 'governance health check', 'independent audit evidence'] severity=None challenge_ids=[] tiers=['G1', 'G2', 'G4', 'G5', 'G6'] no_automated_check=[]
W2   bullets=8 evidence_class=['unit/integration/system test', 'governance health check', 'independent audit evidence'] severity=None challenge_ids=[] tiers=['G1', 'G2', 'G4', 'G5', 'G6'] no_automated_check=['W2.5']
W3   bullets=9 evidence_class=['unit/integration/system test', 'governance health check', 'independent audit evidence'] severity=None challenge_ids=[] tiers=['G4', 'G5', 'G6'] no_automated_check=[]
W4   bullets=6 evidence_class=['unit/integration/system test', 'governance health check', 'independent audit evidence'] severity=None challenge_ids=[] tiers=['G4', 'G5', 'G6'] no_automated_check=['W4.3']
W5   bullets=9 evidence_class=['unit/integration/system test', 'governance health check', 'independent audit evidence'] severity=None challenge_ids=[] tiers=['G2', 'G4', 'G5', 'G6'] no_automated_check=[]
W6   bullets=7 evidence_class=['unit/integration/system test', 'governance health check', 'independent audit evidence'] severity=None challenge_ids=[] tiers=['G1', 'G2', 'G3', 'G4', 'G5', 'G6'] no_automated_check=[]
W7   bullets=6 evidence_class=['unit/integration/system test', 'governance health check', 'independent audit evidence'] severity=None challenge_ids=[] tiers=['G4', 'G5', 'G6'] no_automated_check=[]
W8   bullets=5 evidence_class=['unit/integration/system test', 'governance health check', 'independent audit evidence'] severity=None challenge_ids=[] tiers=['G1', 'G2', 'G4', 'G5', 'G6'] no_automated_check=['W8.5']
W9   bullets=6 evidence_class=['unit/integration/system test', 'governance health check', 'independent audit evidence'] severity=None challenge_ids=[] tiers=['G3', 'G4', 'G5', 'G6'] no_automated_check=['W9.3', 'W9.4', 'W9.5']
W10  bullets=5 evidence_class=['unit/integration/system test', 'governance health check', 'independent audit evidence'] severity=None challenge_ids=[] tiers=['G4', 'G5', 'G6'] no_automated_check=['W10.3', 'W10.4']
W11  bullets=9 evidence_class=['governance health check', 'independent audit evidence'] severity=None challenge_ids=[] tiers=['G1', 'G3', 'G4', 'G5', 'G6'] no_automated_check=[]
W12  bullets=7 evidence_class=['automated invariant/guard', 'unit/integration/system test', 'governance health check', 'independent audit evidence'] severity=None challenge_ids=['AQC-W12'] tiers=['G0', 'G1', 'G2', 'G3', 'G4', 'G5', 'G6'] no_automated_check=['W12.7']

TOTAL Gate-W bullets in the map: 86 (owner source has 86)
Bullets with automated_checks: []  -> 9
   W2     W2.5   Lessons cannot silently become authoritative policy.
   W4     W4.3   Required inputs cannot be displaced by context-ranking/token pressure without an explicit governed failure/degradation.
   W8     W8.5   cross-language/cross-repository relationships where in scope
   W9     W9.3   Model/provider switch reconstructs the same authoritative task inputs.
   W9     W9.4   Fresh agent reconstructs mandatory inputs without prior chat.
   W9     W9.5   Compaction cannot silently remove mandatory project state.
   W10    W10.3  token pressure drops supplementary context before mandatory authoritative inputs
   W10    W10.4  retrieval/index outage does not erase deterministic required dependencies
   W12    W12.7  G6 injects hidden artifact-flow failures in sophisticated qualification.

capabilities (all 101) with a populated `severity`: 0
