# P2-AR-0051 — certification suite (regression evidence, Contract v3 O3)
#
# `cargo test --lib`          -> 276 passed, 0 failed  (evidence/cargo-lib.out)
# `cargo test --test certification` -> 207 passed, 0 failed (below)
#
# Both were run by P2-AR-0051 in its own worktree on cap2-candidate-1, with CARGO_BUILD_JOBS=2.
# History, for the record: the certification run was started, stopped by this run (SIGTERM,
# 42 tests) to free CPU for the held-out suite — this family's primary evidence, competing
# against six parallel verifier worktrees — and restarted once the held-out suite finished.
# It had reached 132 tests with 0 failures when the evidence commit 9154320 was made, and was
# left running; it then completed green. This file was updated with the completed result in a
# follow-up commit, and the run report was updated to name that commit.
#
# AC-15 (regression green on the candidate) is the synthesis verifier's criterion, not this
# family's; no zeta finding or capability status rests on it. Recorded here as independent
# reproduction of the regression state.

$ cargo test --test certification   (tail)
test ws07::a_cached_pin_never_approves_changed_bytes ... ok
test ws07::declared_model_and_runtime_artefacts_are_part_of_what_the_owner_approves ... ok
test ws08_r2::an_update_over_a_defect_the_full_suite_detects_is_refused_and_rolled_back ... ok
test ws08_r3::t2_facts_written_on_one_owner_machine_are_honoured_on_the_others_and_refused_elsewhere has been running for over 60 seconds
test ws08_r3::update_entry_guard_is_scoped_and_snapshots_survive_derived_state_deletion has been running for over 60 seconds
test ws08_r3::a_binding_authority_is_not_installed_below_floor ... ok
test ws04r3::every_cit_write_is_sealed_and_a_hand_edit_stays_broken ... ok
test ws06::embedder_components_are_identified_bound_and_fail_closed_on_change ... ok
test ws07::registry_entries_are_honoured_only_as_the_os_wrote_them ... ok
test ws04r2::checkpoint_and_handoff_continuity ... ok
test ws08_r2::below_floor_restoration_by_update_still_completes_with_the_g5_post_install_suite ... ok
test ws07::a_registration_is_approved_only_by_a_gate_raised_for_exactly_it ... ok
test ws07::a_tool_installation_is_approved_only_for_that_installation ... ok
test ws08_r3::t2_facts_written_on_one_owner_machine_are_honoured_on_the_others_and_refused_elsewhere ... ok
test ws08_r3::update_entry_guard_is_scoped_and_snapshots_survive_derived_state_deletion ... ok
test ws07::the_plugin_registry_survives_deleting_the_generated_views_and_moves_only_as_written ... ok
test ws07::every_byte_a_plugin_executes_is_bound ... ok

test result: ok. 207 passed; 0 failed; 0 ignored; 0 measured; 0 filtered out; finished in 2598.63s

