
=== baseline D021
exit=0 [true, "green record \"AUD-0001\" current"]

=== A. invalidation matrix — one input class changed per clone; is the prior green record judged obsolete?
policy: PROJECT_POLICY override (governing policy)             exit=0 [false, "green record \"AUD-0001\" is obsolete (inputs changed)"]
model/retrieval profile: MEMORY_POLICY.embedding via overlay   exit=3 [false, "green record \"AUD-0001\" is obsolete (inputs changed)"]
project path map: REPOSITORY_CONTRACT.yaml                     exit=0 [false, "green record \"AUD-0001\" is obsolete (inputs changed)"]
security/sensitivity: DATA_SENSITIVITY.yaml                    exit=0 [false, "green record \"AUD-0001\" is obsolete (inputs changed)"]
authoritative decision: spec/decisions/D-0001.yaml added       exit=0 [false, "green record \"AUD-0001\" is obsolete (inputs changed)"]
governance tests: held-out retrieval set                       exit=0 [false, "green record \"AUD-0001\" is obsolete (inputs changed)"]
kernel payload / schema / migration (kernel file)              exit=3 [false, "green record \"AUD-0001\" is obsolete (inputs changed)"]
tool/plugin: project plugin descriptor                         exit=3 [false, "green record \"AUD-0001\" is obsolete (inputs changed)"]
tool/plugin: generated tool registry                           exit=0 [true, "green record \"AUD-0001\" current"]
authoritative spec: spec/architecture/ARCH-0001.yaml added     exit=0 [true, "green record \"AUD-0001\" current"]
authoritative spec: spec/requirements/REQ-0001.yaml added      exit=0 [true, "green record \"AUD-0001\" current"]
authoritative spec: spec/interfaces/API-0001.yaml added        exit=0 [true, "green record \"AUD-0001\" current"]
relevant source files: src/lib.rs                              exit=0 [true, "green record \"AUD-0001\" current"]
relevant index manifest: governance/generated/index-manifest   exit=0 [true, "green record \"AUD-0001\" current"]
# runtime/CLI binary: not varied (one candidate binary). The inputs hash is computed only over governance/kernel,
# governance/project, governance/tests, spec/decisions, governance/framework.lock (runtime/src/verification/mod.rs:54-71);
# the audit record stores no CLI/runtime version:
['auditor_role', 'created', 'deep', 'green', 'id', 'inputs_hash', 'result_hash', 'run_at', 'scope', 'session', 'state_class', 'status', 'title', 'type', 'verdict']

=== B. consequence: an uncovered input breaks the suite, yet the old green is still 'current'
audit now: exit=3 {"findings": [["graph_integrity", "high", "task DAG has cycles: [[\"TASK-0801\", \"TASK-0802\"]]"], ["context_reproducibility", "low", "context packet lacks retrieved field 'semantic_candidates' (CONTEXT_POLICY.retrieved_fields)"]], "ok": false, "verdict": "UNHEALTHY"}
D021     : exit=0 [true, "green record \"AUD-0001\" current"]

=== C. governance-affecting task cannot close on a stale green (decision changed after the last green audit)
task: TASK-0001
D021 after fresh green: exit=0 [true, "green record \"AUD-0002\" current"]
exit=0 true
close on stale green: exit=1 [false, "GOVERNANCE_SUITE_STALE", "task touches governance paths but the last green governance record is obsolete; run `gov audit` first"]
gov audit (full suite): exit=0 {"findings": [["context_reproducibility", "low", "context packet lacks retrieved field 'semantic_candidates' (CONTEXT_POLICY.retrieved_fields)"]], "ok": true, "verdict": "HEALTHY"}
close after re-audit: exit=0 [true, "DONE"]

=== D. the currency gate keys on paths: a class=governance task that changes spec/architecture closes on a stale green
task: TASK-0001
D021 (made stale by a policy change): exit=0 [false, "green record \"AUD-0001\" is obsolete (inputs changed)"]
exit=0 true
close: exit=0 [true, "DONE", []]

=== E. --force by an L3+ role closes a governance task on a stale green, recorded as degraded
exit=0 true
close --force: exit=0 [true, "DONE", ["governance suite stale"]]

=== F. AC-16 O4<->W6: an upstream authoritative change after a task is DONE leaves its evidence green
task: TASK-0001
exit=0 true
close: exit=0 [true, "DONE"]
# upstream change: REQ-0001 acceptance criterion changed and superseding requirement semantics
exit=0 {"retest_required": null, "staleness": null, "task_status": "DONE"}
exit=0 {"blocked": [], "done": ["TASK-0001"], "runnable": []}
D021  : exit=0 [true, "green record \"AUD-0002\" current"]
doctor: exit=0 {"failed": [], "ok": true, "verdict": "HEALTHY"}
audit : exit=0 {"findings": [["context_reproducibility", "low", "context packet lacks retrieved field 'semantic_candidates' (CONTEXT_POLICY.retrieved_fields)"]], "ok": true, "verdict": "HEALTHY"}
