written_from[0] OK
written_from[1] OK
written_from[2] OK
written_from[3] OK
written_from[4] OK
written_from[5] OK
written_from[6] OK
written_from[7] OK
written_from[8] OK
written_from[9] OK
written_from[10] OK
written_from[11] OK
written_from[12] OK
written_from[13] OK
written_from[14] OK
written_from[15] OK
written_from[16] OK
written_from[17] OK
written_from[18] OK
written_from[19] OK
written_from[20] OK
written_from[21] OK
written_from[22] OK
written_from[23] OK
written_from[24] OK
written_from[25] OK
written_from[26] OK
written_from[27] OK
written_from[28] OK
written_from[29] OK
written_from[30] OK
written_from[31] OK
written_from[32] OK
written_from[33] OK
written_from[34] OK
written_from[35] OK
written_from[36] OK
written_from[37] OK
written_from[38] OK
written_from[39] OK
written_from[40] OK
written_from[41] OK
written_from[42] OK
written_from[43] OK
written_from[44] OK
written_from[45] OK
written_from[46] OK
written_from[47] OK
written_from[48] OK
written_from[49] OK
written_from[50] OK
written_from[51] OK
written_from[52] OK
written_from[53] OK
written_from[54] OK
written_from[55] OK
written_from[56] OK
written_from[57] OK
written_from[58] OK
written_from[59] OK
written_from[60] OK
written_from[61] OK
written_from[62] OK
written_from[63] OK
written_from[64] OK
chains[0].stages[0].anchors.any_of[0] OK
chains[0].stages[0].anchors.any_of[1] OK
chains[0].stages[0].anchors.any_of[2] OK
chains[0].stages[0].anchors.any_of[3] OK
chains[0].stages[0].anchors.any_of[4] OK
chains[0].stages[0].anchors.any_of[5] OK
chains[0].stages[0].anchors.any_of[6] OK
chains[0].stages[0].anchors.any_of[7] OK
chains[0].stages[0].anchors.any_of[8] OK
chains[0].stages[1].anchors.any_of[0] OK
chains[0].stages[1].anchors.any_of[1] OK
chains[0].stages[2].anchors.any_of[0] OK
chains[0].stages[2].anchors.any_of[1] OK
chains[0].stages[2].anchors.any_of[2] OK
chains[0].stages[3].anchors.any_of[0] OK
chains[0].stages[3].anchors.any_of[1] OK
chains[0].stages[3].anchors.any_of[2] OK
chains[0].stages[3].anchors.any_of[3] OK
chains[0].stages[3].anchors.any_of[4] OK
chains[0].stages[4].anchors.any_of[0] OK
chains[0].stages[4].anchors.any_of[1] OK
chains[0].stages[5].anchors.any_of[0] OK
chains[0].stages[5].anchors.any_of[1] OK
chains[0].stages[5].anchors.any_of[2] OK
chains[0].stages[6].anchors.any_of[0] OK
chains[0].stages[6].anchors.any_of[1] OK
chains[0].stages[6].traps[0] OK
chains[0].stages[6].traps[1] OK
chains[0].stages[6].traps[2] OK
chains[0].stages[6].traps[3] OK
chains[0].stages[6].traps[4] OK
chains[0].stages[6].traps[5] OK
chains[0].stages[7].anchors.any_of[0] OK
chains[0].stages[7].anchors.any_of[1] OK
chains[0].stages[7].anchors.any_of[2] OK
chains[0].stages[7].anchors.any_of[3] OK
chains[0].stages[7].anchors.any_of[4] OK
chains[0].stages[8].anchors.any_of[0] OK
chains[0].stages[8].anchors.any_of[1] OK
chains[0].stages[8].anchors.any_of[2] OK
chains[0].stages[8].anchors.any_of[3] OK
chains[0].stages[8].anchors.any_of[4] OK
chains[0].stages[9].anchors.any_of[0] OK
chains[0].stages[9].anchors.any_of[1] OK
chains[0].stages[9].anchors.any_of[2] OK
chains[0].stages[9].anchors.any_of[3] OK
chains[0].stages[9].anchors.any_of[4] OK
chains[0].stages[9].anchors.any_of[5] OK
chains[0].stages[9].anchors.any_of[6] OK
chains[0].stages[10].anchors.any_of[0] OK
chains[0].stages[10].anchors.any_of[1] OK
chains[0].stages[10].anchors.any_of[2] OK
chains[0].stages[10].anchors.any_of[3] OK
chains[0].stages[10].anchors.any_of[4] OK
chains[0].stages[10].anchors.any_of[5] OK
chains[0].stages[10].anchors.any_of[6] OK
chains[0].stages[10].anchors.any_of[7] OK
chains[0].stages[10].anchors.any_of[8] OK
chains[0].stages[10].anchors.any_of[9] OK
chains[0].acceptable_alternative_enforcement_points[0] OK
chains[0].effective_behaviour.evidence OK
chains[1].stages[0].anchors.any_of[0] OK
chains[1].stages[0].anchors.any_of[1] OK
chains[1].stages[0].anchors.any_of[2] OK
chains[1].stages[0].anchors.any_of[3] OK
chains[1].stages[0].anchors.any_of[4] OK
chains[1].stages[0].anchors.any_of[5] OK
chains[1].stages[0].anchors.any_of[6] OK
chains[1].stages[0].anchors.any_of[7] OK
chains[1].stages[0].anchors.any_of[8] OK
chains[1].stages[0].anchors.any_of[9] OK
chains[1].stages[1].anchors.any_of[0] OK
chains[1].stages[1].anchors.any_of[1] OK
chains[1].stages[1].anchors.any_of[2] OK
chains[1].stages[1].anchors.any_of[3] OK
chains[1].stages[1].anchors.any_of[4] OK
chains[1].stages[1].anchors.any_of[5] OK
chains[1].stages[1].anchors.any_of[6] OK
chains[1].stages[2].anchors.any_of[0] OK
chains[1].stages[2].anchors.any_of[1] OK
chains[1].stages[2].anchors.any_of[2] OK
chains[1].stages[2].anchors.any_of[3] OK
chains[1].stages[2].anchors.any_of[4] OK
chains[1].stages[2].anchors.any_of[5] OK
chains[1].stages[3].anchors.any_of[0] OK
chains[1].stages[3].anchors.any_of[1] OK
chains[1].stages[3].anchors.any_of[2] OK
chains[1].stages[3].anchors.any_of[3] OK
chains[1].stages[3].anchors.any_of[4] OK
chains[1].stages[3].anchors.any_of[5] OK
chains[1].stages[4].anchors.any_of[0] OK
chains[1].stages[4].anchors.any_of[1] OK
chains[1].stages[4].anchors.any_of[2] OK
chains[1].stages[4].anchors.any_of[3] OK
chains[1].stages[4].anchors.any_of[4] OK
chains[1].stages[5].anchors.any_of[0] OK
chains[1].stages[5].anchors.any_of[1] OK
chains[1].stages[5].anchors.any_of[2] OK
chains[1].stages[6].anchors.any_of[0] OK
chains[1].stages[6].anchors.any_of[1] OK
chains[1].stages[6].traps[0] OK
chains[1].stages[6].traps[1] OK
chains[1].stages[6].traps[2] OK
chains[1].stages[6].traps[3] OK
chains[1].stages[6].traps[4] OK
chains[1].stages[7].anchors.any_of[0] OK
chains[1].stages[7].anchors.any_of[1] OK
chains[1].stages[7].anchors.any_of[2] OK
chains[1].stages[7].anchors.any_of[3] OK
chains[1].stages[7].anchors.any_of[4] OK
chains[1].stages[8].anchors.any_of[0] OK
chains[1].stages[8].anchors.any_of[1] OK
chains[1].stages[8].anchors.any_of[2] OK
chains[1].stages[8].anchors.any_of[3] OK
chains[1].stages[9].anchors.any_of[0] OK
chains[1].stages[9].anchors.any_of[1] OK
chains[1].stages[9].anchors.any_of[2] OK
chains[1].stages[9].anchors.any_of[3] OK
chains[1].stages[9].anchors.any_of[4] OK
chains[1].stages[9].anchors.any_of[5] OK
chains[1].stages[9].anchors.any_of[6] OK
chains[1].stages[9].anchors.any_of[7] OK
chains[1].stages[9].anchors.any_of[8] OK
chains[1].stages[9].anchors.any_of[9] OK
chains[1].stages[9].anchors.any_of[10] OK
chains[1].stages[10].anchors.any_of[0] OK
chains[1].stages[10].anchors.any_of[1] OK
chains[1].stages[10].anchors.any_of[2] OK
chains[1].stages[10].anchors.any_of[3] OK
chains[1].stages[10].anchors.any_of[4] OK
chains[1].stages[10].anchors.any_of[5] OK
chains[1].stages[10].anchors.any_of[6] OK
chains[1].stages[10].anchors.any_of[7] OK
chains[1].stages[10].anchors.any_of[8] OK
chains[1].acceptable_alternative_enforcement_points[0] OK
chains[1].effective_behaviour.evidence OK
side_by_side.shared_points[0] OK
side_by_side.shared_points[1] OK
side_by_side.shared_points[2] OK
side_by_side.differing_points[0] OK
side_by_side.differing_points[1] OK
side_by_side.differing_points[2] OK
f1_both_ways.purpose_anchors[0] OK
f1_both_ways.purpose_anchors[1] OK
f1_both_ways.purpose_anchors[2] OK
f1_both_ways.purpose_anchors[3] OK
f1_both_ways.purpose_anchors[4] OK
f1_both_ways.purpose_anchors[5] OK
f1_both_ways.purpose_anchors[6] OK
f1_both_ways.purpose_anchors[7] OK
f1_both_ways.purpose_anchors[8] OK
f1_both_ways.purpose_anchors[9] OK
f1_both_ways.purpose_anchors[10] OK
f1_both_ways.consumer_anchors[0] OK
f1_both_ways.consumer_anchors[1] OK
f1_both_ways.consumer_anchors[2] OK
queries[0].required[0] OK
queries[0].required[1] OK
queries[0].required[2] OK
queries[0].required[3] OK
queries[0].required[4] OK
queries[1].required[0] OK
queries[1].required[1] OK
queries[2].required[0] OK
queries[2].required[1] OK
queries[2].required[2] OK
queries[2].required[3] OK
queries[2].required[4] OK
queries[3].required[0] OK
queries[3].required[1] OK
queries[3].required[2] OK
queries[3].required[3] OK
queries[3].required[4] OK
queries[4].required[0] OK
queries[4].required[1] OK
queries[4].required[2] OK
queries[4].required[3] OK
queries[4].required[4] OK
queries[5].required[0] OK
queries[5].required[1] OK
queries[5].required[2] OK
queries[5].required[3] OK
queries[5].required[4] OK
queries[6].required[0] OK
queries[6].required[1] OK
queries[7].required[0] OK
queries[7].required[1] OK
queries[7].required[2] OK
queries[8].required[0] OK
queries[8].required[1] OK
queries[8].required[2] OK
queries[9].required[0] OK
queries[9].required[1] OK
queries[9].required[2] OK
queries[9].required[3] OK
queries[9].required[4] OK
queries[10].required[0] OK
queries[10].required[1] OK
queries[10].required[2] OK
queries[10].required[3] OK
queries[10].required[4] OK
queries[11].required[0] OK
queries[11].required[1] OK
queries[12].required[0] OK
queries[12].required[1] OK
queries[12].required[2] OK
queries[12].required[3] OK
queries[12].required[4] OK
queries[13].required[0] OK
queries[13].required[1] OK
queries[13].required[2] OK
queries[13].required[3] OK
queries[13].required[4] OK
queries[14].required[0] OK
queries[14].required[1] OK
queries[14].required[2] OK
queries[15].required[0] OK
queries[15].required[1] OK
queries[15].required[2] OK
queries[15].required[3] OK
queries[15].required[4] OK
queries[16].required[0] OK
queries[16].required[1] OK
queries[16].required[2] OK
queries[17].required[0] OK
queries[17].required[1] OK
queries[17].required[2] OK
queries[18].required[0] OK
queries[18].required[1] OK
queries[18].required[2] OK
queries[19].required[0] OK
queries[19].required[1] OK
queries[19].required[2] OK
queries[19].required[3] OK
queries[19].required[4] OK
queries[20].required[0] OK
queries[20].required[1] OK
queries[20].required[2] OK
queries[20].required[3] OK
queries[20].required[4] OK
queries[21].required[0] OK
queries[22].required[0] OK
queries[22].required[1] OK
queries[22].required[2] OK
queries[22].required[3] OK
queries[22].required[4] OK
queries[23].required[0] OK
queries[23].required[1] OK
queries[23].required[2] OK
queries[23].required[3] OK
queries[23].required[4] OK
queries[24].required[0] OK
queries[24].required[1] OK
queries[24].required[2] OK
queries[24].required[3] OK
queries[24].required[4] OK
queries[25].required[0] OK
queries[25].required[1] OK
queries[25].required[2] OK
queries[25].required[3] OK
queries[25].required[4] OK
queries[26].required[0] OK
queries[26].required[1] OK
queries[27].required[0] OK
queries[27].required[1] OK
queries[27].required[2] OK
queries[28].required[0] OK
queries[28].required[1] OK
queries[28].required[2] OK
queries[29].required[0] OK
queries[29].required[1] OK
queries[29].required[2] OK
queries[29].required[3] OK
queries[29].required[4] OK
queries[32].required[1] OK
queries[32].required[2] OK
queries[32].required[3] OK
queries[32].required[4] OK
queries[33].required[0] OK
queries[33].required[1] OK
queries[33].required[2] OK
queries[33].required[3] OK
queries[33].required[4] OK
controls[0].required[0] OK
controls[0].required[1] OK
controls[0].required[2] OK
controls[0].required[3] OK
controls[0].required[4] OK
controls[1].required[0] OK
controls[1].required[1] OK
controls[1].required[2] OK
controls[1].required[3] OK
controls[1].required[4] OK
controls[2].required[0] OK
controls[2].required[1] OK
controls[2].required[2] OK
controls[2].required[3] OK
controls[2].required[4] OK
anchors: 363; OK: 363; FAIL: 0
