== W00-harness-smoke: before pass=1/1 after pass=1/1
== W01-artefact-identity: before pass=71/84 after pass=71/84
   still FAIL  W1-b7-specification(requirement)
   still FAIL  W1-b7-specification(feature)
   still FAIL  W1-b7-scenario
   still FAIL  W1-b7-decision
   still FAIL  W1-b7-dataset
   still FAIL  W1-b7-experiment
   still FAIL  W1-b7-architecture record
   still FAIL  W1-b7-interface
   still FAIL  W1-b7-test design
   still FAIL  W1-b7-task
   still FAIL  W1-b3-noncanonical-location-flagged
   still FAIL  W1-b1-audit-finding-id-stable
   still FAIL  W1-b6-benchmark-hash-in-record
== W01b-migration-plan-identity: before pass=1/9 after pass=1/9
   still FAIL  W1-b1-migplan-stable-id
   still FAIL  W1-b2-migplan-type
   still FAIL  W1-b4-migplan-authority
   still FAIL  W1-b6-migplan-version-hash
   still FAIL  W1-b7-migplan-provenance
   still FAIL  W1-b8-migplan-lineage
   still FAIL  W1-b9-migplan-consumers
   still FAIL  W1-b8-migplan-replan-keeps-history
== W02-typed-contracts: before pass=10/16 after pass=16/16
   FAIL->PASS  W2-b2-required-optional-marker
   FAIL->PASS  W2-b2-declared-input-drop-is-explicit
   FAIL->PASS  W2-b3-non-authoritative-not-promoted
   FAIL->PASS  W2-b6-stale-requirement-cannot-replace-current
   FAIL->PASS  W2-b7-output-schema-consumption-rules
   FAIL->PASS  W2-b8-consumes-direction-not-inverted
== W03-task-input-manifest: before pass=7/20 after pass=12/20
   FAIL->PASS  W3-m4-reason-delivered
   FAIL->PASS  W3-m4-relations-note-dependency-delivered
   FAIL->PASS  W3-m5-supplementary-declared-separately
   FAIL->PASS  W3-r2-superseded-input-not-silent
   FAIL->PASS  W3-r3-duplicate-id-conflict-handled
   still FAIL  W3-m2-required-state-enforced
   still FAIL  W3-m3-hash-pin-enforced
   still FAIL  W3-r1-create-READY-with-missing-input
   still FAIL  W3-r1-replan-READY-with-missing-input
   still FAIL  W3-r1-status-READY-with-missing-input
   still FAIL  W3-r1-claim-with-missing-input
   still FAIL  W3-r1-missing-task-dependency-bypass-via-status
   still FAIL  W3-r3-conflict-triggers-handling
== W04-context-delivery: before pass=7/15 after pass=14/15
   FAIL->PASS  W4-b1-normative-content-loaded(statement field)
   FAIL->PASS  W4-b1-normative-content-loaded(markdown body)
   FAIL->PASS  W4-b1-no-duplicate-delivery
   FAIL->PASS  W4-b4-input-versions-hashes-recorded
   FAIL->PASS  W4-b5-hash-changes-when-supplied-content-changes
   FAIL->PASS  W4-b5-packet-bound-to-repo-state
   FAIL->PASS  W4-b6-missing-required-input-refused-or-blocked
   still FAIL  W4-b3-over-budget-governed-at-dispatch
== W04b-input-class-delivery: before pass=5/14 after pass=14/14
   FAIL->PASS  W4b-delivered-deterministically:dataset(required_data)
   FAIL->PASS  W4b-delivered-deterministically:experiment(derived_from)
   FAIL->PASS  W4b-delivered-deterministically:research(derived_from)
   FAIL->PASS  W4b-delivered-deterministically:interface(task.interfaces)
   FAIL->PASS  W4b-delivered-deterministically:test-design(acceptance_tests)
   FAIL->PASS  W4b-impact-reaches-declaring-task:DATA-0001
   FAIL->PASS  W4b-impact-reaches-declaring-task:TST-0002
   FAIL->PASS  W4b-impact-reaches-declaring-task:ARCH-0001
   FAIL->PASS  W4b-stale-input-marked-in-packet
== W05-consumption-receipt: before pass=6/20 after pass=9/20
   FAIL->PASS  W5-c3-code-linked-to-requirement
   FAIL->PASS  W5-c3-report-linked-to-requirement
   FAIL->PASS  W5-c3-report-task-edge-direction
   still FAIL  W5-c1-refuses-missing-traceability
   still FAIL  W5-r1-inputs-supplied-in-receipt
   still FAIL  W5-r3-requirements-implemented-recorded
   still FAIL  W5-r4-decisions-applied-recorded
   still FAIL  W5-r5-acceptance-evidence-bound-to-declared-tests
   still FAIL  W5-r6-task-close-requires-unknowns
   still FAIL  W5-c3-task-to-code-edge
   still FAIL  W5-r3r4-fabricated-trace-refused
   still FAIL  W5-c2-untraceable-implementation-detected
   still FAIL  W5-c2-untraceable-implementation-reported-by-audit
   still FAIL  W5-c2-no-claim-observed-paths-correct
== W06-staleness-propagation: before pass=10/27 after pass=11/27
   FAIL->PASS  W6-s4-graph-impact(dataset consumed via task.required_data)
   still FAIL  W6-s6-completed-task-revalidated(CIT)
   still FAIL  W6-s7-closed-task-evidence-not-green(CIT)
   still FAIL  W6-s2-test-evidence-invalidated(CIT)
   still FAIL  W6-s3-context-packets-invalidated(CIT)
   still FAIL  W6-s3-checkpoint-packet-ref-flagged(CIT)
   still FAIL  W6-s5-rework-tasks-generated(CIT)
   still FAIL  W6-s6-completed-task-revalidated(CIT,R2)
   still FAIL  W6-s1-open-dependent-task-stale(direct)
   still FAIL  W6-s6-completed-task-revalidated(direct)
   still FAIL  W6-s2-test-evidence-invalidated(direct)
   still FAIL  W6-s3-context-packets-invalidated(direct)
   still FAIL  AC16-W6xD1-rebuild-does-not-license-stale-consumption
   still FAIL  W6-s1-direct-change-forces-cit
   still FAIL  AC16-W6xO4-green-goes-stale-on-requirement-change
   still FAIL  W6-s7-stale-evidence-surfaced(direct)
   still FAIL  W6-s7-retest-flag-not-cleared-by-close
== W07-orphan-detection: before pass=3/12 after pass=3/12
   still FAIL  W7-o1-expected-consumer-not-consuming
   still FAIL  W7-o2-requirement-without-impl-or-test
   still FAIL  W7-o3-research-never-consumed
   still FAIL  W7-o4-acceptance-test-without-requirement
   still FAIL  W7-o2b-linked-requirement-without-impl-or-test
   still FAIL  W7-o3b-linked-research-never-consumed
   still FAIL  W7-o4b-feature-only-acceptance-test
   still FAIL  W7-o5-unjustified-code
   still FAIL  W7-o6-orphans-produce-governed-remediation
== W08-lineage: before pass=14/24 after pass=21/24
   FAIL->PASS  W8-l1-forward-reaches:file:src/lib.rs
   FAIL->PASS  W8-l1-forward-reaches:file:tests/ledger_test.rs
   FAIL->PASS  W8-l2-reverse-impact(REQ-0001)->implementation
   FAIL->PASS  W8-l2-reverse-impact(REQ-0001)->evidence
   FAIL->PASS  W8-l2-reverse-impact(D-0001)->implementation
   FAIL->PASS  W8-l2-reverse-impact(D-0001)->evidence
   FAIL->PASS  W8-l5-cross-language-through-interface
   still FAIL  W8-l1-forward-reaches:release
   still FAIL  W8-l3-missing-task-to-code-link-detected
   still FAIL  W8-l4-stale-link-to-superseded-detected
== W09-session-handoff-continuity: before pass=8/16 after pass=9/16
   FAIL->PASS  W9-c2-packet-hash-tracks-input-content
   still FAIL  W9-c2-checkpoint-input-ids
   still FAIL  W9-c2-state-reference-current-at-checkpoint
   still FAIL  W9-c2-checkpoint-files-changed-paths-exist
   still FAIL  W9-c6-handoff-missing-inputs-blocked-or-degraded
   still FAIL  W9-c6-handoff-stale-inputs-blocked-or-degraded
   still FAIL  AC16-NxW9-before-handoff-checkpoint-flags-stale-packet
   still FAIL  AC16-NxW9-doctor-checkpoint-freshness
== W10-hard-invariant-attacks: before pass=13/23 after pass=21/23
   FAIL->PASS  W10-a2-variant-stale-structured-reference
   FAIL->PASS  W10-a4-derived-index-deleted(INV-010)
   FAIL->PASS  W10-a4-derived-index-deleted(INV-010)-continue
   FAIL->PASS  W10-a4-derived-index-corrupted
   FAIL->PASS  W10-a4-embedder-repinned-before-reindex(profile-change)
   FAIL->PASS  W10-a4-embedder-repinned-before-reindex(profile-change)-continue
   FAIL->PASS  W10-a4-reranker-unavailable
   FAIL->PASS  W10-a4-reranker-unavailable-continue
   still FAIL  W10-a4-derived-index-corrupted-continue
   still FAIL  W10-a5-product-tests-delivery-against-declaration
   only before W10-a3-budget-8811: PASS
   only before W10-a3-budget-7711: PASS
   only after  W10-a3-budget-11486: PASS
   only after  W10-a3-budget-10386: PASS
== W11-quantitative-health: before pass=4/13 after pass=4/13
   still FAIL  W11-m1-required-input-delivery-accuracy
   still FAIL  W11-m2-current-version-selection-accuracy
   still FAIL  W11-m3-superseded-input-leakage-rate
   still FAIL  W11-m4-missing-required-input-detection
   still FAIL  W11-m5-staleness-propagation-accuracy
   still FAIL  W11-m6-requirement-to-code-traceability-coverage
   still FAIL  W11-m7-requirement-to-test-traceability-coverage
   still FAIL  W11-m8-orphan-detection-recall-fp
   still FAIL  W11-m9-fresh-agent-reconstruction-correctness
== W12-scheduler-integration: before pass=5/17 after pass=5/17
   still FAIL  W12-G0-current-version-substitution-blocked(claim)
   still FAIL  W12-G0-superseded-target-substitution-blocked(cit)
   still FAIL  W12-G1-dependency-evidence-invalidated
   still FAIL  W12-G2-input-consumption-traceability-verified-at-close
   still FAIL  W12-G3-continuity-verified(stale packet handoff)
   still FAIL  W12-G3-continuity-verified(missing input handoff)
   still FAIL  W12-G3-continuity-verified(checkpoint)
   still FAIL  W12-G4-propagation-after-noncit-architecture-change
   still FAIL  W12-G5-audits-superseded-consumption
   still FAIL  AC16-W12xO5-health-state-reflects-superseded-consumption
   still FAIL  W12-G5-audits-end-to-end-lineage
   still FAIL  AC16-W12xO5-tier-scheduler-present
== FR-freshness-invalidation: before pass=7/13 after pass=7/13
   still FAIL  FR-invalidates[authoritative requirement (spec/requirements)]
   still FAIL  FR-invalidates[authoritative interface (spec/interfaces)]
   still FAIL  FR-invalidates[authoritative architecture (spec/architecture)]
   still FAIL  FR-invalidates[task input manifest (spec/tasks)]
   still FAIL  FR-invalidates[relevant source file (src/)]
   still FAIL  FR-invalidates[relevant index manifest (governance/generated)]
TOTAL FAIL->PASS=47 PASS->FAIL=0
