
=== 1 init --force as independent-auditor (L0; install_kernel requires L4) while FREEZE_WRITES is active
exit=0 true
L0 task create (control): exit=4 FROZEN
L0 init --force: exit=4 {"err": "FROZEN", "ok": false, "version": null}
files changed: 
project override after re-init: {'MEMORY_POLICY.freshness.max_index_age_hours': 24}
control state after: {'agents_cancelled': False, 'mode': 'RUNNING', 'reason': 'incident', 'role': 'orchestrator', 'session': 'S-probe', 'updated_at': '2026-09-19T01:02:43Z', 'writes_frozen': True}

=== 2 memory heldout-starter --force as L0 while frozen: the governed held-out retrieval test set is regenerated
before: queries 20 has HQ-900: True
exit=0 true
L0 heldout-starter --force: exit=4 {"err": "FROZEN", "ok": false, "r": null}
after : queries 20 has HQ-900: True generated_by: gov init

=== 3 adopt baseline as L0 while frozen
exit=0 true
L0 adopt baseline: exit=4 {"err": "FROZEN", "ok": false, "stage": null}
files changed: 

=== 4 audit (persist), adapters generate, tools registry while frozen
exit=0 true
audit: exit=4 FROZEN
adapters generate: exit=4 FROZEN
tools registry: exit=4 FROZEN
files changed: 

=== 5 route --record while frozen with a cost above BUDGET_POLICY: a human gate is minted under FREEZE_WRITES
exit=0 true
route --record: exit=4 {"err": "FROZEN", "gate": null, "ok": false, "threshold": null}
exit=0
