
== beta-r.C8-failure-memory.out  (before -> after)
  C8-b1                                                                  PASS -> PASS
  C8-b2                                                                  PASS -> PASS
  C8-b3                                                                  PASS -> PASS
  C8-b4-adhoc                                                            PASS -> PASS
  C8-b4-heldout                                                          PASS -> PASS
  C8-b5                                                                  PASS -> PASS

== beta-r.FRESH-evidence-invalidation.out  (before -> after)
  FRESH-manifest                                                         PASS -> PASS
  FRESH-pathmap                                                          PASS -> PASS
  FRESH-profile                                                          PASS -> PASS
  FRESH-source                                                           PASS -> PASS
  FRESH-spec                                                             PASS -> PASS

== synthesis.AC16-X1-upstream-change-chain.out  (before -> after)
  X1-C9-cit-p-candidates-deduplicated                                    PASS -> PASS

== synthesis.AC16-X2-authority-gate-chain.out  (before -> after)
  X2-E1xG2-worker-forgery-invisible-at-close                             FAIL -> FAIL
  X2-L3-approve-refused-before-answer                                    PASS -> PASS
  X2-L3xE1-forged-human-approval-refused                                 PASS -> PASS
  X2-L3xK2-forged-approval-cannot-execute                                PASS -> PASS
  X2-L3xU-suite-detects-forged-approval                                  FAIL -> PASS   <== changed

== synthesis.AC16-X3-ingress-root-of-trust-chain.out  (before -> after)
  X3a-S3xA2-unprovisioned-refuses-unauthenticated                        PASS -> PASS
  X3b-S3xA2-provisioned-refuses-tampered                                 PASS -> PASS
  X3c-baseline-secret-excluded                                           PASS -> PASS

== zeta-r.DV-derived-view-reconciliation.out  (before -> after)
  DV-compiled-carries-W-advanced-challenge                               PASS -> PASS
  DV-compiled-carries-W-bullets                                          FAIL -> FAIL
  DV-compiled-carries-W10-hard-invariant                                 PASS -> PASS
  DV-compiled-has-all-W-ids                                              PASS -> PASS
  DV-compiled-source-lines-match                                         PASS -> PASS
  DV-contract-verify-binds                                               PASS -> PASS
  DV-evidence-map-W-has-evidence-owner                                   FAIL -> FAIL
  DV-generated-view-lists-all-W                                          PASS -> PASS

== zeta-r.FR-freshness-invalidation.out  (before -> after)
  FR-baseline-green-current                                              PASS -> PASS

== zeta-r.W00-harness-smoke.out  (before -> after)
  W00-1                                                                  PASS -> PASS

== zeta-r.W01-artefact-identity.out  (before -> after)
  W1-b1-dataset                                                          PASS -> PASS
  W1-b1-decision                                                         PASS -> PASS
  W1-b1-experiment                                                       PASS -> PASS
  W1-b1-interface                                                        PASS -> PASS
  W1-b1-scenario                                                         PASS -> PASS
  W1-b1-specification(feature)                                           PASS -> PASS
  W1-b1-specification(requirement)                                       PASS -> PASS
  W1-b1-task                                                             PASS -> PASS
  W1-b2-dataset                                                          PASS -> PASS
  W1-b2-decision                                                         PASS -> PASS
  W1-b2-experiment                                                       PASS -> PASS
  W1-b2-interface                                                        PASS -> PASS
  W1-b2-scenario                                                         PASS -> PASS
  W1-b2-specification(feature)                                           PASS -> PASS
  W1-b2-specification(requirement)                                       PASS -> PASS
  W1-b2-task                                                             PASS -> PASS
  W1-b3-dataset                                                          PASS -> PASS
  W1-b3-decision                                                         PASS -> PASS
  W1-b3-experiment                                                       PASS -> PASS
  W1-b3-interface                                                        PASS -> PASS
  W1-b3-noncanonical-location-flagged                                    FAIL -> PASS   <== changed
  W1-b3-scenario                                                         PASS -> PASS
  W1-b3-specification(feature)                                           PASS -> PASS
  W1-b3-specification(requirement)                                       PASS -> PASS
  W1-b3-task                                                             PASS -> PASS
  W1-b4-dataset                                                          PASS -> PASS
  W1-b4-decision                                                         PASS -> PASS
  W1-b4-experiment                                                       PASS -> PASS
  W1-b4-interface                                                        PASS -> PASS
  W1-b4-scenario                                                         PASS -> PASS
  W1-b4-specification(feature)                                           PASS -> PASS
  W1-b4-specification(requirement)                                       PASS -> PASS
  W1-b4-task                                                             PASS -> PASS
  W1-b5-dataset                                                          PASS -> PASS
  W1-b5-decision                                                         PASS -> PASS
  W1-b5-experiment                                                       PASS -> PASS
  W1-b5-interface                                                        PASS -> PASS
  W1-b5-scenario                                                         PASS -> PASS
  W1-b5-specification(feature)                                           PASS -> PASS
  W1-b5-specification(requirement)                                       PASS -> PASS
  W1-b5-task                                                             PASS -> PASS
  W1-b6-dataset                                                          PASS -> PASS
  W1-b6-decision                                                         PASS -> PASS
  W1-b6-experiment                                                       PASS -> PASS
  W1-b6-interface                                                        PASS -> PASS
  W1-b6-scenario                                                         PASS -> PASS
  W1-b6-specification(feature)                                           PASS -> PASS
  W1-b6-specification(requirement)                                       PASS -> PASS
  W1-b6-task                                                             PASS -> PASS
  W1-b7-dataset                                                          FAIL -> FAIL
  W1-b7-decision                                                         FAIL -> FAIL
  W1-b7-experiment                                                       FAIL -> FAIL
  W1-b7-interface                                                        FAIL -> FAIL
  W1-b7-scenario                                                         FAIL -> FAIL
  W1-b7-specification(feature)                                           FAIL -> FAIL
  W1-b7-specification(requirement)                                       FAIL -> FAIL
  W1-b7-task                                                             FAIL -> FAIL
  W1-b8-SUPERSEDES-edge                                                  PASS -> PASS
  W1-b8-superseded_by-computed                                           PASS -> PASS
  W1-b9-consumers-recorded                                               PASS -> PASS
  W1-b9-dataset-consumers-recorded                                       PASS -> PASS
  W1-move-keeps-id                                                       PASS -> PASS
  W1-move-still-delivered                                                PASS -> PASS

== zeta-r.W01b-migration-plan-identity.out  (before -> after)
  W1-b1-migplan-stable-id                                                PASS -> PASS
  W1-b2-migplan-type                                                     PASS -> PASS
  W1-b4-migplan-authority                                                PASS -> PASS
  W1-b6-migplan-version-hash                                             PASS -> PASS
  W1-b7-migplan-provenance                                               PASS -> PASS
  W1-b8-migplan-lineage                                                  PASS -> PASS
  W1-b8-migplan-replan-keeps-history                                     PASS -> PASS
  W1-b9-migplan-consumers                                                PASS -> PASS
  W1-migplan-persisted                                                   PASS -> PASS

== zeta-r.W02-typed-contracts.out  (before -> after)
  W2-b1-typed-edges                                                      PASS -> PASS
  W2-b2-declared-input-drop-is-explicit                                  PASS -> PASS
  W2-b2-required-optional-marker                                         PASS -> PASS
  W2-b3-non-authoritative-not-promoted                                   PASS -> PASS
  W2-b3-provisional-decision-marked                                      PASS -> PASS
  W2-b4-research-not-decision                                            PASS -> PASS
  W2-b4-research-stays-evidence                                          PASS -> PASS
  W2-b5-lesson-not-in-authority-block                                    PASS -> PASS
  W2-b5-lesson-not-policy                                                PASS -> PASS
  W2-b6-retrieval-excludes-superseded                                    PASS -> PASS
  W2-b6-stale-decision-flagged                                           PASS -> PASS
  W2-b6-stale-requirement-cannot-replace-current                         PASS -> PASS
  W2-b7-output-schema-consumption-rules                                  PASS -> PASS
  W2-b8-consumer-reached-from-producer-change                            PASS -> PASS
  W2-b8-consumes-direction-not-inverted                                  PASS -> PASS
  W2-b8-impact-uses-typed-edges                                          PASS -> PASS

== zeta-r.W03-task-input-manifest.out  (before -> after)
  W3-m1-input-ids-declared-and-consumed                                  PASS -> PASS
  W3-m2-required-state-enforced                                          FAIL -> FAIL
  W3-m2m3m4-manifest-fields-schema                                       PASS -> PASS
  W3-m3-hash-pin-enforced                                                FAIL -> FAIL
  W3-m4-reason-delivered                                                 PASS -> PASS
  W3-m4-relations-note-dependency-delivered                              PASS -> PASS
  W3-m5-supplementary-declared-separately                                PASS -> PASS
  W3-r1-claim-with-missing-input                                         FAIL -> FAIL
  W3-r1-contrast-missing-task-dependency-blocks                          PASS -> PASS
  W3-r1-create-READY-with-missing-input                                  FAIL -> FAIL
  W3-r1-missing-task-dependency-bypass-via-status                        FAIL -> FAIL
  W3-r1-replan-READY-with-missing-input                                  FAIL -> FAIL
  W3-r1-status-READY-with-missing-input                                  FAIL -> FAIL
  W3-r2-superseded-input-not-silent                                      PASS -> PASS
  W3-r3-conflict-flagged-in-packet                                       PASS -> PASS
  W3-r3-conflict-triggers-handling                                       FAIL -> FAIL
  W3-r3-conflicts-detected-by-audit                                      PASS -> PASS
  W3-r3-conflicts-detected-by-doctor                                     PASS -> PASS
  W3-r3-duplicate-id-conflict-handled                                    PASS -> PASS
  W3-r4-deterministic-resolution                                         PASS -> PASS

== zeta-r.W04-context-delivery.out  (before -> after)
  W4-b1-deterministic-load                                               PASS -> PASS
  W4-b1-no-duplicate-delivery                                            PASS -> PASS
  W4-b2-separated-blocks                                                 PASS -> PASS
  W4-b3-mandatory-never-displaced                                        PASS -> PASS
  W4-b3-over-budget-governed-at-dispatch                                 FAIL -> FAIL
  W4-b3-over-budget-is-explicit                                          PASS -> PASS
  W4-b3-supplementary-dropped-first                                      PASS -> PASS
  W4-b4-input-ids-recorded                                               PASS -> PASS
  W4-b4-input-versions-hashes-recorded                                   PASS -> PASS
  W4-b5-hash-changes-when-supplied-content-changes                       PASS -> PASS
  W4-b5-packet-bound-to-repo-state                                       PASS -> PASS
  W4-b6-missing-required-input-refused-or-blocked                        PASS -> PASS
  W4-b6-missing-task-dependency-explicit                                 PASS -> PASS

== zeta-r.W04b-input-class-delivery.out  (before -> after)
  W4b-delivered-deterministically:dataset(required_data)                 PASS -> PASS
  W4b-delivered-deterministically:experiment(derived_from)               PASS -> PASS
  W4b-delivered-deterministically:interface(task.interfaces)             PASS -> PASS
  W4b-delivered-deterministically:research(derived_from)                 PASS -> PASS
  W4b-delivered-deterministically:test-design(acceptance_tests)          PASS -> PASS
  W4b-impact-reaches-declaring-task:API-0009                             PASS -> PASS
  W4b-impact-reaches-declaring-task:ARCH-0001                            PASS -> PASS
  W4b-impact-reaches-declaring-task:DATA-0001                            PASS -> PASS
  W4b-impact-reaches-declaring-task:EXP-0001                             PASS -> PASS
  W4b-impact-reaches-declaring-task:RES-0001                             PASS -> PASS
  W4b-impact-reaches-declaring-task:TST-0002                             PASS -> PASS

== zeta-r.W05-consumption-receipt.out  (before -> after)
  W5-c1-refuses-missing-traceability                                     FAIL -> FAIL
  W5-c2-no-claim-observed-paths-correct                                  PASS -> PASS
  W5-c2-undocumented-change-detected                                     PASS -> PASS
  W5-c2-untraceable-implementation-detected                              FAIL -> FAIL
  W5-c2-untraceable-implementation-reported-by-audit                     FAIL -> PASS   <== changed
  W5-c3-code-linked-to-requirement                                       PASS -> PASS
  W5-c3-report-linked-to-requirement                                     PASS -> PASS
  W5-c3-report-task-edge-direction                                       PASS -> PASS
  W5-c3-task-to-code-edge                                                FAIL -> FAIL
  W5-r1-inputs-supplied-in-receipt                                       FAIL -> FAIL
  W5-r1-packet-hash-on-close-checkpoint                                  PASS -> PASS
  W5-r2-outputs-produced                                                 PASS -> PASS
  W5-r3-requirements-implemented-recorded                                FAIL -> FAIL
  W5-r3r4-fabricated-trace-refused                                       FAIL -> FAIL
  W5-r4-decisions-applied-recorded                                       FAIL -> FAIL
  W5-r5-acceptance-evidence-bound-to-declared-tests                      FAIL -> FAIL
  W5-r5-tests-status-enforced                                            PASS -> PASS
  W5-r6-deviations-persisted-when-given                                  PASS -> PASS
  W5-r6-handoff-return-requires-unknowns                                 PASS -> PASS
  W5-r6-task-close-requires-unknowns                                     FAIL -> FAIL

== zeta-r.W06-staleness-propagation.out  (before -> after)
  W6-s4-cit-computes-impacted-nodes                                      PASS -> PASS

== zeta-r.W07-orphan-detection.out  (before -> after)
  W7-o1-expected-consumer-missing                                        PASS -> PASS
  W7-o1-expected-consumer-not-consuming                                  FAIL -> PASS   <== changed
  W7-o2-requirement-without-impl-or-test                                 FAIL -> PASS   <== changed
  W7-o2b-linked-requirement-without-impl-or-test                         FAIL -> PASS   <== changed
  W7-o3-research-never-consumed                                          FAIL -> PASS   <== changed
  W7-o3b-linked-research-never-consumed                                  FAIL -> PASS   <== changed
  W7-o4-acceptance-test-without-requirement                              FAIL -> PASS   <== changed
  W7-o4b-feature-only-acceptance-test                                    FAIL -> PASS   <== changed
  W7-o5-unjustified-code                                                 FAIL -> PASS   <== changed
  W7-o6-no-silent-deletion                                               PASS -> PASS
  W7-o6-orphans-produce-governed-remediation                             FAIL -> PASS   <== changed
  W7-orphan-count-surfaced                                               PASS -> PASS

== zeta-r.W08-lineage.out  (before -> after)
  W8-l1-forward-reaches:ARCH-0001                                        PASS -> PASS
  W8-l1-forward-reaches:D-0001                                           PASS -> PASS
  W8-l1-forward-reaches:REQ-0001                                         PASS -> PASS
  W8-l1-forward-reaches:RPT-0001                                         PASS -> PASS
  W8-l1-forward-reaches:SCN-0001                                         PASS -> PASS
  W8-l1-forward-reaches:TASK-0001                                        PASS -> PASS
  W8-l1-forward-reaches:file:src/lib.rs                                  PASS -> PASS
  W8-l1-forward-reaches:file:tests/ledger_test.rs                        PASS -> PASS
  W8-l1-forward-reaches:release                                          FAIL -> FAIL
  W8-l2-reverse-impact(D-0001)->evidence                                 PASS -> PASS
  W8-l2-reverse-impact(D-0001)->implementation                           PASS -> PASS
  W8-l2-reverse-impact(D-0001)->task                                     PASS -> PASS
  W8-l2-reverse-impact(D-0001)->tests                                    PASS -> PASS
  W8-l2-reverse-impact(REQ-0001)->evidence                               PASS -> PASS
  W8-l2-reverse-impact(REQ-0001)->implementation                         PASS -> PASS
  W8-l2-reverse-impact(REQ-0001)->task                                   PASS -> PASS
  W8-l2-reverse-impact(REQ-0001)->tests                                  PASS -> PASS
  W8-l3-missing-feature-scenario-link-detected                           PASS -> PASS
  W8-l3-missing-target-link-detected                                     PASS -> PASS
  W8-l3-missing-task-to-code-link-detected                               FAIL -> PASS   <== changed
  W8-l4-stale-link-to-superseded-detected                                FAIL -> PASS   <== changed
  W8-l5-cross-language-through-interface                                 PASS -> PASS
  W8-l5-intra-language-edges(py)                                         PASS -> PASS
  W8-l5-intra-language-edges(ts)                                         PASS -> PASS

== zeta-r.W09-session-handoff-continuity.out  (before -> after)
  AC16-NxW9-before-handoff-checkpoint-flags-stale-packet                 FAIL -> FAIL
  AC16-NxW9-doctor-checkpoint-freshness                                  FAIL -> FAIL
  W9-c1-manifest-persists                                                PASS -> PASS
  W9-c2-checkpoint-files-changed-paths-exist                             FAIL -> FAIL
  W9-c2-checkpoint-input-ids                                             FAIL -> FAIL
  W9-c2-checkpoint-state-reference                                       PASS -> PASS
  W9-c2-index-hash-tracks-input-content                                  PASS -> PASS
  W9-c2-packet-hash-tracks-input-content                                 PASS -> PASS
  W9-c2-state-reference-current-at-checkpoint                            FAIL -> FAIL
  W9-c3-before-model-switch-checkpoint                                   PASS -> PASS
  W9-c3-provider-switch-same-inputs                                      PASS -> PASS
  W9-c3-role-switch-same-inputs                                          PASS -> PASS
  W9-c4-fresh-agent-reconstructs                                         PASS -> PASS
  W9-c5-compaction-cannot-remove-state                                   PASS -> PASS
  W9-c6-handoff-missing-inputs-blocked-or-degraded                       FAIL -> FAIL
  W9-c6-handoff-stale-inputs-blocked-or-degraded                         FAIL -> FAIL

== zeta-r.W10-hard-invariant-attacks.out  (before -> after)
  W10-a1-current-spec-delivered-when-chunks-deleted                      PASS -> PASS
  W10-a1-current-spec-delivered-when-not-indexed                         PASS -> PASS
  W10-a1-precondition-REQ-0002-absent-from-semantic-index                PASS -> PASS
  W10-a2-precondition-superseded-ranks-higher                            PASS -> PASS
  W10-a2-superseded-not-in-authority-block                               PASS -> PASS
  W10-a2-superseded-not-in-retrieved-block                               PASS -> PASS
  W10-a2-variant-stale-structured-reference                              PASS -> PASS
  W10-a2-variant-successor-only-supersession                             PASS -> PASS
  W10-a3-budget-10998                                                    PASS -> PASS
  W10-a3-budget-12098                                                    PASS -> PASS
  W10-a3-budget-300                                                      PASS -> PASS
  W10-a4-derived-index-corrupted                                         PASS -> PASS
  W10-a4-derived-index-corrupted-continue                                FAIL -> FAIL
  W10-a4-derived-index-deleted(INV-010)                                  PASS -> PASS
  W10-a4-derived-index-deleted(INV-010)-continue                         PASS -> PASS
  W10-a4-embedder-repinned-before-reindex(profile-change)                PASS -> PASS
  W10-a4-embedder-repinned-before-reindex(profile-change)-continue       PASS -> PASS
  W10-a4-reranker-unavailable                                            PASS -> PASS
  W10-a4-reranker-unavailable-continue                                   PASS -> PASS
  W10-a4-vector-table-lost                                               PASS -> PASS
  W10-a4-vector-table-lost-continue                                      PASS -> PASS
  W10-a5-deterministic-block-separately-observable                       PASS -> PASS
  W10-a5-product-tests-delivery-against-declaration                      FAIL -> PASS   <== changed

== zeta-r.W11-quantitative-health.out  (before -> after)
  W11-m1-required-input-delivery-accuracy                                FAIL -> PASS   <== changed
  W11-m2-current-version-selection-accuracy                              FAIL -> FAIL
  W11-m3-proxy-retrieval-superseded-hit-rate                             PASS -> PASS
  W11-m3-superseded-input-leakage-rate                                   FAIL -> FAIL
  W11-m4-missing-required-input-detection                                FAIL -> FAIL
  W11-m5-staleness-propagation-accuracy                                  FAIL -> FAIL
  W11-m6-proxy-task-traceability                                         PASS -> PASS
  W11-m6-requirement-to-code-traceability-coverage                       FAIL -> FAIL
  W11-m7-requirement-to-test-traceability-coverage                       FAIL -> FAIL
  W11-m8-orphan-detection-recall-fp                                      FAIL -> PASS   <== changed
  W11-m8-proxy-orphan-count                                              PASS -> PASS
  W11-m9-fresh-agent-reconstruction-correctness                          FAIL -> FAIL
  W11-m9-proxy-fresh-agent-read-budget                                   PASS -> PASS

== zeta-r.W12-scheduler-integration.out  (before -> after)
  W12-G0-current-version-substitution-blocked(claim)                     FAIL -> FAIL
  W12-G0-superseded-target-substitution-blocked(cit)                     FAIL -> FAIL

== delta-r.FRESH-invalidation.out  (before-shim -> after-shim)
  F.CKPT-09999.inv                                                       PASS -> PASS
  F.EXP-0500.inv                                                         PASS -> PASS
  F.HDG-0500                                                             PASS -> PASS
  F.HND-0500.inv                                                         PASS -> PASS
  F.MODEL_ROUTING_OVERRIDES                                              PASS -> PASS
  F.PROJECT_POLICY                                                       PASS -> PASS
  F.RES-0500.inv                                                         PASS -> PASS
  F.TASK-0500.inv                                                        PASS -> PASS
  F.base.1                                                               PASS -> PASS
  F.close.1                                                              PASS -> PASS
  F.close.2                                                              PASS -> PASS
  F.families.1                                                           PASS -> PASS
  F.impl.1                                                               FAIL -> FAIL

== delta-r.J1-J2-research-experiments.out  (before-shim -> after-shim)
  J1.a.conclusion                                                        PASS -> PASS
  J1.a.confidence                                                        PASS -> PASS
  J1.a.graph                                                             PASS -> PASS
  J1.a.influence_backlink                                                FAIL -> FAIL
  J1.a.influences                                                        FAIL -> FAIL
  J1.a.measurements                                                      PASS -> PASS
  J1.a.method                                                            PASS -> PASS
  J1.a.question                                                          PASS -> PASS
  J1.a.reason                                                            PASS -> PASS
  J1.a.sources                                                           PASS -> PASS
  J1.a.uncertainty                                                       PASS -> PASS
  J1.b.accepted                                                          FAIL -> FAIL
  J1.b.audit                                                             FAIL -> PASS   <== changed
  J2.empty                                                               FAIL -> FAIL
  J2.incomplete.audit                                                    FAIL -> FAIL
  J2.merge.detected                                                      FAIL -> PASS   <== changed
  J2.merge.enforced                                                      PASS -> PASS
  J2.merge.flag                                                          PASS -> PASS
  J2.merge.flag2                                                         PASS -> PASS
  J2.merge.schema                                                        PASS -> PASS

== delta-r.L3-gate-presentation-attacks.out  (before-shim -> after-shim)
  L3.b1.1                                                                PASS -> PASS
  L3.b1.2                                                                PASS -> PASS
  L3.b1.3                                                                PASS -> PASS
  L3.b1.4                                                                PASS -> PASS
  L3.b1.5                                                                PASS -> PASS
  L3.b1.6                                                                PASS -> PASS
  L3.b2.1                                                                PASS -> PASS
  L3.b2.2                                                                PASS -> PASS
  L3.b2.3                                                                PASS -> PASS
  L3.b2.4a                                                               PASS -> PASS
  L3.b2.5                                                                FAIL -> FAIL
  L3.b3.1                                                                FAIL -> FAIL
  L3.b3.2                                                                PASS -> PASS
  L3.b3.3                                                                PASS -> PASS
  L3.b4.d1                                                               PASS -> PASS
  L3.b4.d2                                                               PASS -> PASS
  L3.b4.d3                                                               PASS -> PASS
  L3.b4.d4                                                               PASS -> PASS
  L3.b4.o1                                                               PASS -> PASS
  L3.b4.o2                                                               PASS -> PASS
  L3.b4.r0                                                               PASS -> PASS
  L3.b4.r1                                                               PASS -> PASS
  L3.b4.r2                                                               PASS -> PASS
  L3.b4.r3                                                               PASS -> PASS
  L3.b4.r4                                                               PASS -> PASS
  L3.b4.r5                                                               PASS -> PASS
  L3.b4.s1                                                               FAIL -> FAIL
  L3.b4.s2                                                               FAIL -> FAIL
  L3.b4.s3                                                               FAIL -> FAIL
  L3.b4.t1                                                               PASS -> PASS
  L3.b4.t2                                                               FAIL -> FAIL
  L3.b4.t3                                                               FAIL -> FAIL
  L3.b4.t4                                                               FAIL -> FAIL
  L3.b4.t5                                                               FAIL -> FAIL
  L3.b5.1                                                                FAIL -> FAIL
  L3.b5.2                                                                FAIL -> FAIL
  L3.b5.3                                                                FAIL -> FAIL
  L3.b5.4                                                                PASS -> PASS
  L3.b5.5                                                                PASS -> PASS

== synthesis.AC16-X1-upstream-change-chain.out  (before-shim -> after-shim)
  X1-C9-cit-p-candidates-deduplicated                                    PASS -> PASS
  X1-G1-D1-detects-direct-change                                         PASS -> PASS
  X1-G1xW6-direct-change-cannot-be-licensed-by-rebuild                   FAIL -> FAIL
  X1-K2-cit-committed                                                    PASS -> PASS
  X1-K2xD1-index-fresh-after-cit                                         PASS -> PASS
  X1-K2xW6-done-evidence-stale                                           FAIL -> FAIL
  X1-K2xW6-done-task-revalidated                                         FAIL -> FAIL
  X1-K2xW6-open-task-retest                                              PASS -> PASS
  X1-K2xW6-packet-invalidated                                            FAIL -> FAIL
  X1-K2xW6-rework-generated                                              FAIL -> FAIL
  X1-NxW9-checkpoint-stale-marked                                        FAIL -> FAIL
  X1-NxW9-handoff-blocked-or-degraded                                    FAIL -> FAIL
  X1-O4-green-stale-after-direct-spec-change                             PASS -> PASS
  X1-UxO5-health-reflects-invalid-completed-work                         FAIL -> PASS   <== changed
  X1-W12-G4-wider-check-recorded                                         FAIL -> FAIL

== synthesis.AC16-X2-authority-gate-chain.out  (before-shim -> after-shim)
  X2-B1B3-nonrebuildable-state-not-classified-derived                    FAIL -> FAIL
  X2-E1-init-honours-declared-role                                       PASS -> PASS
  X2-E1-undeclared-role-is-not-orchestrator                              FAIL -> FAIL
  X2-E1xG2-worker-forgery-invisible-at-close                             FAIL -> FAIL
  X2-E3-return-bound-to-recipient                                        FAIL -> FAIL
  X2-I4-blocked-not-runnable                                             FAIL -> FAIL
  X2-I4-continue-does-not-offer-blocked                                  FAIL -> FAIL
  X2-L3-approve-refused-before-answer                                    PASS -> PASS
  X2-L3-fabrication-default                                              FAIL -> FAIL
  X2-L3-fabrication-env-GOV_ROLE                                         FAIL -> FAIL
  X2-L3-fabrication-role-human                                           FAIL -> FAIL
  X2-L3xE1-forged-human-approval-refused                                 PASS -> PASS
  X2-L3xK2-forged-approval-cannot-execute                                PASS -> PASS
  X2-L3xU-suite-detects-forged-approval                                  FAIL -> PASS   <== changed
  X2-N4xW5-worker-return-usable-at-close                                 FAIL -> FAIL

== synthesis.AC16-X3-ingress-root-of-trust-chain.out  (before-shim -> after-shim)
  X3a-A2:150xU-no-masquerade                                             PASS -> PASS
  X3a-A2xA3xC4-tampered-policy-cannot-expose-secrets                     PASS -> PASS
  X3a-S3xA2-unprovisioned-refuses-unauthenticated                        FAIL -> FAIL
  X3b-S3xA2-provisioned-refuses-tampered                                 PASS -> PASS
  X3c-A2:146-consistent-rewrite-detected                                 PASS -> PASS
  X3c-A2xA3xC4-secret-not-exposed                                        PASS -> PASS
  X3c-A2xU-health-reflects-tamper                                        PASS -> PASS
  X3c-baseline-secret-excluded                                           PASS -> PASS
  X3c-note-secret-exclusion-independent-of-never_index_classes           PASS -> PASS

== zeta-r.W01-artefact-identity.out  (before-shim -> after-shim)
  W1-b1-audit-finding-id-stable                                          FAIL -> PASS   <== changed
  W1-b1-dataset                                                          PASS -> PASS
  W1-b1-decision                                                         PASS -> PASS
  W1-b1-experiment                                                       PASS -> PASS
  W1-b1-interface                                                        PASS -> PASS
  W1-b1-scenario                                                         PASS -> PASS
  W1-b1-specification(feature)                                           PASS -> PASS
  W1-b1-specification(requirement)                                       PASS -> PASS
  W1-b1-task                                                             PASS -> PASS
  W1-b2-dataset                                                          PASS -> PASS
  W1-b2-decision                                                         PASS -> PASS
  W1-b2-experiment                                                       PASS -> PASS
  W1-b2-interface                                                        PASS -> PASS
  W1-b2-scenario                                                         PASS -> PASS
  W1-b2-specification(feature)                                           PASS -> PASS
  W1-b2-specification(requirement)                                       PASS -> PASS
  W1-b2-task                                                             PASS -> PASS
  W1-b3-dataset                                                          PASS -> PASS
  W1-b3-decision                                                         PASS -> PASS
  W1-b3-experiment                                                       PASS -> PASS
  W1-b3-interface                                                        PASS -> PASS
  W1-b3-noncanonical-location-flagged                                    FAIL -> PASS   <== changed
  W1-b3-scenario                                                         PASS -> PASS
  W1-b3-specification(feature)                                           PASS -> PASS
  W1-b3-specification(requirement)                                       PASS -> PASS
  W1-b3-task                                                             PASS -> PASS
  W1-b4-dataset                                                          PASS -> PASS
  W1-b4-decision                                                         PASS -> PASS
  W1-b4-experiment                                                       PASS -> PASS
  W1-b4-interface                                                        PASS -> PASS
  W1-b4-scenario                                                         PASS -> PASS
  W1-b4-specification(feature)                                           PASS -> PASS
  W1-b4-specification(requirement)                                       PASS -> PASS
  W1-b4-task                                                             PASS -> PASS
  W1-b5-dataset                                                          PASS -> PASS
  W1-b5-decision                                                         PASS -> PASS
  W1-b5-experiment                                                       PASS -> PASS
  W1-b5-interface                                                        PASS -> PASS
  W1-b5-scenario                                                         PASS -> PASS
  W1-b5-specification(feature)                                           PASS -> PASS
  W1-b5-specification(requirement)                                       PASS -> PASS
  W1-b5-task                                                             PASS -> PASS
  W1-b6-benchmark-hash-in-manifest                                       PASS -> PASS
  W1-b6-benchmark-hash-in-record                                         FAIL -> FAIL
  W1-b6-dataset                                                          PASS -> PASS
  W1-b6-decision                                                         PASS -> PASS
  W1-b6-experiment                                                       PASS -> PASS
  W1-b6-interface                                                        PASS -> PASS
  W1-b6-scenario                                                         PASS -> PASS
  W1-b6-specification(feature)                                           PASS -> PASS
  W1-b6-specification(requirement)                                       PASS -> PASS
  W1-b6-task                                                             PASS -> PASS
  W1-b7-audit-provenance                                                 PASS -> PASS
  W1-b7-benchmark-provenance                                             PASS -> PASS
  W1-b7-dataset                                                          FAIL -> FAIL
  W1-b7-decision                                                         FAIL -> FAIL
  W1-b7-experiment                                                       FAIL -> FAIL
  W1-b7-gate-decision-provenance                                         PASS -> PASS
  W1-b7-interface                                                        FAIL -> FAIL
  W1-b7-scenario                                                         FAIL -> FAIL
  W1-b7-specification(feature)                                           FAIL -> FAIL
  W1-b7-specification(requirement)                                       FAIL -> FAIL
  W1-b7-task                                                             FAIL -> FAIL
  W1-b8-SUPERSEDES-edge                                                  PASS -> PASS
  W1-b8-superseded_by-computed                                           PASS -> PASS
  W1-b9-consumers-recorded                                               PASS -> PASS
  W1-b9-dataset-consumers-recorded                                       PASS -> PASS
  W1-benchmark-result-has-id                                             PASS -> PASS
  W1-move-keeps-id                                                       PASS -> PASS
  W1-move-still-delivered                                                PASS -> PASS

== zeta-r.W04b-input-class-delivery.out  (before-shim -> after-shim)
  W4b-benchmark-result-consumed-by-decision                              PASS -> PASS
  W4b-delivered-deterministically:dataset(required_data)                 PASS -> PASS
  W4b-delivered-deterministically:experiment(derived_from)               PASS -> PASS
  W4b-delivered-deterministically:interface(task.interfaces)             PASS -> PASS
  W4b-delivered-deterministically:research(derived_from)                 PASS -> PASS
  W4b-delivered-deterministically:test-design(acceptance_tests)          PASS -> PASS
  W4b-impact-reaches-declaring-task:API-0009                             PASS -> PASS
  W4b-impact-reaches-declaring-task:ARCH-0001                            PASS -> PASS
  W4b-impact-reaches-declaring-task:DATA-0001                            PASS -> PASS
  W4b-impact-reaches-declaring-task:EXP-0001                             PASS -> PASS
  W4b-impact-reaches-declaring-task:RES-0001                             PASS -> PASS
  W4b-impact-reaches-declaring-task:TST-0002                             PASS -> PASS
  W4b-stale-input-marked-in-packet                                       PASS -> PASS

== zeta-r.W06-staleness-propagation.out  (before-shim -> after-shim)
  AC16-W6xD1-content-hash-detects-upstream-change                        PASS -> PASS
  AC16-W6xD1-rebuild-does-not-license-stale-consumption                  FAIL -> FAIL
  AC16-W6xD1-stale-index-blocks-close                                    PASS -> PASS
  AC16-W6xO4-green-goes-stale-on-requirement-change                      PASS -> PASS
  W6-A-cit-executed                                                      PASS -> PASS
  W6-B2-concurrent-upstream-change-detected-at-close                     PASS -> PASS
  W6-s1-direct-change-forces-cit                                         FAIL -> FAIL
  W6-s1-open-dependent-task-stale(CIT)                                   PASS -> PASS
  W6-s1-open-dependent-task-stale(direct)                                FAIL -> FAIL
  W6-s1-stale-open-task-blocked(CIT)                                     PASS -> PASS
  W6-s2-stale-test-evidence-blocks-consumers(CIT,R2)                     PASS -> PASS
  W6-s2-test-evidence-invalidated(CIT)                                   FAIL -> FAIL
  W6-s2-test-evidence-invalidated(CIT,R2)                                PASS -> PASS
  W6-s2-test-evidence-invalidated(direct)                                FAIL -> FAIL
  W6-s3-checkpoint-packet-ref-flagged(CIT)                               FAIL -> FAIL
  W6-s3-context-packets-invalidated(CIT)                                 FAIL -> FAIL
  W6-s3-context-packets-invalidated(direct)                              FAIL -> FAIL
  W6-s4-cit-computes-impacted-nodes                                      PASS -> PASS
  W6-s4-graph-impact(REQ)                                                PASS -> PASS
  W6-s5-rework-tasks-generated(CIT)                                      FAIL -> FAIL
  W6-s6-completed-task-revalidated(CIT)                                  FAIL -> FAIL
  W6-s6-completed-task-revalidated(CIT,R2)                               FAIL -> FAIL
  W6-s6-completed-task-revalidated(direct)                               FAIL -> FAIL
  W6-s7-closed-task-evidence-not-green(CIT)                              FAIL -> FAIL
  W6-s7-retest-flag-not-cleared-by-close                                 FAIL -> FAIL
  W6-s7-stale-evidence-surfaced(direct)                                  FAIL -> PASS   <== changed

== zeta-r.W12-scheduler-integration.out  (before-shim -> after-shim)
  AC16-W12xO5-health-state-reflects-missing-input                        PASS -> PASS
  AC16-W12xO5-health-state-reflects-superseded-consumption               FAIL -> PASS   <== changed
  AC16-W12xO5-tier-scheduler-present                                     PASS -> PASS
  W12-G0-current-version-substitution-blocked(claim)                     FAIL -> FAIL
  W12-G0-superseded-target-substitution-blocked(cit)                     FAIL -> FAIL
  W12-G1-dependency-evidence-invalidated                                 FAIL -> FAIL
  W12-G1-mutation-detected(index)                                        PASS -> PASS
  W12-G2-input-consumption-traceability-verified-at-close                FAIL -> FAIL
  W12-G3-continuity-verified(checkpoint)                                 FAIL -> FAIL
  W12-G4-cit-wider-propagation                                           PASS -> PASS
  W12-G4-propagation-after-noncit-architecture-change                    FAIL -> FAIL
  W12-G5-audits-end-to-end-lineage                                       FAIL -> PASS   <== changed
  W12-G5-audits-missing-input                                            PASS -> PASS
  W12-G5-audits-superseded-consumption                                   FAIL -> PASS   <== changed

# TOTAL FAIL->PASS: 27, PASS->FAIL: 0, PASS->PASS: 367, FAIL->FAIL: 113, only-before: 0, only-after: 0
