# P2-AR-0034 hygiene at a0cb4e3497080bf5a7499405ca813653796f6d23 (2026-09-19T11:34:40Z)
## rustfmt --check (edition 2021) on every Rust file this run changed (hunks)
cli/src/main.rs 0 (tests/certification/main.rs follows every mod; its pre-existing section6.rs/srr.rs hunks are not this run's)
runtime/src/orchestration/control.rs 0 (tests/certification/main.rs follows every mod; its pre-existing section6.rs/srr.rs hunks are not this run's)
runtime/src/orchestration/gates.rs 0 (tests/certification/main.rs follows every mod; its pre-existing section6.rs/srr.rs hunks are not this run's)
runtime/src/t2.rs 0 (tests/certification/main.rs follows every mod; its pre-existing section6.rs/srr.rs hunks are not this run's)
tests/certification/greenfield.rs 0 (tests/certification/main.rs follows every mod; its pre-existing section6.rs/srr.rs hunks are not this run's)
tests/certification/main.rs 36 (tests/certification/main.rs follows every mod; its pre-existing section6.rs/srr.rs hunks are not this run's)
tests/certification/ws03.rs 0 (tests/certification/main.rs follows every mod; its pre-existing section6.rs/srr.rs hunks are not this run's)
tests/certification/ws03_r3.rs 0 (tests/certification/main.rs follows every mod; its pre-existing section6.rs/srr.rs hunks are not this run's)
tests/certification/ws06.rs 0 (tests/certification/main.rs follows every mod; its pre-existing section6.rs/srr.rs hunks are not this run's)
## build warnings (cargo build; cargo test --no-run)
0
0
## diffstat 53897c1..HEAD (product, tests, kernel, spec, docs)
 README.md                                 |   10 +-
 cli/src/main.rs                           |   47 +-
 docs/ARCHITECTURE.md                      |  283 +++++-
 docs/COMMANDS.md                          |   91 +-
 docs/DECISIONS.md                         |    3 +-
 docs/FIXTURES.md                          |   16 +-
 framework/adapters/generic/template.md    |    2 +
 framework/adapters/hooks/adapter.yaml     |   10 +
 framework/adapters/hooks/template.json    |   21 +
 framework/adapters/ide/template.md        |    1 +
 framework/policies/AUTHORITY_POLICY.yaml  |    2 +
 framework/policies/ENFORCEMENT_MAP.yaml   |    8 +-
 framework/policies/HUMAN_GATE_POLICY.yaml |    4 +-
 runtime/src/orchestration/control.rs      |   72 +-
 runtime/src/orchestration/gates.rs        |   91 +-
 runtime/src/t2.rs                         | 1366 +++++++++++++++++++++++++++--
 spec/decisions/D-0010.yaml                |   81 ++
 spec/interfaces/API-0001.yaml             |   14 +-
 tests/certification/greenfield.rs         |   14 +-
 tests/certification/main.rs               |    1 +
 tests/certification/ws03.rs               |    5 +-
 tests/certification/ws03_r3.rs            | 1315 +++++++++++++++++++++++++++
 tests/certification/ws06.rs               |   19 +-
 23 files changed, 3348 insertions(+), 128 deletions(-)
## forbidden signing needles in product source (SRR-R0-L4: SigningKey, ed25519_dalek::Signer, .sign(, SecretKey, from_keypair_bytes)
0
## Contract v3 source sha256
4c2df29115c8d5389034b2e2d817772add80d61678807c23e0d520c937cb5ed3  Governance_OS_Capability_Acceptance_Contract_v3.md
## protected paths untouched (release/verification, release/root-of-trust, release/releases, release/orchestration/phase-1, audit-0, other repair-1 dirs)
0
0
## srr/** and other R1-listed files changed
0
