# base 843d79c binary
  0.67s  gov init --name t -> ok=True 
  0.11s  gov rebuild-memory -> ok=True 
  0.02s  gov cit propose --proposal p --trigger editorial --manifest /tmp -> ok=True 
  0.02s  gov cit simulate CIT-0001 -> ok=True 
  0.02s  gov cit approve CIT-0001 --method auto -> ok=True 
  0.15s  gov cit execute CIT-0001 -> ok=True 
null
  0.06s  gov checkpoint create --next-action x -> ok=True 
  0.02s  gov task create --objective o --class discovery --status READY -> ok=True 
  0.06s  gov handoff create --to-role backend-engineer --task TASK-0001 -> ok=True 
# final binary (HEAD cd02bfc)
  0.63s  gov init --name t -> ok=True 
  0.11s  gov rebuild-memory -> ok=True 
  0.03s  gov cit propose --proposal p --trigger editorial --manifest /tmp -> ok=True 
  0.03s  gov cit simulate CIT-0001 -> ok=True 
  0.02s  gov cit approve CIT-0001 --method auto -> ok=True 
  0.42s  gov cit execute CIT-0001 -> ok=True 
{"tier": "G4", "verdict": "HEALTHY", "health_result": "HR-20260919T065340734Z-382783f4", "audit": "", "state": "GREEN", "counts": {"critical": 0, "high": 0, "medium": 0, "low": 0}}
  0.14s  gov checkpoint create --next-action x -> ok=True 
  0.02s  gov task create --objective o --class discovery --status READY -> ok=True 
  0.24s  gov handoff create --to-role backend-engineer --task TASK-0001 -> ok=True 
