=== E1-b1: L0-L5 executable ===
{
  "ok": true,
  "command": "status",
  "result": {
    "framework": {
--- L0 role (independent-auditor) cannot create tasks ---
{
  "ok": false,
  "command": "task",
  "error": {
    "code": "AUTHORITY_DENIED",
    "message": "role 'independent-auditor' (L0) may not perform 'create_task' (requires L2); AUTHORITY_POLICY.authority_levels_required",
    "details": {
      "role": "independent-auditor",
      "level": "L0",
      "required": "L2",
      "operation": "create_task"
    }
  },
  "session": "",
  "release_trust": {
    "surface": "task",
    "below_floor": false,
    "marking": null,
    "presented_as": "CURRENT",
    "section_6_bullet": 7,
    "basis": "OWNER-DECISION-0006 §6 bullet 7 was asked at crate::srr::present::presentation and cleared: this machine carries no `DEGRADED — RECOVERY ONLY` marking. This states the machine's break-glass posture only; it is not a currency claim about the wider release channel, which `gov trust status` reports as UNKNOWN between ingresses."
  }
}
--- L4 orchestrator can create tasks ---
{
  "ok": true,
  "command": "task",
  "result": {
    "id": "TASK-0001",
=== E1-b2: Role authority checked on every privileged path ===
--- L1 backend-engineer cannot answer gate ---
error: unrecognized subcommand 'answer'

Usage: gov gate [OPTIONS] <COMMAND>

For more information, try '--help'.
=== E1-b3: Lower roles cannot manufacture higher-trust facts ===
--- L1 role cannot create handoff to orchestrator ---
{
  "ok": false,
  "command": "handoff",
  "error": {
    "code": "AUTHORITY_DENIED",
    "message": "role 'backend-engineer' (L1) may not perform 'create_handoff' (requires L2); AUTHORITY_POLICY.authority_levels_required",
    "details": {
      "role": "backend-engineer",
      "level": "L1",
      "required": "L2",
      "operation": "create_handoff"
    }
  },
  "session": "",
  "release_trust": {
    "surface": "handoff",
    "below_floor": false,
    "marking": null,
    "presented_as": "CURRENT",
    "section_6_bullet": 7,
    "basis": "OWNER-DECISION-0006 §6 bullet 7 was asked at crate::srr::present::presentation and cleared: this machine carries no `DEGRADED — RECOVERY ONLY` marking. This states the machine's break-glass posture only; it is not a currency claim about the wider release channel, which `gov trust status` reports as UNKNOWN between ingresses."
  }
}
=== E1-b4: Independent auditors constrained ===
--- L0 independent-auditor cannot create tasks ---
{
  "ok": false,
  "command": "task",
  "error": {
    "code": "AUTHORITY_DENIED",
    "message": "role 'independent-auditor' (L0) may not perform 'create_task' (requires L2); AUTHORITY_POLICY.authority_levels_required",
    "details": {
      "role": "independent-auditor",
      "level": "L0",
      "required": "L2",
      "operation": "create_task"
    }
  },
  "session": "",
  "release_trust": {
    "surface": "task",
    "below_floor": false,
    "marking": null,
    "presented_as": "CURRENT",
    "section_6_bullet": 7,
    "basis": "OWNER-DECISION-0006 §6 bullet 7 was asked at crate::srr::present::presentation and cleared: this machine carries no `DEGRADED — RECOVERY ONLY` marking. This states the machine's break-glass posture only; it is not a currency claim about the wider release channel, which `gov trust status` reports as UNKNOWN between ingresses."
  }
}
--- L0 independent-auditor can read status ---
{
  "ok": true,
  "command": "status",
