=== E3: Typed A2A handoffs ===
--- Create a task first ---
    "id": "TASK-0002",
task: TASK-0003
--- Create handoff (work completed, files, evidence, risks, lessons, unresolved, next) ---
ok: True
handoff_status: OPEN
has_required_return: True
required_return: ['changed_files', 'tests', 'discoveries', 'unresolved']
has_authority: True
has_expected_outputs: True
has_inputs: True
--- Handoff persists (check file) ---
--- Return contract validated ---
handoff_id: 
Traceback (most recent call last):
  File "<string>", line 3, in <module>
  File "/usr/lib/python3.12/json/__init__.py", line 293, in load
    return loads(fp.read(),
           ^^^^^^^^^^^^^^^^
  File "/usr/lib/python3.12/json/__init__.py", line 346, in loads
    return _default_decoder.decode(s)
           ^^^^^^^^^^^^^^^^^^^^^^^^^^
  File "/usr/lib/python3.12/json/decoder.py", line 337, in decode
    obj, end = self.raw_decode(s, idx=_w(s, 0).end())
               ^^^^^^^^^^^^^^^^^^^^^^^^^^^^^^^^^^^^^^
  File "/usr/lib/python3.12/json/decoder.py", line 355, in raw_decode
    raise JSONDecodeError("Expecting value", s, err.value) from None
json.decoder.JSONDecodeError: Expecting value: line 1 column 1 (char 0)
=== E3: Handoff record persisted ===
id: HND-0001
type: handoff
title: Handoff orchestrator → backend-engineer for TASK-0003
status: ACTIVE
created: '2026-09-18'
to_role: backend-engineer
task: TASK-0003
authority:
  allowed: []
  prohibited:
  - governance/kernel/**
from_role: orchestrator
inputs:
  task: TASK-0003
  context_packet: .governance-runtime/context/TASK-0003.json
expected_outputs:
- implementation
- evidence
required_return:
- changed_files
=== E3: Return contract ===
error: unexpected argument '--work-completed' found

  tip: to pass '--work-completed' as a value, use '-- --work-completed'

Usage: gov handoff return --file <FILE> <ID>

For more information, try '--help'.
=== E3: Return handoff with file ===
{
  "ok": false,
  "command": "handoff",
  "error": {
    "code": "SCHEMA_INVALID",
    "message": "schema validation failed for worker-return (worker return contract): <root>: \"proposed_decisions\" is a required property; <root>: \"recommended_next_action\" is a required property; <root>: \"status\" is a required property; <root>: \"task\" is a required property",
    "details": {
      "errors": [
        "<root>: \"proposed_decisions\" is a required property",
        "<root>: \"recommended_next_action\" is a required property",
        "<root>: \"status\" is a required property",
        "<root>: \"task\" is a required property"
      ]
    }
  },
  "session": "",
  "release_trust": {
    "surface": "handoff",
    "below_floor": false,
    "marking": null,
    "presented_as": "CURRENT",
    "section_6_bullet": 7,
    "basis": "OWNER-DECISION-0006 §6 bullet 7 was asked at crate::srr::present::presentation and cleared: this machine carries no `DEGRADED — RECOVERY ONLY` marking. This states the machine's break-glass posture only; it is not a currency claim about the wider release channel, which `gov trust status` reports as UNKNOWN between ingresses."
  }
}
=== E3: Return handoff with valid file ===
{
  "ok": true,
  "command": "handoff",
  "result": {
    "handoff": "HND-0001",
    "status": "RETURNED",
    "files_changed": [
      "src/main.rs"
    ],
    "unresolved": [],
    "lessons_created": [
      "L-0001"
    ]
  },
  "session": "",
  "release_trust": {
    "surface": "handoff",
    "below_floor": false,
    "marking": null,
    "presented_as": "CURRENT",
    "section_6_bullet": 7,
    "basis": "OWNER-DECISION-0006 §6 bullet 7 was asked at crate::srr::present::presentation and cleared: this machine carries no `DEGRADED — RECOVERY ONLY` marking. This states the machine's break-glass posture only; it is not a currency claim about the wider release channel, which `gov trust status` reports as UNKNOWN between ingresses."
  }
}
