=== E4: Task claims ===
--- Claim a task ---
ok: True
holder: None
has_baseline: True
--- Claim collision detected ---
ok: False
code: TASK_CLAIMED
--- Claims listed ---
Traceback (most recent call last):
  File "<string>", line 1, in <module>
AttributeError: 'list' object has no attribute 'get'
ok: True
--- Stale claim sweep (lease) ---
ok: True
--- Parallel work dependency constraints (DAG) ---
ok: True
has_runnable: True
has_blocked: True
=== E4-b3: Claims survive rebuild ===
rebuild ok: True
claims after rebuild: [{'task_id': 'TASK-0001', 'session_id': 'sess-A', 'role': 'orchestrator', 'claimed_at': '2026-09-18T19:52:23Z', 'expires_at': '2026-09-18T23:52:23Z', 'expired': False}]
