=== F4: Plugin trust boundary ===
--- Plugins list ---
ok: True
--- Plugins health ---
ok: True
--- Plugin governance findings (self-authorising detection) ---
ok: True
plugin_checks: 0
--- F4-b1: Descriptor cannot authorise itself (verified via code) ---
190:pub fn self_authorising_claims(desc: &PluginDescriptor) -> Vec<String> {
238:    let claims = self_authorising_claims(desc);
634:        let claims = self_authorising_claims(d);
242:    if let Standing::Mismatched(why) = &standing {
637:            Standing::Mismatched(why) => out.push(json!({"severity": "high", "plugin_id": d.plugin_id, "message": format!("plugin {} does not match its registration: {why}", d.plugin_id), "path": d.source})),
--- F4-b2: Registration/provenance in trusted OS state ---
24:pub const REGISTRY_PATH: &str = "governance/generated/plugin-registry.json";
28:    p.root.join(REGISTRY_PATH)
--- F4-b3: Descriptor/implementation bytes hash-bound ---
111:pub fn pin_hash(desc: &PluginDescriptor, root: &Path) -> Option<String> {
337:    let observed = pin_hash(desc, &p.root);
346:        if let Some(reg_impl) = e.get("implementation_sha256").and_then(|v| v.as_str()) {
480:    let pin = pin_hash(&tmp, &p.root);
--- F4-b4: Drift/tampering fails closed ---
244:        return Err(GovError::new("PLUGIN_REGISTRY_MISMATCH", why.clone()).with_details(
342:            return Err(GovError::new("PLUGIN_PIN_MISMATCH", format!("plugin '{}' implementation does not match its declared pin (sha256 {declared}); re-register after review", desc.plugin_id)).with_details(json!({"plugin_id": desc.plugin_id, "checks": checks})));
350:                return Err(GovError::new("PLUGIN_PIN_MISMATCH", format!("plugin '{}' implementation does not match the registered content hash; re-register after review", desc.plugin_id)).with_details(json!({"plugin_id": desc.plugin_id, "checks": checks})));
357:        if pol.get_bool("TOOL_POLICY", "plugins.refuse_on_pin_drift", true) {
359:                "PLUGIN_PIN_MISMATCH",
--- F4-b5: Elevated permissions reference authoritative gate ---
297:    let elevated = pol.get_list("TOOL_POLICY", "plugins.elevated_permission_classes");
307:                e.get("registration_gate")
313:        checks.push(json!({"check": "elevated_permissions_approved", "ok": gate_ok, "detail": format!("registry gate {gate:?}; registered {registered}")}));
482:    let elevated = pol.get_list("TOOL_POLICY", "plugins.elevated_permission_classes");
497:            .get("registration_gate")
--- F4-b6: Security review cannot be self-attested ---
387:    // only when `security_review_record` resolves to an existing governed record. Otherwise the condition fails and a
389:    let review_record = descriptor["security_review_record"]
393:    let review_ok = descriptor["security_review"]
400:        approved_licences.contains(&lic) && review_ok,
406:                .unwrap_or_else(|| "no governed record (descriptor.security_review_record)".into())
