=== I1: Unified task DAG - 22 task classes ===
--- Task classes supported ---
task_classes: ['architecture', 'data', 'decision-preparation', 'devops', 'discovery', 'documentation', 'experiment', 'governance', 'implementation', 'integration', 'memory', 'migration', 'performance', 'refactor', 'release', 'repair', 'research', 'security', 'specification', 'test-design', 'test-execution', 'tooling', 'validation']
count: 23
--- Create tasks of different classes ---
PASS: discovery
PASS: research
PASS: experiment
PASS: specification
PASS: decision-preparation
PASS: data
PASS: architecture
PASS: implementation
PASS: integration
PASS: test-design
PASS: test-execution
PASS: security
PASS: devops
PASS: performance
PASS: validation
PASS: refactor
PASS: repair
PASS: documentation
PASS: release
PASS: tooling
PASS: memory
PASS: governance
