governed security review: RPT-0001
PASS  F3/F4 setup: an independent governed security review exists (RPT-0001)
PASS  OD-P2-03 req 6: a non-elevated, reviewed, pinned, reversible install is NOT gated (got not_gated/none)
PASS  F3: the non-gated installation completes (install/configure/register/health/continue) (got True)
PASS  OD-P2-03 trigger 'privilege_escalation' gates: declares a permission class the role does not hold (triggers privilege_escalation, gate HDG-0002)
PASS  OD-P2-03 trigger 'host_level_authority' gates: declares a host-authority class (triggers host_level_authority, gate HDG-0004)
PASS  OD-P2-03 trigger 'new_secret_or_credential_access' gates: declares credential access (triggers new_secret_or_credential_access, gate HDG-0006)
PASS  OD-P2-03 trigger 'privilege_escalation' gates: installs with sudo (triggers privilege_escalation, gate HDG-0007)
PASS  OD-P2-03 trigger 'host_level_authority' gates: installs with a host package manager (triggers host_level_authority, gate HDG-0008)
PASS  OD-P2-03 trigger 'host_level_authority' gates: installs globally (triggers host_level_authority, gate HDG-0009)
PASS  OD-P2-03 trigger 'broader_filesystem_or_project_access' gates: reaches outside the project (triggers broader_filesystem_or_project_access, gate HDG-0010)
PASS  OD-P2-03 trigger 'governance_or_security_policy_mutation' gates: declares a policy mutation (triggers governance_or_security_policy_mutation, gate HDG-0011)
PASS  OD-P2-03 trigger 'new_or_unrestricted_network_trust_boundary' gates: fetches from an unallowlisted host (triggers new_or_unrestricted_network_trust_boundary, gate HDG-0012)
PASS  OD-P2-03 trigger 'new_secret_or_credential_access' gates: declares a credential scope (triggers new_secret_or_credential_access, gate HDG-0013)
PASS  OD-P2-03 trigger 'new_secret_or_credential_access' gates: reads a credential in its command (triggers new_secret_or_credential_access, gate HDG-0014)
PASS  OD-P2-03: ordinary use of the approved registry registry.npmjs.org alone does not gate (got not_gated)
FAIL  OD-P2-03 req 3: an install command that runs sudo inside 'sh -c' installed with NO human gate (branch=not_gated expands=False triggers=- undetermined=0)
FAIL  OD-P2-03 req 3: an install command that copies /etc/shadow inside 'bash -lc' installed with NO human gate (branch=not_gated expands=False triggers=- undetermined=0)
FAIL  OD-P2-03 req 3: an install command that runs os.system(sudo) in python3 -c installed with NO human gate (branch=not_gated expands=False triggers=- undetermined=0)
FAIL  OD-P2-03 req 3: an install command that is an opaque build target installed with NO human gate (branch=not_gated expands=False triggers=- undetermined=0)
FAIL  F4:431 / BC-P2-41: the review of TL-JQ 1.7.1 authorised a DIFFERENT installation (command swapped after review; branch=not_gated, executed outside any gate)
PASS  OD-P2-03 req 4/5: the installed descriptor records decision, rule, branch, why, bound review and change transaction
---- F3-F4-tool-install-gate.sh: 16 passed, 5 failed
