    data register (requirement) -> ok
    data register (dataset)     -> ok
Traceback (most recent call last):
  File "<stdin>", line 2, in <module>
  File "<frozen os>", line 685, in __getitem__
KeyError: 'PROJ'
    H1 node kinds: idea=yes;mission/outcomes=yes;users/actors=yes;journeys=yes;scenarios=yes;features/capabilities=yes;data=yes;requirements/NFRs=yes;research/experiments=yes;decisions=yes;algorithms/processing=yes;architecture=yes;interfaces=yes;security/performance/operations=yes;WBS/task DAG=yes;acceptance/test obligations=yes;live evidence=yes
types: algorithm,architecture,audit,data,decision,experiment,feature,interface,project,requirement,research,scenario,security,task,test-obligation,workflow
PASS  H1: every one of the seventeen lineage kinds is a governed, traceable record kind
    artefact lineage FEAT-0001 -> ok
PASS  H2: the readiness contract has exactly 26 dimensions (got 26)
PASS  H2: exactly the five statuses the contract names (got BLOCKED,MISSING,N/A_WITH_REASON,PRESENT,PROVISIONAL)
PASS  H2: readiness check evaluates all 26 cells for a feature (got 26)
PASS  H2: a silent N/A is reported invalid, not honoured (got invalid)
PASS  H2: an N/A with a reason is honoured as a distinct state (got N/A_WITH_REASON)
    generated readiness work: {"performance_capacity": "performance", "integrations": "architecture", "recovery_fallback": "architecture", "user_actor": "specification", "representative_test_data": "data", "security_privacy": "security", "scenarios": "specification", "database_state_requirements": "architecture", "ux_interactions": "specification", "documentation_operations": "documentation", "success_criteria": "specification", "non_functional_requirements": "specification", "backend_service_behaviour": "architecture", "journey_workflow": "specification", "interface_api_event_contracts": "architecture", "functional_requirements": "specification", "processing_algorithm": "research", "inputs": "specification", "observability": "devops", "expected_outputs": "specification", "failure_criteria": "specification", "devops_runtime": "devops", "independent_acceptance_tests": "test-design", "data_model_schema": "data"}
PASS  H3: a missing data_model_schema generates a data task (got data)
PASS  H3: a missing performance_capacity generates a performance task (got performance)
PASS  H3: a missing security_privacy generates a security task (got security)
PASS  H3: a missing independent_acceptance_tests generates a test-design task (got test-design)
PASS  H3: a generated independent-test gap task carries its designated role (got independent-test-designer)
PASS  H3: a production implementation task is not runnable while pre-implementation cells are unsatisfied (stored status DRAFT) (got blocked)
    H4 chain: feature=yes;scenario=yes;data_requirements=yes;test_datasets=yes;success_criteria=yes;failure_criteria=yes;tests=yes
independent=True
PASS  H4 b1: the chain carries feature
PASS  H4 b1: the chain carries data_requirements
PASS  H4 b1: the chain carries test_datasets
PASS  H4 b1: the chain carries success_criteria
PASS  H4 b1: the chain carries failure_criteria
PASS  H4 b1: the chain carries tests
    TD-0001 authorship: {"authorship": {"role": "data-author", "session": "main-hspec", "source": "os-recorded", "established": true, "detail": {"stamp": {"role": "data-author", "session": "main-hspec", "at": "2026-09-20T21:09:42Z", "operation": "data register"}, "t2": {"binding": "VERIFIED", "key_id": "31d52a0b337e4224", "scope": "machine", "operation": "data register", "at": "2026-09-20T21:09:42Z"}}}, "author_role": null, "author_session": null, "independent_of_test_author": null}
PASS  H4 b2: the OS records the test-data author
PASS  H4 b2: a dataset authored by the scenario's own end-to-end test author is refused (DATA_AUTHOR_NOT_INDEPENDENT)
    scenario check codes: DATA_AUTHOR_IS_TEST_AUTHOR
PASS  H4 b3: a test dataset without recorded provenance is refused (got DATA_PROVENANCE_REQUIRED)
PASS  H4 b3: provenance is bound to content that exists, not merely asserted (got DATA_LOCATION_MISSING)
    audit verdict with an H4 gap: UNHEALTHY; task.close -> 
PASS  P2-ADJ-0003: an incomplete scenario chain degrades suite health (UNHEALTHY)
---- H1-H4-spec-readiness.sh: 23 passed, 0 failed
