=================== alpha-r.A3-security-sensitivity
71,92c71,88
< [C5] cit propose: True CIT-N | status = SIMULATED | error = None
< [C5] simulate: {"impact_radius": null, "radius": null, "human_gate_required": null, "human_gate": "HDG-N", "cit_status": null} | keys: ['cit', 'human_gate', 'impact']
< [C5] cit approve without an answered gate -> REFUSED GATE_NOT_PRESENTED
< [C5] cit execute before approval -> REFUSED USAGE | D-N still present: True
< [C5] (kernel now tampered) kernel override as change-controller (L3) -> REFUSED AUTHORITY_DENIED
< [C5] (kernel now tampered) kernel override as orchestrator (L4) -> ok {"override_active": false, "human_gate": "HDG-N"}
< [C5] mutating op while the override gate is unanswered -> REFUSED KERNEL_TAMPERED
< [C5] plugins register with elevated NETWORK_WRITE -> {"registered": false, "human_gate": "HDG-N", "reason": "elevated permissions or privilege escalation require a presented, answered registration gate; re-run with the descriptor field registration_gate: <HDG> after the human answers A"}
< 
< ## [C6] outbound / export default-deny (upstream export gate)
< [C6] prepare L-0901 -> REFUSED UPSTREAM_SCOPE: lesson L-0901 has scope PROJECT; only ["FRAMEWORK"] lessons may be exported (framework §75E)
< [C6] prepare L-0902 -> REFUSED UPSTREAM_BLOCKED: export gate failed closed for L-0902: secret pattern aws-access-key in field problem_statement
< [C6] prepare L-0903 -> ok {"packet_id": "PKT-0002", "blocked": null, "blocked_reasons": null}
< [C6] submit (no --approved-by      ) -> REFUSED HUMAN_GATE_REQUIRED
< [C6] submit (remote URL            ) -> REFUSED REMOTE_TRANSPORT_NOT_CONFIGURED
< [C6] submit (not an inbox dir      ) -> REFUSED UPSTREAM_DESTINATION
< [C6] submit (approved, local inbox ) -> ok files=["packet.yaml"]
< [C6] what reached the inbox: ['PKT-0002-a3-a/packet.yaml']
< [C6] path-level export decision: customers list export = excluded (never indexed)
< 
< DONE
< [exit=0]
---
> [C5] cit propose: False None | status = None | error = cit.propose is refused: 2 active hard-block(s), e.g. check D011 (critical): 1 file(s) contain secret patterns but are not secret-class: product/settings.py. Repair the condition, then re-run `gov health run` (or `gov doctor` for doctor checks) to clear it
> Traceback (most recent call last):
>   File "", line 146, in <module>
>     s = sb.gov("cit", "simulate", cid, cwd=p, quiet=True)
>         ^^^^^^^^^^^^^^^^^^^^^^^^^^^^^^^^^^^^^^^^^^^^^^^^^
>   File "", line 199, in gov
>     r = subprocess.run(cmd, cwd=cwd or self.dir, env=e, capture_output=True, text=True)
>         ^^^^^^^^^^^^^^^^^^^^^^^^^^^^^^^^^^^^^^^^^^^^^^^^^^^^^^^^^^^^^^^^^^^^^^^^^^^^^^^
>   File "/usr/lib/python3.12/subprocess.py", line 548, in run
>     with Popen(*popenargs, **kwargs) as process:
>          ^^^^^^^^^^^^^^^^^^^^^^^^^^^
>   File "/usr/lib/python3.12/subprocess.py", line 1026, in __init__
>     self._execute_child(args, executable, preexec_fn, close_fds,
>   File "/usr/lib/python3.12/subprocess.py", line 1885, in _execute_child
>     self.pid = _fork_exec(
>                ^^^^^^^^^^^
> TypeError: expected str, bytes or os.PathLike object, not NoneType
> [exit=1]
=================== alpha-r.A4-budget-governance
30,31c30,31
< [B5] cit simulate: {"human_gate": "HDG-N", "impact": {"radius": "R1", "seeds": [], "affected": [], "affected_tasks": [], "tests_required": [], "features": [], "other": [], "semantic_candidates": [{"artifact_id": "file:governance/kernel/schemas/tool.schema.json", "path": "governance/kernel/schemas/tool.schema.json", "score": 0., "routes": ["lexical", "semantic"]}, {"artifact_id": "HDG-N", "path": "spec/decisions/HDG-N.yaml", "score": 0., "routes": ["lexical"]}, {"artifact
< [B5] gates: [('HDG-N', 'infrastructure_cost', 'Approve change CIT-N: provision 40 GPU nodes in the cloud')]
---
> [B5] cit simulate: {"human_gate": "HDG-N", "impact": {"radius": "R3", "seeds": [], "affected": [], "affected_tasks": [], "tests_required": [], "features": [], "other": [], "completed_tasks_to_revalidate": [], "material_classes": ["architecture_change"], "effective_triggers": ["architecture_change", "infrastructure_cost"], "semantic_candidates": [{"artifact_id": "file:governance/kernel/schemas/tool.schema.json", "path": "governance/kernel/schemas/tool.schema.json", "score": 0., "routes": ["lexi
> [B5] gates: [('HDG-N', 'budget_threshold', 'Budget threshold exceeded: daily spend 232.00 > BUDGET_POLICY.defaults')]
39c39
< [B7] gov status human_gates: [('HDG-N', 'tool_install'), ('HDG-N', 'budget_threshold'), ('HDG-N', 'budget_threshold'), ('HDG-N', 'budget_threshold'), ('HDG-N', 'infrastructure_cost')]
---
> [B7] gov status human_gates: [('HDG-N', 'architecture_change'), ('HDG-N', 'tool_install'), ('HDG-N', 'budget_threshold'), ('HDG-N', 'budget_threshold'), ('HDG-N', 'budget_threshold')]
=================== alpha-r.A5-emergency-controls
63c63
< [E6] telemetry events for the controls (derived runtime, gitignored): [('cli.pause', 'backend-engineer', 'S-', {'ok': False, 'duration_ms': 7, 'error': 'AUTHORITY_DENIED'}), ('cli.freeze-writes', 'independent-auditor', 'S-', {'ok': False, 'duration_ms': 7, 'error': 'AUTHORITY_DENIED'}), ('cli.pause', 'not-a-role', 'S-', {'ok': False, 'duration_ms': 2, 'error': 'UNKNOWN_ROLE'}), ('cli.pause', 'change-controller', 'S-operator', {'ok': True, 'duration_ms': 11, 'error': None}), ('cli.pause', 'change-controller', 'S-', {'ok': True, 'duration_ms': 11, 'error': None}), ('cli.resume', 'change-contro
---
> [E6] telemetry events for the controls (derived runtime, gitignored): [('cli.pause', 'backend-engineer', 'S-', {'ok': False, 'duration_ms': 7, 'error': 'AUTHORITY_DENIED'}), ('cli.freeze-writes', 'independent-auditor', 'S-', {'ok': False, 'duration_ms': 7, 'error': 'AUTHORITY_DENIED'}), ('cli.pause', 'not-a-role', 'S-', {'ok': False, 'duration_ms': 2, 'error': 'UNKNOWN_ROLE'}), ('cli.pause', 'change-controller', 'S-operator', {'ok': True, 'duration_ms': 11, 'error': None}), ('cli.pause', 'change-controller', 'S-', {'ok': True, 'duration_ms': 12, 'error': None}), ('cli.resume', 'change-contro
=================== gamma-r.E1-authority
120c120
< exit=1 ok=false code=GATE_NOT_PRESENTED msg=human gate HDG-N was never presented in chat (INV-008); run `gov gate present HDG-N`
---
> exit=1 ok=false code=GATE_NOT_PRESENTED msg=human gate HDG-N was never presented to the human (INV-008); run `gov gate present HDG-N` and obtain the owner's answer
=================== gamma-r.E2-roles
140c140
<   runtime/src/orchestration/handoffs.rs:24:            .join("ROLES.yaml"),
---
>   runtime/src/orchestration/handoffs.rs:163:            .join("ROLES.yaml"),
=================== gamma-r.E3-handoffs
8c8
<     inputs = {"spec": "F-0001", "scenarios": ["SCN-0001"]}
---
>     inputs = {"spec": "F-0001", "scenarios": ["SCN-0001"], "context_packet_hash": ""}
=================== gamma-r.G1G2-command-surface
=================== gamma-r.H1-lineage
=================== gamma-r.I1I2-tasks
39c39
<   [I2.b4 required_data       ] False
---
>   [I2.b4 required_data       ] True
45c45
<   [I2.b9 production merge    ] False
---
>   [I2.b9 production merge    ] True
=================== gamma-r.I3-generation
21,23c21,23
<       event result: ok=True  {"cit_status": "COMMITTED"}
<       TASK-AFF after the CIT: retest_required: true retest_reason: CIT CIT-N 
<       dag TASK-AFF: [['feature F-0001 pre-implementation readiness cells missing: security_privacy, performance_capacity', 'TEST_POLICY.implementation_task_requires: no scenarios declared on the task or its feature', 'TEST_POLICY.implementation_task_requires: no acceptance tests declared on the task or its feature', 'retest required after CIT propagation']]
---
>       event result: ok=False USAGE {}
>       TASK-AFF after the CIT: 
>       dag TASK-AFF: [['feature F-0001 pre-implementation readiness cells missing: security_privacy, performance_capacity', 'TEST_POLICY.implementation_task_requires: no scenarios declared on the task or its feature', 'TEST_POLICY.implementation_task_requires: no acceptance tests declared on the task or its feature']]
=================== epsilon-r.O4-suite-currency
=================== epsilon-r.O5-G0-guard-matrix
=================== epsilon-r.O5-scheduler-requirements
43c43
< state.db before: {'inode': 10979317, 'mtime': , 'sha': ''}
---
> state.db before: {'inode': 11205338, 'mtime': , 'sha': ''}
45c45
< state.db after : {'inode': 10979317, 'mtime': , 'sha': ''}
---
> state.db after : {'inode': 11205338, 'mtime': , 'sha': ''}
84c84
< cit propose: exit=0 [true, "CIT-N"]
---
> cit propose: exit=1 [false, "HEALTH_HARD_BLOCK"]
94c94
< only trace of the doctor run: cli.doctor {'ok': True, 'duration_ms': 73, 'error': None}
---
> only trace of the doctor run: cli.doctor {'ok': True, 'duration_ms': 63, 'error': None}
=================== epsilon-r.O5-tiers-G1-G6
46c46
< radius/gate: R2 HDG-N
---
> radius/gate: R3 HDG-N
86c86,90
< fatal: not a git repository (or any of the parent directories): .git
---
> cli/src/main.rs:348:        /// Tier G1..G6 (default: every suite check, cache reused)
> runtime/src/contracts.rs:147:        "health-scheduler tier(s) G0–G6",
> runtime/src/contracts.rs:1036:    // ---- health-scheduler tiers (O5 "Tiered checks:"), cross-checked with Contract v3:67 "G0–G6"
> runtime/src/contracts.rs:1080:            "the O5 'Tiered checks:' items do not define the G0–G6 tiers Contract v3:67 names",
> runtime/src/contracts.rs:3065:        assert_eq!(m.tier_ids(), vec!["G0", "G1", "G2", "G3", "G4", "G5", "G6"]);
