# P2-AR-0040 product identity (release/orchestration/phase-2/tools/product_identity.py)
commit: 53897c1a44157e5af81b176017bc7ded6a63b9cd
product_code_digest: 797da37c8532528e1b8f3d924e2b7b7a304bb567bd928ce80126e8e120161fe1
governed_state_digest: 8f191e3906850368eb82bc886d5a095a788469103ed7318a9236462464ae948f

commit: adb912009419eca1f8966fc6b6351221b41a4d66
product_code_digest: cdb9058cc102f0f0d110e0164337751df0bf1bec235054b0febb367ab2220456
governed_state_digest: 8f191e3906850368eb82bc886d5a095a788469103ed7318a9236462464ae948f

commit: 16e4c0ba47018de2d4a652406b41a03cdf28bac1
product_code_digest: 4dedf0279de64c5b070103a1efdb219e790e2dd96e60be968161131372ff7225
governed_state_digest: 8f191e3906850368eb82bc886d5a095a788469103ed7318a9236462464ae948f

# Contract v3 source sha256: 4c2df29115c8d5389034b2e2d817772add80d61678807c23e0d520c937cb5ed3
# frozen gate contract sha256: d2f33e89d5459dd809e17271e46854cc886ed958ca63f89765e16d6a26a9f25e
# debug gov at 16e4c0b sha256: 0ddb78f32bf85366ad05b80ba8b0e31ceb8963641ca49cae6a656ea1ea6a7acd
# files changed base 53897c1..16e4c0b:
 framework/schemas/adoption-baseline.schema.json |    9 +-
 framework/schemas/migration.schema.json         |   13 +-
 migrations/M-4.1.5-4.1.6.yaml                   |  144 ++-
 migrations/README.md                            |    7 +
 runtime/src/adopt.rs                            |  337 ++++++-
 runtime/src/migrations/executor.rs              |  295 ++++++-
 runtime/src/migrations/framework.rs             | 1064 +++++++++++++++++++----
 runtime/src/migrations/planner.rs               |    2 +-
 runtime/src/migrations/verify.rs                |  403 ++++++++-
 tests/certification/migration.rs                |  166 +++-
 10 files changed, 2212 insertions(+), 228 deletions(-)
# paths outside this run's ownership changed (R1 list, cli/main.rs, lib.rs, other workstreams' files, release/verification, release/root-of-trust, release/releases, audit-0) — expect none:
  (end)
