{
 "status": "OK",
 "packet_sha256": "17c69c19e4ed30fc6e337cace87e8ef70d3deff4a9c6e6234429b075513d6712",
 "pre_counts": {
  "A": 20,
  "B": 5,
  "C": 1,
  "D.1": 17,
  "D.2": 4,
  "D.3": 1,
  "E": 0,
  "F": 6,
  "G": 704,
  "H": 124,
  "I": 1,
  "J": 1
 },
 "post_counts": {
  "A": 20,
  "D.1": 17,
  "D.2": 4,
  "D.3": 1,
  "B": 5,
  "C": 1,
  "E": 0,
  "F": 6,
  "G": 325,
  "H": 43,
  "I": 1,
  "J": 1
 },
 "n_drops": 460
}
0b6ecfee0f193bcc9eb2c40cee85068b7012a5ba97cb2af10ee0e771c7184b3e  $SCRATCH/pinned/capture.json
