release/orchestration/phase-2-context-bridge/ARCHITECTURE/REPAIR-1/CAUSE_ANALYSIS.md:163: IDENT PUBLIC
release/orchestration/phase-2-context-bridge/ARCHITECTURE/REPAIR-1/CAUSE_ANALYSIS.md:274: IDENT PUBLIC
release/orchestration/phase-2-context-bridge/ARCHITECTURE/REPAIR-1/CAUSE_ANALYSIS.md:302: IDENT PUBLIC
release/orchestration/phase-2-context-bridge/ARCHITECTURE/REPAIR-1/CAUSE_ANALYSIS.md:309: IDENT PUBLIC
release/orchestration/phase-2-context-bridge/ARCHITECTURE/REPAIR-1/CAUSE_ANALYSIS.md:330: IDENT PUBLIC
release/orchestration/phase-2-context-bridge/ARCHITECTURE/REPAIR-1/CAUSE_ANALYSIS.md:340: IDENT PUBLIC
release/orchestration/phase-2-context-bridge/ARCHITECTURE/REPAIR-1/CAUSE_ANALYSIS.md:353: IDENT PUBLIC
release/orchestration/phase-2-context-bridge/ARCHITECTURE/REPAIR-1/REPAIR_DAG.yaml:19: IDENT PUBLIC
release/orchestration/phase-2-context-bridge/ARCHITECTURE/REPAIR-1/REPAIR_DAG.yaml:171: IDENT PUBLIC
release/orchestration/phase-2-context-bridge/ARCHITECTURE/REPAIR-1/REPAIR_DAG.yaml:185: IDENT PUBLIC
release/orchestration/phase-2-context-bridge/ARCHITECTURE/REPAIR-1/REPAIR_DAG.yaml:185: IDENT PUBLIC
release/orchestration/phase-2-context-bridge/ARCHITECTURE/REPAIR-1/REPAIR_DAG.yaml:198: PATH PUBLIC
release/orchestration/phase-2-context-bridge/ARCHITECTURE/REPAIR-1/REPAIR_DAG.yaml:637: IDENT PUBLIC
release/orchestration/phase-2-context-bridge/ARCHITECTURE/REPAIR-1/REPAIR_DAG.yaml:639: IDENT PUBLIC
release/orchestration/phase-2-context-bridge/ARCHITECTURE/REPAIR-1/REPAIR_PLAN.md:7: IDENT PUBLIC
release/orchestration/phase-2-context-bridge/ARCHITECTURE/REPAIR-1/REPAIR_PLAN.md:108: IDENT PUBLIC
release/orchestration/phase-2-context-bridge/ARCHITECTURE/REPAIR-1/REPAIR_PLAN.md:255: IDENT PUBLIC
release/orchestration/phase-2-context-bridge/ARCHITECTURE/REPAIR-1/REPAIR_PLAN.md:324: IDENT PUBLIC
release/orchestration/phase-2-context-bridge/ARCHITECTURE/REPAIR-1/REPAIR_PLAN.md:339: IDENT PUBLIC
release/orchestration/phase-2-context-bridge/ARCHITECTURE/REPAIR-1/evidence/06-packet-facts.json:62: IDENT PUBLIC
release/orchestration/phase-2-context-bridge/ARCHITECTURE/REPAIR-1/evidence/06-packet-facts.json:63: IDENT PUBLIC
release/orchestration/phase-2-context-bridge/ARCHITECTURE/REPAIR-1/evidence/06-packet-facts.json:214: IDENT PUBLIC
release/orchestration/phase-2-context-bridge/ARCHITECTURE/REPAIR-1/evidence/06-packet-facts.json:226: IDENT PUBLIC
release/orchestration/phase-2-context-bridge/ARCHITECTURE/REPAIR-1/evidence/06-packet-facts.json:238: IDENT PUBLIC
release/orchestration/phase-2-context-bridge/ARCHITECTURE/REPAIR-1/evidence/06-packet-facts.json:250: IDENT PUBLIC
release/orchestration/phase-2-context-bridge/ARCHITECTURE/REPAIR-1/evidence/06-packet-facts.json:262: IDENT PUBLIC
release/orchestration/phase-2-context-bridge/ARCHITECTURE/REPAIR-1/evidence/06-packet-facts.json:274: IDENT PUBLIC
release/orchestration/phase-2-context-bridge/ARCHITECTURE/REPAIR-1/evidence/06-packet-facts.json:286: STRING PUBLIC
release/orchestration/phase-2-context-bridge/ARCHITECTURE/REPAIR-1/evidence/06-packet-facts.json:286: IDENT PUBLIC
release/orchestration/phase-2-context-bridge/ARCHITECTURE/REPAIR-1/evidence/06-packet-facts.json:298: STRING PUBLIC
release/orchestration/phase-2-context-bridge/ARCHITECTURE/REPAIR-1/evidence/06-packet-facts.json:298: IDENT PUBLIC
release/orchestration/phase-2-context-bridge/ARCHITECTURE/REPAIR-1/evidence/06-packet-facts.json:310: IDENT PUBLIC
release/orchestration/phase-2-context-bridge/ARCHITECTURE/REPAIR-1/evidence/06-packet-facts.json:354: STRING PUBLIC
release/orchestration/phase-2-context-bridge/ARCHITECTURE/REPAIR-1/evidence/06-packet-facts.json:358: STRING PUBLIC
release/orchestration/phase-2-context-bridge/ARCHITECTURE/REPAIR-1/evidence/06-packet-facts.json:358: IDENT PUBLIC
release/orchestration/phase-2-context-bridge/ARCHITECTURE/REPAIR-1/evidence/06-packet-facts.json:366: STRING PUBLIC
release/orchestration/phase-2-context-bridge/ARCHITECTURE/REPAIR-1/evidence/06-packet-facts.json:370: STRING PUBLIC
release/orchestration/phase-2-context-bridge/ARCHITECTURE/REPAIR-1/evidence/06-packet-facts.json:370: IDENT PUBLIC
release/orchestration/phase-2-context-bridge/ARCHITECTURE/REPAIR-1/evidence/06-packet-facts.json:378: STRING PUBLIC
release/orchestration/phase-2-context-bridge/ARCHITECTURE/REPAIR-1/evidence/06-packet-facts.json:384: STRING PUBLIC
release/orchestration/phase-2-context-bridge/ARCHITECTURE/REPAIR-1/evidence/06-packet-facts.json:384: IDENT PUBLIC
release/orchestration/phase-2-context-bridge/ARCHITECTURE/REPAIR-1/evidence/06-packet-facts.json:392: STRING PUBLIC
release/orchestration/phase-2-context-bridge/ARCHITECTURE/REPAIR-1/evidence/06-packet-facts.json:398: IDENT PUBLIC
release/orchestration/phase-2-context-bridge/ARCHITECTURE/REPAIR-1/evidence/06-packet-facts.json:406: STRING PUBLIC
release/orchestration/phase-2-context-bridge/ARCHITECTURE/REPAIR-1/evidence/06-packet-facts.json:410: STRING PUBLIC
release/orchestration/phase-2-context-bridge/ARCHITECTURE/REPAIR-1/evidence/06-packet-facts.json:410: IDENT PUBLIC
release/orchestration/phase-2-context-bridge/ARCHITECTURE/REPAIR-1/evidence/06-packet-facts.json:424: IDENT PUBLIC
release/orchestration/phase-2-context-bridge/ARCHITECTURE/REPAIR-1/evidence/06-packet-facts.json:436: STRING PUBLIC
release/orchestration/phase-2-context-bridge/ARCHITECTURE/REPAIR-1/evidence/06-packet-facts.json:436: IDENT PUBLIC
release/orchestration/phase-2-context-bridge/ARCHITECTURE/REPAIR-1/evidence/06-packet-facts.json:448: IDENT PUBLIC
release/orchestration/phase-2-context-bridge/ARCHITECTURE/REPAIR-1/evidence/06-packet-facts.json:464: PATH PUBLIC
release/orchestration/phase-2-context-bridge/ARCHITECTURE/REPAIR-1/evidence/06-packet-facts.json:469: PATH PUBLIC
release/orchestration/phase-2-context-bridge/ARCHITECTURE/REPAIR-1/evidence/06-packet-facts.json:474: PATH PUBLIC
release/orchestration/phase-2-context-bridge/ARCHITECTURE/REPAIR-1/evidence/06b-selector-sizes.json:4: IDENT PUBLIC
release/orchestration/phase-2-context-bridge/ARCHITECTURE/REPAIR-1/evidence/06b-selector-sizes.json:10: IDENT PUBLIC
release/orchestration/phase-2-context-bridge/ARCHITECTURE/REPAIR-1/evidence/06b-selector-sizes.json:17: STRING PUBLIC
release/orchestration/phase-2-context-bridge/ARCHITECTURE/REPAIR-1/evidence/06b-selector-sizes.json:17: IDENT PUBLIC
release/orchestration/phase-2-context-bridge/ARCHITECTURE/REPAIR-1/evidence/06b-selector-sizes.json:24: PATH PUBLIC
release/orchestration/phase-2-context-bridge/ARCHITECTURE/REPAIR-1/evidence/06b-selector-sizes.json:31: IDENT PUBLIC
release/orchestration/phase-2-context-bridge/ARCHITECTURE/REPAIR-1/evidence/06b-selector-sizes.json:37: PATH PUBLIC
release/orchestration/phase-2-context-bridge/ARCHITECTURE/REPAIR-1/evidence/08-anchors.public.json:988: IDENT PUBLIC
release/orchestration/phase-2-context-bridge/ARCHITECTURE/REPAIR-1/evidence/08-anchors.public.json:1362: IDENT PUBLIC
release/orchestration/phase-2-context-bridge/ARCHITECTURE/REPAIR-1/evidence/08-anchors.public.json:2479: IDENT PUBLIC
release/orchestration/phase-2-context-bridge/ARCHITECTURE/REPAIR-1/evidence/08-anchors.public.json:3011: IDENT PUBLIC
release/orchestration/phase-2-context-bridge/ARCHITECTURE/REPAIR-1/evidence/08-anchors.public.json:3683: IDENT PUBLIC
release/orchestration/phase-2-context-bridge/ARCHITECTURE/REPAIR-1/evidence/09-aggregate.json:813: IDENT PUBLIC
release/orchestration/phase-2-context-bridge/ARCHITECTURE/REPAIR-1/evidence/09-aggregate.json:897: IDENT PUBLIC
release/orchestration/phase-2-context-bridge/ARCHITECTURE/REPAIR-1/evidence/09-aggregate.json:1131: IDENT PUBLIC
release/orchestration/phase-2-context-bridge/ARCHITECTURE/REPAIR-1/evidence/09-aggregate.json:1255: IDENT PUBLIC
release/orchestration/phase-2-context-bridge/ARCHITECTURE/REPAIR-1/evidence/09-aggregate.json:1398: IDENT PUBLIC
release/orchestration/phase-2-context-bridge/ARCHITECTURE/REPAIR-1/evidence/tools/gen_repair_dag.py:30: IDENT PUBLIC
release/orchestration/phase-2-context-bridge/ARCHITECTURE/REPAIR-1/evidence/tools/gen_repair_dag.py:99: IDENT PUBLIC
release/orchestration/phase-2-context-bridge/ARCHITECTURE/REPAIR-1/evidence/tools/gen_repair_dag.py:113: IDENT PUBLIC
release/orchestration/phase-2-context-bridge/ARCHITECTURE/REPAIR-1/evidence/tools/gen_repair_dag.py:113: IDENT PUBLIC
release/orchestration/phase-2-context-bridge/ARCHITECTURE/REPAIR-1/evidence/tools/gen_repair_dag.py:532: IDENT PUBLIC
release/orchestration/phase-2-context-bridge/ARCHITECTURE/REPAIR-1/evidence/tools/gen_repair_dag.py:534: IDENT PUBLIC
release/orchestration/phase-2-context-bridge/ARCHITECTURE/REPAIR-1/evidence/tools/measure_anchors.py:481: IDENT PUBLIC
release/orchestration/phase-2-context-bridge/ARCHITECTURE/REPAIR-1/evidence/tools/oracle_overlap_selfcheck.py:43: STRING PUBLIC
release/orchestration/phase-2-context-bridge/ARCHITECTURE/REPAIR-1/evidence/tools/oracle_overlap_selfcheck.py:43: STRING PUBLIC
release/orchestration/phase-2-context-bridge/ARCHITECTURE/REPAIR-1/evidence/tools/oracle_overlap_selfcheck.py:44: STRING PUBLIC
release/orchestration/phase-2-context-bridge/ARCHITECTURE/REPAIR-1/evidence/tools/packet_facts.py:37: IDENT PUBLIC
release/orchestration/phase-2-context-bridge/ARCHITECTURE/REPAIR-1/evidence/tools/packet_facts.py:38: IDENT PUBLIC
release/orchestration/phase-2-context-bridge/ARCHITECTURE/REPAIR-1/evidence/tools/packet_facts.py:154: PATH PUBLIC
release/orchestration/phase-2-context-bridge/ARCHITECTURE/REPAIR-1/evidence/tools/packet_facts.py:155: PATH PUBLIC
release/orchestration/phase-2-context-bridge/ARCHITECTURE/REPAIR-1/evidence/tools/selector_sizes.py:19: IDENT PUBLIC
files_checked=29 overlaps=85 public=85 substantive=0
