bridge/arch-0001
6fad6197a667f43737f714ac5933f106346c6916
6e7a2a3495a8d3619759a95b7ed055da9c848618
3c880d80f81475f5306bdd5f680f2e004df49391
58219d5628683d6f462aa67bf25dbc2641933bce
3c880d80f81475f5306bdd5f680f2e004df49391
58219d5628683d6f462aa67bf25dbc2641933bce
bridge/arch-0001
bridge/p2-context-retrieval
phase2/approved-delta
phase2/ar84-repair
phase2/ar86-repair
phase2/ar88-repair
phase2/ar90-repair
phase2/cap-audit-0-alpha
phase2/cap-audit-0-alpha-r
phase2/cap-audit-0-beta
phase2/cap-audit-0-beta-r
phase2/cap-audit-0-delta
phase2/cap-audit-0-delta-r
phase2/cap-audit-0-epsilon
phase2/cap-audit-0-epsilon-r
phase2/cap-audit-0-gamma
phase2/cap-audit-0-gamma-r
phase2/cap-audit-0-synthesis
phase2/cap-audit-0-zeta
phase2/cap-audit-0-zeta-r
phase2/final-review
phase2/option1
phase2/option1-floor
phase2/option1-repair
phase2/option1-review
phase2/perf-diag
phase2/remediation-ac
phase2/remediation-ac-review
phase2/remediation-ar92
phase2/remediation-ar94
phase2/repair-1-integration
phase2/repair-1-r2-integration
phase2/repair-1-r2-ws02
phase2/repair-1-r2-ws03
phase2/repair-1-r2-ws04
phase2/repair-1-r2-ws05
phase2/repair-1-r2-ws06
phase2/repair-1-r2-ws07
phase2/repair-1-r2-ws08
phase2/repair-1-r2-ws09-11
phase2/repair-1-r2-ws10
phase2/repair-1-r3-integration
phase2/repair-1-r3-ws02
phase2/repair-1-r3-ws03
phase2/repair-1-r3-ws04
phase2/repair-1-r3-ws05
phase2/repair-1-r3-ws06
phase2/repair-1-r3-ws07
phase2/repair-1-r3-ws08
phase2/repair-1-r3-ws09-11
phase2/repair-1-r4-integration
phase2/repair-1-r4-residual
phase2/repair-1-r4-residual-b
phase2/repair-1-r4-residual-c
phase2/repair-1-r4-ws01
phase2/repair-1-ws01-12
phase2/repair-1-ws02
phase2/repair-1-ws03
phase2/repair-1-ws04
phase2/repair-1-ws05
phase2/repair-1-ws06
phase2/repair-1-ws08
phase2/repair-1-ws09-11
phase2/repair-2-adversarial
phase2/repair-2-adversarial-2
phase2/repair-2-adversarial-3
phase2/repair-2-f3
phase2/repair-2-failclosed
phase2/repair-2-final
phase2/repair-2-integration
phase2/repair-2-reviewbind
phase2/repair-2-reviewbind2
phase2/repair-2-toolbind
phase2/repair-2-wsA
phase2/repair-2-wsB
phase2/repair-2-wsC
phase2/repair-2-wsD
phase2/repair-2-wsE
phase2/repair-2-wsF
phase2/repair-2-wsG
phase2/repair-3-adversarial
phase2/repair-3-boundary
phase2/review-3
phase2/review-4
phase2/review-5
phase2/review-6
phase2/review-7
phase2/review-8
phase2/verify-1-alpha
phase2/verify-1-beta
phase2/verify-1-delta
phase2/verify-1-epsilon
phase2/verify-1-gamma
phase2/verify-1-oracle-format
phase2/verify-1-r1-preservation
phase2/verify-1-synthesis
phase2/verify-1-zeta
Python 3.12.3
3.45.1
fts5 ok
numpy 2.4.4 yaml 6.0.1
20
               total        used        free      shared  buff/cache   available
Mem:              15           5           1           0           8           9
