## is this repository an adopted governed project? (governance/framework.lock at root)
6e7a2a3: NOT installed (no governance/framework.lock)
3c880d8: NOT installed (no governance/framework.lock)
## gov memory/context need an installed project (open_project need_install) and write under the project root
10:1481-        p.require_installed()?;
92:    pub fn db_path(&self) -> PathBuf {
93-        self.runtime_dir().join("state.db")
94-    }
## the product indexer classifies every file through the path-map decide() under investigation (F2/F3)
1395:        let d = contract.decide(rel);
1472:        let d = contract.decide(rel);
## machine protected state root on this machine (read-only listing)
adoption-floors
breakglass
degraded
floors
installed
journal
machine.json
staging
t2-binding
trust
provisioned: no
adoption-floors entries: 44
## a gov binary built at 3c880d8 available?
-rwxr-xr-x 2 usain usain 22665120 2026-09-20 20:51 /home/usain/Dynamic-Agentic-Engineering-OS/target/release/gov
(built 2026-09-20; 3c880d8 committed:)
2026-09-25 03:37:55 +0100
