anyio==4.15.1
certifi==2026.7.22
click==8.5.0
filelock==4.0.3
flatbuffers==25.12.19
fsspec==2026.9.0
h11==0.16.0
hf-xet==1.6.0
httpcore==1.0.9
httpx==0.28.1
huggingface_hub==1.33.0
idna==3.20
numpy==2.5.3
onnxruntime==1.30.0
packaging==26.3
protobuf==7.36.2
PyYAML==6.0.3
tokenizers==0.23.2
tqdm==4.70.1
tree-sitter==0.25.2
tree-sitter-rust==0.24.0
typing_extensions==4.16.0
## wheel sha256
6152fdbbf9a77fdec97731721bebf7c4c44f7c29b424b0065826173efc7ed101  anyio-4.15.1-py3-none-any.whl
62f22742b58a1a33014a2b6b706588a8d7e2a88ae7bd1a6ebe8c992928483775  certifi-2026.7.22-py3-none-any.whl
255bc9599cf7748b4b1a446ccc735421bd08a2ae529a8b88597d3de5664ee360  click-8.5.0-py3-none-any.whl
30cd166e2aee2c7534ce2c33c6367c4cd051b8368e20e2c4eb0c34f699bacfab  filelock-4.0.3-py3-none-any.whl
7634f50c427838bb021c2d66a3d1168e9d199b0607e6329399f04846d42e20b4  flatbuffers-25.12.19-py2.py3-none-any.whl
8dd6e646e99ea382bd85f97a45e6b526a442d79423a7dc673f1e2756d05fcb5f  fsspec-2026.9.0-py3-none-any.whl
63cf8bbe7522de3bf65932fda1d9c2772064ffb3dae62d55932da54b31cb6c86  h11-0.16.0-py3-none-any.whl
d62671bb130879cef0ee4c9ebe47a14af6c66ec53e6d84dc15936e5ffdfac82f  hf_xet-1.6.0-cp38-abi3-manylinux2014_x86_64.manylinux_2_17_x86_64.whl
2d400746a40668fc9dec9810239072b40b4484b640a8c38fd654a024c7a1bf55  httpcore-1.0.9-py3-none-any.whl
d909fcccc110f8c7faf814ca82a9a4d816bc5a6dbfea25d6591d6985b8ba59ad  httpx-0.28.1-py3-none-any.whl
04e434b06e100eddbce9a6e817d72693a7884b10a79bd67ab48080d5c07eb899  huggingface_hub-1.33.0-py3-none-any.whl
ab7ae7122974553370f0bdb919e1a960b2cd1bc1ef0276416d896db81c14582c  idna-3.20-py3-none-any.whl
b7e18c623bb5c95acb3b3328861272816ba199fb531921c5d6d0b675f1fde9e3  numpy-2.5.3-cp312-cp312-manylinux_2_27_x86_64.manylinux_2_28_x86_64.whl
fa688e7891a6aa206636fe7372e27ee75fd17713289f6b4fc7b190e0a7de9328  onnxruntime-1.30.0-cp312-cp312-manylinux_2_28_x86_64.whl
d7193f7c8e4e93f444fde0262bf90af30e16fa0ad0ad44cb553c87339b23cd1c  packaging-26.3-py3-none-any.whl
89f23aa53c24553a2416fd4fd1ec06f74fa42b14b546d8883128813f775bbfd2  protobuf-7.36.2-cp310-abi3-manylinux2014_x86_64.whl
ba1cc08a7ccde2d2ec775841541641e4548226580ab850948cbfda66a1befcdc  pyyaml-6.0.3-cp312-cp312-manylinux2014_x86_64.manylinux_2_17_x86_64.manylinux_2_28_x86_64.whl
41c2f84d172449b4dadb9cdc508e3e364076613c35b16e76ecfe47a60d1e3305  tokenizers-0.23.2-cp310-abi3-manylinux_2_17_x86_64.manylinux2014_x86_64.whl
c293e525e6fef9c20e8728fd4612df02a0aa31bb5fe91ecd93e123b1b7bffa73  tqdm-4.70.1-py3-none-any.whl
b43a9e4c89d4d0839de27cd4d6902d33396de700e9ff4c5ab7631f277a85ead9  tree_sitter-0.25.2-cp312-cp312-manylinux2014_x86_64.manylinux_2_17_x86_64.manylinux_2_28_x86_64.whl
bf2c1f4b87df568352a9e523600af7cb32c5748dc75275f4794d6f811ab13dfe  tree_sitter_rust-0.24.0-cp39-abi3-manylinux_2_5_x86_64.manylinux1_x86_64.manylinux_2_17_x86_64.manylinux2014_x86_64.whl
481caa481374e813c1b176ada14e97f1f67a4539ce9cfeb3f350d78d6370c2e8  typing_extensions-4.16.0-py3-none-any.whl
201M	/home/usain/.cache/gov-bridge/spike-br-ar-0001/venv
50M	/home/usain/.cache/gov-bridge/spike-br-ar-0001/wheels
