{
 "refs": [
  "6e7a2a3",
  "3c880d8",
  "58219d5"
 ],
 "blobs_scanned": 5854,
 "rules": {
  "owner_record": {
   "distinct_ids": 33,
   "mentions": 3627,
   "with_definition": 32,
   "dangling_examples": [
    "OD-P2-03"
   ],
   "multiply_defined_examples": [
    "OD-P2-01",
    "OD-P2-02",
    "OD-P2-05",
    "OWNER-DECISION-0007",
    "OWNER-DECISION-P2-0002",
    "OWNER-DESIGN-REQUIREMENTS-0001",
    "OWNER-DESIGN-REQUIREMENTS-0002"
   ]
  },
  "decision": {
   "distinct_ids": 223,
   "mentions": 22817,
   "with_definition": 116,
   "dangling_examples": [
    "ARCH-0101",
    "ARCH-0102",
    "ARCH-0200",
    "ARCH-0201",
    "CIT-0002",
    "CIT-0003",
    "CIT-0004",
    "CIT-0005",
    "CIT-0006",
    "CIT-0007",
    "CIT-0008",
    "CIT-0009"
   ],
   "multiply_defined_examples": [
    "D-0001",
    "D-0002",
    "D-0007",
    "D-0008",
    "D-0010",
    "L-0001",
    "L-0002",
    "L-0003"
   ]
  },
  "adjudication": {
   "distinct_ids": 6,
   "mentions": 664,
   "with_definition": 6,
   "dangling_examples": [],
   "multiply_defined_examples": [
    "P2-ADJ-0001",
    "P2-ADJ-0003"
   ]
  },
  "run": {
   "distinct_ids": 135,
   "mentions": 16072,
   "with_definition": 130,
   "dangling_examples": [
    "AR-0053",
    "AR-0064",
    "AR-0065",
    "AR-0078",
    "P2-AR-0097"
   ],
   "multiply_defined_examples": [
    "AR-0001",
    "AR-0002",
    "AR-0003",
    "AR-0004",
    "AR-0005",
    "AR-0006",
    "AR-0007",
    "AR-0008"
   ]
  },
  "handoff": {
   "distinct_ids": 96,
   "mentions": 2694,
   "with_definition": 94,
   "dangling_examples": [
    "HO-0057",
    "HO-0058"
   ],
   "multiply_defined_examples": [
    "HO-0001",
    "P2-HO-0020"
   ]
  },
  "ledger": {
   "distinct_ids": 150,
   "mentions": 1454,
   "with_definition": 126,
   "dangling_examples": [
    "L-0101",
    "L-0102",
    "L-0103",
    "L-0104",
    "L-0105",
    "L-0106",
    "L-0107",
    "L-0108",
    "L-0110",
    "L-0150",
    "L-0201",
    "L-0202"
   ],
   "multiply_defined_examples": [
    "L-0001",
    "L-0002",
    "L-0003",
    "L-0004"
   ]
  },
  "checkpoint": {
   "distinct_ids": 45,
   "mentions": 133,
   "with_definition": 45,
   "dangling_examples": [],
   "multiply_defined_examples": []
  },
  "finding": {
   "distinct_ids": 186,
   "mentions": 4674,
   "with_definition": 30,
   "dangling_examples": [
    "AR10-R4",
    "AR11-I1",
    "AR11-I2",
    "AR11-I3",
    "AR11-I4",
    "AR19-L1",
    "AR27-B1",
    "AR27-N1",
    "AR27-N2",
    "AR27-N3",
    "AR27-N4",
    "AR27-N5"
   ],
   "multiply_defined_examples": []
  },
  "capability_item": {
   "distinct_ids": 70,
   "mentions": 11535,
   "with_definition": 29,
   "dangling_examples": [
    "AC-1",
    "AC-11",
    "AC-12",
    "AC-14",
    "AC-2",
    "AC-4",
    "AC-6",
    "AC-99",
    "BC-P2-01",
    "BC-P2-02",
    "BC-P2-03",
    "BC-P2-04"
   ],
   "multiply_defined_examples": [
    "AC-13",
    "AC-15",
    "AC-16",
    "AC-5",
    "AC-7",
    "AC-8",
    "BC-P2-07",
    "BC-P2-14"
   ]
  },
  "gate": {
   "distinct_ids": 52,
   "mentions": 984,
   "with_definition": 2,
   "dangling_examples": [
    "GATE-1",
    "GATE-2",
    "GATE-3",
    "GATE-4",
    "GATE-5",
    "GATE-6",
    "GATE-7",
    "GATE-ANCHOR",
    "GATE-ARCH-ACCEPT",
    "GATE-BUILDER-READY",
    "GATE-CONTRACT",
    "GATE-CR4-B-"
   ],
   "multiply_defined_examples": [
    "GATE-REGISTER"
   ]
  },
  "skill_tool": {
   "distinct_ids": 56,
   "mentions": 15633,
   "with_definition": 16,
   "dangling_examples": [
    "SKL-A",
    "SKL-API-CONTRACT-REVIEW-",
    "SKL-B",
    "SKL-BACKEND-IMPL-",
    "SKL-DOES-NOT-EXIST",
    "SKL-IMPACT-ANALYSIS-",
    "SKL-K",
    "SKL-MEMORY-RECONSTRUCTION-",
    "SKL-NOPE",
    "SKL-NOPE-",
    "SKL-P",
    "SKL-PLANTED"
   ],
   "multiply_defined_examples": [
    "SKL-API-CONTRACT-REVIEW",
    "SKL-BACKEND-IMPL",
    "SKL-DB-MIGRATION",
    "SKL-IMPACT-ANALYSIS",
    "SKL-LIVE-MIGRATION",
    "SKL-MEMORY-RECONSTRUCTION",
    "SKL-REPO-ADOPTION",
    "SKL-RESEARCH-BENCHMARK"
   ]
  }
 },
 "total_distinct_ids": 1052,
 "total_mentions": 80287
}
wall_s=11.64
