## model artefacts (sha256)
828e1496d7fabb79cfa4dcd84fa38625c0d3d21da474a00f08db0f559940cf35  onnx/model.onnx
d241a60d5e8f04cc1b2b3e9ef7a4921b27bf526d9f6050ab90f9267a1f9e5c66  tokenizer.json
094f8e891b932f2000c92cfc663bac4c62069f5d8af5b5278c4306aef3084750  config.json
9261e7d79b44c8195c1cada2b453e55b00aeb81e907a6664974b4d7776172ab3  tokenizer_config.json
b6d346be366a7d1d48332dbc9fdf3bf8960b5d879522b7799ddba59e76237ee3  special_tokens_map.json
d1caf60c96f5fba2157c0c26b76d80818fad6cf0b8eb5e73ec372ff9818eba5c  pooling_config.json
## model licence (HF API cardData + tags)
mit ['license:mit']
## installed distribution licences
onnxruntime 1.30.0 | MIT License | ['MIT License']
tokenizers 0.23.2 |  | ['Apache Software License']
numpy 2.5.3 | BSD-3-Clause AND 0BSD AND MIT AND Zlib AND CC0-1.0 | []
tree-sitter 0.25.2 |  | ['MIT License']
tree-sitter-rust 0.24.0 | MIT | ['MIT License']
PyYAML 6.0.3 | MIT | ['MIT License']
huggingface_hub 1.33.0 | Apache-2.0 | ['Apache Software License']
protobuf 7.36.2 | 3-Clause BSD License | []
flatbuffers 25.12.19 | Apache 2.0 | ['Apache Software License']
packaging 26.3 | Apache-2.0 OR BSD-2-Clause | []
## python/os
3.12.3 Linux-6.6.87.2-microsoft-standard-WSL2-x86_64-with-glibc2.39
