### 1. the catalogue declares D001-D035 at tiers G1 and G5
doctor checks in the catalogue : 35
declared tiers                 : ['G1', 'G5']
hard-blocking among them       : 15
G5 tier membership (declared)  : 74 checks

### 2. a G5 tier run evaluates none of them, and reports the run complete
executed 39 reused 0 not_evaluated 0 complete True
doctor checks evaluated        : 0
declared at G5 but unevaluated : D001..D035 (35 checks)

### 3. gov audit (the G5 full-audit host) does the same
tier G5 executed 15 reused 24 doctor evaluated 0

### 4. consequence: the machine state reads GREEN over stale green evidence
baseline             : GREEN HEALTHY current True
state                : GREEN
repository verdict   : DEGRADED
green record current : False
failing checks       : []
stale checks         : 18

### 5. gov doctor executes them; the same state is then YELLOW
state                : YELLOW
failing checks       : [('D021', 'medium', 'warning')]
