probe                                                           marks  P→F  F→P  norm-diff lines
alpha-r.A4-budget-governance.shim.out                               0    0    0                0
beta-r.C1-deterministic-structured-memory.shim.out                 18    0    0                6
beta-r.C2-relationship-graph.shim.out                              10    0    0                8
beta-r.C8-failure-memory.shim.out                                   8    1    0               18
    PASS→FAIL C8-b5
beta-r.C9-context-packet.shim.out                                  10    0    0                4
beta-r.D2-retrieval-router.shim.out                                 9    0    0               74
    verdict missing after: D2-b1
    verdict missing after: D2-b1-rank1
    verdict missing after: D2-b2
    verdict missing after: D2-b3
    verdict missing after: D2-b3-filename
    verdict missing after: D2-b4
    verdict missing after: D2-b4-code
    verdict missing after: D2-b5
    verdict missing after: D2-b6
beta-r.D5-model-selection.shim.out                                 11    0    0               20
beta-r.FRESH-evidence-invalidation.shim.out                         5    0    0               20
beta-r.X-K2-D1-W6-interactions.shim.out                             5    0    0                0
delta-r.FRESH-invalidation.shim.out                                13    0    0                0
delta-r.J1-J2-research-experiments.shim.out                        20    0    3               36
    FAIL→PASS J1.b.accepted
    FAIL→PASS J1.b.audit
    FAIL→PASS J2.empty
delta-r.K1-cit-p.shim.out                                          12    0    0                2
delta-r.K2-cit-e.shim.out                                          27    0    0                0
delta-r.K3-auto-impact-simulation.shim.out                         19    0    0                0
epsilon-r.O2-governance-families.shim.out                           0    0    0               22
epsilon-r.O4-suite-currency.shim.out                                0    0    0                0
epsilon-r.U-slos-and-healthy.shim.out                               0    0    0                9
gamma-r.H1-lineage.integrated.out                                   0    0    0                0
gamma-r.H2H3-readiness.integrated.out                               0    0    0                0
gamma-r.H4-scenarios-data-tests.integrated.out                      0    0    0               22
gamma-r.I1I2-tasks.integrated.out                                   0    0    0               11
zeta-r.W01-artefact-identity.shim.out                              70    0    0               49
zeta-r.W02-typed-contracts.shim.out                                16    0    0                0
zeta-r.W04b-input-class-delivery.shim.out                          13    0    0                4
zeta-r.W07-orphan-detection.shim.out                               12    0    2               26
    FAIL→PASS W7-o3-research-never-consumed
    FAIL→PASS W7-o3b-linked-research-never-consumed
