# int-11b hermeticity: the full suite under a Python audit hook (EVIDENCE/repair-1/scripts/hookdir/sitecustomize.py == scripts/hermetic_sitecustomize.py, installed via PYTHONPATH so every subprocess inherits it)
# logs every open()/sqlite3.connect()/os mutation under $HOME/.cache/gov-bridge/store* and .../telemetry with PYTEST_CURRENT_TEST
# $PY=/home/usain/.cache/gov-bridge/venv/bin/python (Python 3.12.3); tree HEAD 7bd7598ca3e63f026b25d4bc603a7022e608eb87; log: EVIDENCE/repair-1/int-11-audit-hook.jsonl
# (a first launch at 18:44:38Z was stopped by the auditor after 8 tests: the hook file was copied into place after the launch, a race)
# default-store dir mtime before: 2026-09-26 19:42:59.722851704 +0100
# start 2026-09-26T18:45:07Z
........................................................................ [  9%]
........................................................................ [ 19%]
........................................................................ [ 29%]
........................................................................ [ 39%]
........................................................................ [ 49%]
........................................................................ [ 59%]
........................................................................ [ 68%]
........................................................................ [ 78%]
........................................................................ [ 88%]
........................................................................ [ 98%]
...........                                                              [100%]
731 passed in 343.52s (0:05:43)
# exit 0 end 2026-09-26T18:51:30Z
# default-store dir mtime after: 2026-09-26 19:49:50.878652622 +0100
