# $PY=/home/usain/.cache/gov-bridge/venv/bin/python (Python 3.12.3); pinned view EVIDENCE/repair-1/pinned-view.yaml; task EVIDENCE/repair-1/control-a-pinned/task-spec.yaml
# int-04e CONTROL-A gather, every query (check 4), `govbridge gather --task <pinned CONTROL-A> --query <id> --json` (follow-up engine,
#   the CLI default), each wrapped by scripts/int10_view_probe.py; store-BR-AR-0028-a; sequential; raw JSON in <scratch>/gather/ (not
#   committed: corpus text). Plus one single-pass run (--no-followup, CA-TESTS) to expose the base round's per-facet telemetry.
## runner log (wall_outer = process wall clock, seconds)
#   # start 2026-09-26T19:55:06Z history-sha 451d23317098539fbfca584cb273677ec8d7515ec2ad581eb2a080a2dc646007
#   CA-WHY exit=0 wall_outer=667.037357196 end=2026-09-26T20:06:13Z
#   CA-REQ exit=0 wall_outer=570.754211612 end=2026-09-26T20:15:43Z
#   CA-ENF exit=0 wall_outer=753.845454700 end=2026-09-26T20:28:17Z
#   CA-TESTS exit=0 wall_outer=786.594924898 end=2026-09-26T20:41:24Z
#   CA-DEPS exit=0 wall_outer=622.281421594 end=2026-09-26T20:51:46Z
## CA-DEPS: stop_reason=MAX_ROUNDS (base FACETS_COVERED, base_rounds=2, follow-up rounds=6)
#   requested facets (11): ['purpose', 'requirement', 'decisions_active', 'decisions_history', 'failed_approaches', 'dependencies', 'dependents', 'enforcement', 'tests', 'evidence_staleness', 'versions']; unresolved_facets=[]
#   merged items=637 by route={'lexical': 55, 'semantic': 54, 'exact': 528}; merged text bytes=205498; merged_sha256=53c5a44f3365f781
#   provenance facet of merged items: {None: 109, 'followup:record_id': 696}  <- base-round items carry facet None; no item carries a code-facet attribution
#   identifiers chased=90 {'record_id': 90}; queued at end=789 {'record_id': 174, 'rust_test_path': 39, 'symbol': 7, 'commit': 18, 'path_literal': 173, 'joined_path_literal': 373, 'requirement_citation': 1, 'tests_of': 4}
#   excluded_hits=1194 deterministic=True degraded_git_reads=0 wall_time_aborted=False followup_wall_seconds=544.746
#   view: resolve_view=1 records=['7bd7598ca3'] (pinned 7bd7598c; status REF_MOVED = the live branch has moved on, the pin held)
#   versions report: 180 path(s) reconciled; missing=False
## CA-ENF: stop_reason=MAX_ROUNDS (base FACETS_COVERED, base_rounds=4, follow-up rounds=6)
#   requested facets (11): ['purpose', 'requirement', 'decisions_active', 'decisions_history', 'failed_approaches', 'dependencies', 'dependents', 'enforcement', 'tests', 'evidence_staleness', 'versions']; unresolved_facets=[]
#   merged items=658 by route={'lexical': 45, 'semantic': 63, 'exact': 550}; merged text bytes=122443; merged_sha256=21c6b31d3ac952d4
#   provenance facet of merged items: {None: 108, 'followup:record_id': 701}  <- base-round items carry facet None; no item carries a code-facet attribution
#   identifiers chased=90 {'record_id': 90}; queued at end=422 {'record_id': 89, 'commit': 23, 'path_literal': 48, 'joined_path_literal': 248, 'tests_of': 4, 'rust_test_path': 10}
#   excluded_hits=937 deterministic=True degraded_git_reads=0 wall_time_aborted=False followup_wall_seconds=686.157
#   view: resolve_view=1 records=['7bd7598ca3'] (pinned 7bd7598c; status REF_MOVED = the live branch has moved on, the pin held)
#   versions report: 160 path(s) reconciled; missing=False
## CA-REQ: stop_reason=MAX_ROUNDS (base FACETS_COVERED, base_rounds=2, follow-up rounds=6)
#   requested facets (11): ['purpose', 'requirement', 'decisions_active', 'decisions_history', 'failed_approaches', 'dependencies', 'dependents', 'enforcement', 'tests', 'evidence_staleness', 'versions']; unresolved_facets=[]
#   merged items=644 by route={'lexical': 48, 'semantic': 50, 'exact': 546}; merged text bytes=131821; merged_sha256=a78bbeff4d36f650
#   provenance facet of merged items: {None: 98, 'followup:record_id': 687}  <- base-round items carry facet None; no item carries a code-facet attribution
#   identifiers chased=90 {'record_id': 90}; queued at end=707 {'record_id': 184, 'rust_test_path': 15, 'commit': 17, 'joined_path_literal': 348, 'path_literal': 138, 'tests_of': 4, 'symbol': 1}
#   excluded_hits=1161 deterministic=True degraded_git_reads=0 wall_time_aborted=False followup_wall_seconds=515.632
#   view: resolve_view=1 records=['7bd7598ca3'] (pinned 7bd7598c; status REF_MOVED = the live branch has moved on, the pin held)
#   versions report: 145 path(s) reconciled; missing=False
## CA-TESTS: stop_reason=MAX_ROUNDS (base FACETS_COVERED, base_rounds=3, follow-up rounds=6)
#   requested facets (11): ['purpose', 'requirement', 'decisions_active', 'decisions_history', 'failed_approaches', 'dependencies', 'dependents', 'enforcement', 'tests', 'evidence_staleness', 'versions']; unresolved_facets=[]
#   merged items=661 by route={'lexical': 69, 'semantic': 58, 'exact': 534}; merged text bytes=167899; merged_sha256=1ac344ee4ad16043
#   provenance facet of merged items: {None: 127, 'followup:record_id': 708}  <- base-round items carry facet None; no item carries a code-facet attribution
#   identifiers chased=90 {'record_id': 90}; queued at end=578 {'record_id': 135, 'symbol': 3, 'rust_test_path': 36, 'commit': 25, 'joined_path_literal': 286, 'path_literal': 84, 'requirement_citation': 1, 'tests_of': 8}
#   excluded_hits=668 deterministic=True degraded_git_reads=0 wall_time_aborted=False followup_wall_seconds=736.669
#   view: resolve_view=1 records=['7bd7598ca3'] (pinned 7bd7598c; status REF_MOVED = the live branch has moved on, the pin held)
#   versions report: 174 path(s) reconciled; missing=False
## CA-WHY: stop_reason=MAX_ROUNDS (base FACETS_COVERED, base_rounds=3, follow-up rounds=6)
#   requested facets (11): ['purpose', 'requirement', 'decisions_active', 'decisions_history', 'failed_approaches', 'dependencies', 'dependents', 'enforcement', 'tests', 'evidence_staleness', 'versions']; unresolved_facets=[]
#   merged items=671 by route={'lexical': 59, 'semantic': 59, 'exact': 553}; merged text bytes=163522; merged_sha256=59601df871e6342d
#   provenance facet of merged items: {None: 118, 'followup:record_id': 708}  <- base-round items carry facet None; no item carries a code-facet attribution
#   identifiers chased=90 {'record_id': 90}; queued at end=734 {'record_id': 245, 'symbol': 9, 'rust_test_path': 50, 'commit': 31, 'path_literal': 165, 'joined_path_literal': 220, 'requirement_citation': 1, 'tests_of': 13}
#   excluded_hits=429 deterministic=True degraded_git_reads=0 wall_time_aborted=False followup_wall_seconds=618.476
#   view: resolve_view=1 records=['7bd7598ca3'] (pinned 7bd7598c; status REF_MOVED = the live branch has moved on, the pin held)
#   versions report: 247 path(s) reconciled; missing=False
## CA-TESTS single pass (--no-followup): stop=FACETS_COVERED rounds=3 merged=127 by route {'lexical': 69, 'semantic': 58}
#   facet versions           candidates=   0 kept=   0 missing_reason=version reconciliation is REPAIR_DAG.yaml node R1-GA2, not yet built
#   facet purpose            candidates=  32 kept=  22 missing_reason=None
#   facet requirement        candidates=  32 kept=  24 missing_reason=None
#   facet decisions_active   candidates=  32 kept=  29 missing_reason=None
#   facet decisions_history  candidates=   2 kept=   1 missing_reason=None
#   facet failed_approaches  candidates=  32 kept=  20 missing_reason=None
#   facet dependencies       candidates=   0 kept=   0 missing_reason=no matching evidence found in this facet's scope
#   facet dependents         candidates=   0 kept=   0 missing_reason=no matching evidence found in this facet's scope
#   facet enforcement        candidates=  32 kept=  16 missing_reason=None
#   facet tests              candidates=   0 kept=   0 missing_reason=no matching evidence found in this facet's scope
#   facet evidence_staleness candidates=  16 kept=  15 missing_reason=None
## stop reasons observed across the 5 follow-up gathers (final and base): {'MAX_ROUNDS': 5, 'base:FACETS_COVERED': 5}
## the compiled packet's own per-query gather (queries_log, int-04a seed0): the SAME queries inside compile
#   CA-WHY: stop=MARGINAL_GAIN_ONLY_DUPLICATES followup_rounds=1 merged_items=118
#   CA-REQ: stop=MARGINAL_GAIN_ONLY_DUPLICATES followup_rounds=1 merged_items=98
#   CA-ENF: stop=MARGINAL_GAIN_ONLY_DUPLICATES followup_rounds=1 merged_items=108
#   CA-TESTS: stop=MARGINAL_GAIN_ONLY_DUPLICATES followup_rounds=1 merged_items=127
#   CA-DEPS: stop=MARGINAL_GAIN_ONLY_DUPLICATES followup_rounds=1 merged_items=109
## compiled packet FACET_MISSING: {'dependencies': ['CA-WHY', 'CA-REQ', 'CA-ENF', 'CA-TESTS', 'CA-DEPS'], 'dependents': ['CA-WHY', 'CA-REQ', 'CA-ENF', 'CA-TESTS', 'CA-DEPS'], 'tests': ['CA-WHY', 'CA-REQ', 'CA-ENF', 'CA-TESTS', 'CA-DEPS'], 'versions': ['CA-WHY', 'CA-REQ', 'CA-ENF', 'CA-TESTS', 'CA-DEPS']}; reason on every one: ['gather found candidates for this facet, but none were placed in the compiled packet (deduplicat']
## facet coverage verdict: 7 of 11 facets present in the main packet (facet tags); dependencies/dependents/tests/versions MISSING on
#   all 5 queries with a reason that is FALSE for the code facets (gather found NO candidates) and no handle (INT-D17); the code
#   facets never fire for these natural-language queries (INT-D18).
