# int-01 full suite, run2: cmd: cd $D && $PY -m pytest -q -p no:cacheprovider tests 
# $PY=/home/usain/.cache/gov-bridge/venv/bin/python (Python 3.12.3); tree HEAD 7bd7598ca3e63f026b25d4bc603a7022e608eb87 + uncommitted auditor files: ?? release/orchestration/phase-2-context-bridge/tests/integration/test_repair1_integration.py 
# test file sha256: e707f8db96ad5c963518f4719ce823a4c1730cb59f8d44729c90df908ba89539
# start 2026-09-26T20:25:02Z
........................................................................ [  9%]
........................................................................ [ 18%]
........................................................................ [ 28%]
........................................................................ [ 37%]
........................................................................ [ 47%]
........................................................................ [ 56%]
........................................................................ [ 66%]
........................................................................ [ 75%]
........................xx....xx.xxx..xxxx.x.xxxxx...................... [ 85%]
........................................................................ [ 94%]
.......................................                                  [100%]
=========================== short test summary info ============================
XFAIL tests/integration/test_repair1_integration.py::test_c12_a_history_fallback_packet_is_reverifiable_before_and_after_the_history_ref_moves - INT-D05: validate.pinned_view_from_manifest rebuilds the view with history=[] and the manifest records no history commits, so a packet whose section A resolved through a history fallback FAILS packet verify even before any ref moves (owner R1-RM)
XFAIL tests/integration/test_repair1_integration.py::test_c12_records_partition_fallback_reaches_history_for_a_mandatory_input - INT-D06: view.ResolvedView.classify_occurrence returns CANONICAL (with canonical_blob=None) for a path ABSENT at the owner whenever the queried commit IS the owner commit, so the resolver (which always queries the records commit) never walks the records partition's own fallback chain [product, evidence, history] (owner R1-RM/R1-XC; view.py)
XFAIL tests/integration/test_repair1_integration.py::test_c6_demo_grade_handles_a_supplementary_packet - INT-D01: govbridge.demo.grade.grade_g1/grade_g2 run the MAIN-packet validator (validate.verify_packet / receipt.check) on every --packet, ignoring meta.json's packet_kind; on a supplementary packet (no recorded view) this raises ValueError ("canonical-view has no ref named 'records'") -- the grader crashes on exactly the input D-5/G1 require it to grade (owner R1-RG)
XFAIL tests/integration/test_repair1_integration.py::test_c6_g7_counts_the_overflow_supplementary_packets_of_a_main_packet_dir - INT-D02: grade_g7 sums packet.md only for the --packet directories it is given; the overflow supplementary packets `compile --out` writes under DIR/supplementary/<qid>/ (BR-DAG-AMEND-R1-20) are never discovered, so G7 under-counts D-5 packet bytes unless each is passed explicitly -- which INT-D01 makes crash (owner R1-RG)
XFAIL tests/integration/test_repair1_integration.py::test_c6_g7_never_passes_silently_when_corpus_bytes_is_unknown - INT-D13: grade_g7 enforces 'packet bytes <= 1% of corpus' only `if corpus_bytes`; a grading run without --corpus-bytes reports G7 PASS with the 1% check silently skipped -- the OBS-BR-05 class of defect (a silently disabled G7 condition), still reachable (owner R1-RG)
XFAIL tests/integration/test_repair1_integration.py::test_c11_every_test_package_sets_a_private_store - INT-D08: the autouse fixture of tests/authority, tests/core, tests/notes and tests/semantic conftest.py only delenv GOVBRIDGE_STORE (never setenv a tmp store); tests/answers, tests/gather, tests/integration and tests/route have no conftest at all (owner R1-XC, routed from its pass 3)
XFAIL tests/integration/test_repair1_integration.py::test_c11_no_test_body_drops_the_private_store - INT-D07: test functions that delenv GOVBRIDGE_STORE in their own body and re-point nothing, undoing tests/compile/conftest.py's private store -- three of them (test_section_i_and_bootstrap.py x2, test_verify_rendered_body.py x1, all R1-RS) were observed by an audit hook opening $HOME/.cache/gov-bridge/store/default/store.db, and on a clean HOME they CREATE it; a fourth (test_supplementary.py) is latent (owner R1-RS)
XFAIL tests/integration/test_repair1_integration.py::test_c13_compile_discloses_a_non_deterministic_gather - INT-D10: gather_with_followup discloses a degraded (retry-exhausted) git read as telemetry.degraded_git_reads + deterministic:false (BR-DAG-AMEND-R1-22), but compile_packet records only stop_reason/followup_rounds per query -- the compiled packet (manifest and rendered text) carries no notice, so a non-reproducible packet is indistinguishable from a reproducible one (owner R1-GA3)
XFAIL tests/integration/test_repair1_integration.py::test_c13_freshness_fingerprint_covers_the_config_the_builders_read_for_any_view_path - INT-D11: freshness._config_sha256 fingerprints the VIEW FILE'S OWN DIRECTORY; with a view outside config/ (the pinned view every independent verifier writes) the fingerprint omits config/id-grammar.yaml, authority-registry.yaml, embed-profile.yaml, model-pin.yaml and state-aliases.yaml, which the layer builders read from GOV_BRIDGE_DOMAIN/config -- so `freshness` reports NOOP after any of them changes (owner R1-XC, core/freshness.py)
XFAIL tests/integration/test_repair1_integration.py::test_c7_two_line_path_citation_in_a_code_comment_is_never_silently_dropped - INT-D12: a code-comment citation of the form <file>:<L1>/<L2> (two lines, the shape the real product uses at runtime/src/paths.rs:326 and tests/certification/p2ho56_floor.rs:3 at the product pin) yields neither a CITES_REQUIREMENT edge nor a lineage_unresolved row -- PATH_CITE_RE's lookahead rejects the '/', the match falls back to a line-less path, which is skipped: a silent drop Gap 1 forbids; the real-view count of path:line citations is a FALSE zero (owner R1-RL, graph/derive.py)
XFAIL tests/integration/test_repair1_integration.py::test_c4_facet_missing_reason_is_true_when_gather_found_nothing - INT-D17: compile_packet looks up a facet's MISSING reason in gather_with_followup's telemetry.per_round, which holds only FOLLOW-UP rounds (the base round's per-facet rows, and every base item's provenance facet, are dropped), so every FACET_MISSING notice falls back to 'gather found candidates for this facet, but none were placed ... dropped by budget' -- false when gather found NO candidates (CONTROL-A's code facets: 'no matching evidence found in this facet's scope'); no notice carries a handle (owner R1-GA3; telemetry shape R1-GA2)
XFAIL tests/integration/test_repair1_integration.py::test_c10_why_and_history_cli_accept_a_view - INT-D09: `govbridge why` and `govbridge history` accept no --view (every other query command does), and why()/history() ignore the task spec's `view`, so a recorded operation can never be re-run at its recorded commits -- they always resolve config/canonical-view.yaml at the live tip (owner R1-RS, CLI surface; BR-DAG-AMEND-R1-23 reproducibility)
XFAIL tests/integration/test_repair1_integration.py::test_c13_exact_grep_accepts_a_view_ref_name - INT-D14: `exact grep --ref <view ref name>` (and `exact id --ref`, which calls it) passes the NAME straight to git -- `--ref product` on the real view raises an unhandled GitError ('unable to resolve revision: product', int-08) while `exact path --ref product` maps it through the view; a git branch passed instead resolves its LIVE tip, outside the one resolved view (owner R1-XC, core/exact.py)
XFAIL tests/integration/test_repair1_integration.py::test_c10_impact_and_supplementary_packets_record_the_resolved_view - INT-D15: BR-DAG-AMEND-R1-23 requires every query operation's OUTPUT to record the view it resolved; `impact` records none (nor does `search`, and every supplementary packet manifest carries view: []), so an independent verifier cannot tell which records commit answered it (owner R1-XC)
XFAIL tests/integration/test_repair1_integration.py::test_c7_same_file_bare_call_resolves_heuristic_same_file_on_the_shaped_connection - INT-D16: graph/code_bridge.build_shaped_code_connection builds every resolve.Definition with path="", so Index.by_path never matches a call's own path and HEURISTIC_SAME_FILE can never fire on the shaped connection the code route's callers/TESTS use; at the product pin 6,380 bare calls have exactly one same-file fn, of which 2,479 come out HEURISTIC_AMBIGUOUS (16,159 candidate rows) -- a false zero for HEURISTIC_SAME_FILE (int-07) (owner R1-XC, last editor of graph/code_bridge.py; code from I1)
XFAIL tests/integration/test_repair1_integration.py::test_c7_why_cli_path_reports_code_dependencies_that_exist - INT-D19: `govbridge why` (cli.cmd_why) calls graph.why.why(seed, task=ctx) with no code_conn, so derive.callers_of/callees_of/tests_of get None and the `dependency` and `tests` stages are ALWAYS 'MISSING: ...' through the CLI -- on the real view `why embedded_model` reports dependency MISSING while `impact embedded_model` finds 20 CALLS edges (int-07); only the compiler wires code_conn (owner R1-RS, last cmd_why editor; wiring left undone since I1)
XFAIL tests/integration/test_repair1_integration.py::test_c8_seeded_compile_is_identical_on_a_read_only_store - INT-D03: compile_packet's seed pass opens the store READ-WRITE (compile/packet.py storemod.open_db()) and graph/traverse.py calls authority.layer.ensure_schema() at query time; on a file+directory read-only store (no -wal/-shm left, the state a finished build leaves) open_db raises and `except Exception: neighbours = {}` silently drops every section-C graph neighbour (owner R1-XC, BR-DAG-AMEND-R1-15/-17)
742 passed, 17 xfailed in 353.32s (0:05:53)
# exit 0 end 2026-09-26T20:30:55Z
