[prov] machine provisioned with the throw-away root: True None
## [U0] installed 4.1.4: True | lock version = 4.1.4 | authenticity = AUTHENTIC

## [U1] gov update --check (impact simulation)
[U1] {"current": "4.1.4", "available": "4.1.5", "up_to_date": false, "downgrade": false, "compatible": true, "migration_path": ["M-4.1.4-4.1.5"], "certification": "UNCERTIFIED", "human_gate_required": true, "recommendation": "review impact; approve with `gov update --apply --approve --by <human>`"}
[U1] impact: {"radius": "R3", "overlay_changes": [], "index_rebuild": true, "regenerate_adapters": true, "notes": ["4.1.5 makes plugin authorisation and policy-exception governance derive from authoritative state outside the descriptor/overlay, and refuses constitutional enforcement against an unverified installed kernel (KERNEL_TAMPERED). Existing overlays remain valid; previously hand-declared plugins keep working for roles at or above TOOL_POLICY.plugins.min_authority and must be registered with `gov plugins register` to carry elevated permissions or approved_roles.", "PROJECT_EXCEPTIONS entries now require a resolvable ACTIVE decision that names the exception id or its policy key (authorises_exceptio

## [U2] gov update --apply (human gate, then apply)
[U2] apply without --approve: REFUSED HUMAN_GATE_REQUIRED: update requires human approval: gate HDG-0001 created; present it (`gov gate present HDG-0001`), record the answer (`gov decide HDG-0001 --option A --by <human>`), then re-run `gov update --apply --ap
[U2] --approve alone (gate not presented/answered): {"applied": false, "reason": "human gate not presented/answered (INV-008): --approve is not a substitute for an answered gate record", "human_gate": "HDG-0001", "gate_status": "PENDING", "presented_in_chat": false, "next
[U2] apply after the gate: True | applied = True | from 4.1.4 to 4.1.5 | None
[U2] migrations = ['M-4.1.4-4.1.5'] | operations = [{"op": "note", "file": "", "dry_run": false}, {"op": "note", "file": "", "dry_run": false}, {"op": "set_lock_field", "file": "", "dry_run": false}, {"op": "require_index_rebuild", "file": "", "dry_run": false}, {"op": "regenerate_adapters", "file": "", "dry_run": false}]
[U2] overlay_keys_changed = [] | overlay_reconciled = []
[U2] index_manifest = 532a8effde4287a090a3497a548117b83c140d33584631978a6a45722478f3e7 | doctor = DEGRADED | audit = HEALTHY | lock = {'release_commit': 'unverified', 'source': 'release:agentic-engineering-os@4.1.5', 'authenticity': 'AUTHENTIC', 'version': '4.1.5'}
[U2] release_authenticity = AUTHENTIC | remedied_blocks = []
[U2] rollback snapshot at the BC-P2-31 location: ['4.1.5'] | at the legacy location: []

## [U3] overlay preserved / spec untouched / adapters regenerated / indexes rebuilt
[U3] customised overlay values kept: name = s5-customised | override = {'AUTHORITY_POLICY.authority_levels_required.create_task': 'L3'} | DATA_SENSITIVITY = [{'pattern': 'product/data/**', 'class': 'restricted', 'reason': 'customer'}]
[U3] spec/ changes since the pre-update commit (git status): ['?? spec/decisions/D-0002.yaml', '?? spec/decisions/HDG-0001.yaml', '?? spec/reports/checkpoints/CKPT-00001.yaml', '?? spec/reports/checkpoints/CKPT-00002.yaml', '?? spec/reports/checkpoints/LATEST.yaml', '?? spec/reports/framework-updates.jsonl']
[U3] pre-existing governed records unchanged: D-0001 = {'id': 'D-0001', 'status': 'ACTIVE', 'title': 'keep', 'type': 'decision'} | git diff on committed spec files: (none)
[U3] adapter manifest before/after: {"kernel_version": null, "framework_version": null, "generated_at": "2026-09-19T10:46:59Z", "overlay_hash": "f0f2f95ce10f2669930d4cfa763cd34400f1381494e6b12a208f69f10b56b483"} -> {"kernel_version": null, "framework_version": null, "generated_at": "2026-09-19T10:47:02Z", "overlay_hash": "52850ea8dc1abd8bc2d5d0adef9f9c808ae2db9b95b6e155ade1b5383f407d52"}
[U3] index manifest before/after: 93d0e0daa90fe8a1a8bcf99c594599a82ae22b54ca409a328c9ef850ee7678a0 -> 2631df5c658450446c132b6e65d8936ff327b779536cf0cf827edf008b0cdc52 | index_version = 4.1.5-idx4
[U3] lock now: {'version': '4.1.5', 'release_commit': 'unverified', 'source': 'release:agentic-engineering-os@4.1.5'}

## [U4] ledger / provenance
[U4] {"event": "update", "from": "4.1.4", "to": "4.1.5", "by": "product-owner", "session": "S-a6fb6ac722ae", "role": "orchestrator", "result": "committed", "release_commit": "unverified", "source": "release:agentic-engineering-os@4.1.5"}

## [U5] gov update --rollback (operator-initiated)
[U5] rollback below the release high-water without the owner's authorisation: REFUSED SRR_BELOW_FLOOR
[U5] rollback: True | rolled_back_to = 4.1.4 | kernel_ok = True | doctor = DEGRADED | error = None
[U5] overlay byte-identical to pre-update: True | lock version = 4.1.4
[U5] ledger rollback entry: {"event": "rollback", "from": "4.1.5", "to": "4.1.4", "rolled_back_update": {"from": "4.1.4", "to": "4.1.5", "applied_at": "2026-09-19T10:47:02Z", "migrations": ["M-4.1.4-4.1.5"], "by": "product-owner", "session": "S-a6fb6ac722ae"}, "authority_level": "L4", "reason": "probe rollback", "resulting_lock": {"version": "4.1.4", "release_hash": "e5e2f2c79329004019c146b90787eeaebbb49f929765c5a7e37991de00437d2b", "release_commit": "unverified", "source": "release:agentic-engineering-os@4.1.4", "lock_has
[U5] second rollback: REFUSED SNAPSHOT_MISSING
[U5] machine marked below floor after the restoration: DEGRADED — RECOVERY ONLY

## [U6] compatibility: unsupported path; downgrade
[U6] synthetic 4.1.6 (supports only 4.1.3) built on a separate build machine: True None
[U6] 4.1.4 -> 4.1.6 (supports only 4.1.3): compatible = False | migration_path_complete = True | 
[U6] apply -> REFUSED UPDATE_UNSUPPORTED
[U6] 4.1.4 -> 4.1.3 (downgrade): up_to_date = False | downgrade = True | recommendation = this machine is marked `DEGRADED — RECOVERY ONLY`: the installed release is below its signed security floor and is neither current nor fully trusted (OWNER-DECISION-0006 §6 bullet 7). install and verify an authenticated release at or above BOTH the signed minimum secure release AND the protected local high-water (SRR2-R1-C1 policy `b_stricter_both_floors`, GATE-OWNER-R1-BREAK-GLASS-EXIT); the marking is then cleared automatically | 

## [U7] automatic transaction rollback when post-install verification fails (DERIVED: a second provisioned machine)
[prov] machine provisioned with the throw-away root: True None
[U7] synthetic 4.1.7 built: True 
[U7] apply -> REFUSED OVERLAY_INVALID: overlay invalid after migration: PROJECT_POLICY.yaml: /schema_version: 12345 is not of type "string" — update rolled back
[U7] kernel restored: True | lock restored: True
[U7] last ledger entry: {"event": "rollback", "from": "4.1.7", "to": "4.1.4", "reason": "automatic: OVERLAY_INVALID (overlay invalid after migration: PROJECT_POLICY.yaml: /schema_version: 12345 is not of type \"string\")", "result": "rolled_back"}

## [U8] PROVISIONED machine: refused update leaves its pre-admission snapshot; `update --rollback` then 'rolls back' an update that never happened
[prov] machine provisioned with the throw-away root: True None
[U8] unsigned synthetic 4.1.6 built: True None
[U8] update to an UNSIGNED 4.1.6 on the provisioned machine -> REFUSED SRR_RELEASE_UNVERIFIED
[U8] lock still: 4.1.5 | leftover snapshot dirs: {'.governance-runtime/update': [], '.governance-state/update': []}
[U8] gov update --rollback -> REFUSED SNAPSHOT_MISSING {"rolled_back_to": null, "from": null}
[U8] update ledger events: []

DONE
[S5-update.provisioned.P2-AR-0039 exit=0]
