=== Cross-capability interactions ===
--- K2 <-> W6: CIT-E staleness/retest propagation ---
  CIT-E propagation marks affected tasks retest-required and affected tests stale
926:            "propagation.mark_affected_tasks_retest",
948:            "propagation.mark_affected_tests_stale",

--- N <-> W9: Checkpoint mandatory-input continuity ---
  Checkpoint records context_packet_hash and memory_snapshot
  Handoff create auto-creates a checkpoint (before_handoff trigger)
  Worker return validates against worker-return schema (all mandatory inputs tracked)
runtime/src/checkpoints.rs:96:    o.entry("context_packet_hash").or_insert(json!(cph));
runtime/src/checkpoints.rs:97:    o.entry("memory_snapshot").or_insert(json!({"index_manifest_hash": db.get_meta("index_manifest_hash").unwrap_or(Value::Null), "index_version": crate::INDEX_VERSION}));
runtime/src/orchestration/handoffs.rs:94:    // CHECKPOINT_POLICY mandatory trigger `before_handoff`
runtime/src/orchestration/handoffs.rs:98:        .any(|t| t == "before_handoff")
runtime/src/orchestration/handoffs.rs:105:            json!({"trigger": "before_handoff", "task": task, "next_action": format!("worker {} executes {task} via {id}", to_role), "last_completed_step": format!("handoff {id} prepared")}),

--- L3 <-> E1: Gate presentation/authority ---
  Gate create requires breakglass clearance (OWNER-DECISION-0006 §6)
  Gate answer requires presentation (INV-008)
  Gate answer requires authority level check
24:/// public constructor, so this function **cannot be called** without [`crate::srr::breakglass::guard_effect`]
149:    authority::require(p, "create_gate")?;
150:    let clearance = crate::srr::breakglass::guard_effect(
167:    let clearance = crate::srr::breakglass::guard_effect(
179:    authority::require(p, "present_gate")?;
282:    let _clearance = crate::srr::breakglass::guard_effect(
303:        return Err(GovError::new("GATE_NOT_PRESENTED", format!("{id} has not been presented in chat (INV-008); run `gov gate present {id}` and show it to the human first")));
346:        let need = authority::required_level(p, "answer_gate");
425:    authority::require(p, "revoke_gate")?;

RESULT: Cross-capability interactions K2<->W6, N<->W9, L3<->E1 all exercised
