=== K4: Impact radius R0-R5 ===
--- CHANGE_POLICY.impact_radii ---
impact_radii: [R0, R1, R2, R3, R4, R5]
--- Radius rules ---
radius_rules:
  governance_paths_radius: R5
  cross_feature_threshold: 3     # affected features >= threshold -> R4
  cross_module_threshold: 2      # affected modules >= threshold -> R3
  interface_or_behaviour_radius: R2
  single_artifact_radius: R1
  editorial_radius: R0
graph_traversal_depth_by_radius: {R0: 0, R1: 1, R2: 2, R3: 3, R4: 4, R5: 5}
semantic_candidates_by_radius: {R0: 0, R1: 4, R2: 8, R3: 12, R4: 16, R5: 24}
propagation:
  mark_affected_tasks_retest: true
--- Graph traversal depth by radius ---
graph_traversal_depth_by_radius: {R0: 0, R1: 1, R2: 2, R3: 3, R4: 4, R5: 5}
--- Semantic candidates by radius ---
semantic_candidates_by_radius: {R0: 0, R1: 4, R2: 8, R3: 12, R4: 16, R5: 24}
--- Radius minimum tier ---
radius_minimum_tier: {R0: T1, R1: T1, R2: T2, R3: T2, R4: T3, R5: T3}

--- Radius affects traversal depth (code) ---
275:            &format!("graph_traversal_depth_by_radius.{radius}"),
328:        format!("{} artefacts affected within radius {radius} (graph depth {})", affected.len(), pol.get_i64("CHANGE_POLICY", &format!("graph_traversal_depth_by_radius.{radius}"), 2)),
--- Radius affects semantic candidate count (code) ---
287:        &format!("semantic_candidates_by_radius.{radius}"),
--- Radius affects model tier (code) ---
107:            .get("MODEL_ROUTING_POLICY", &format!("radius_minimum_tier.{rd}"))
--- Radius affects human approval (code) ---
323:    let auto_max = pol.get_str("CHANGE_POLICY", "auto_approve_max_radius", "R1");
458:/// CHANGE_POLICY.auto_approve_max_radius exists, and it is recorded as an agent decision (human_approved: false).
530:        let auto_max = pol.get_str("CHANGE_POLICY", "auto_approve_max_radius", "R1");
532:            return Err(GovError::new("HUMAN_GATE_REQUIRED", format!("radius {radius} exceeds CHANGE_POLICY.auto_approve_max_radius {auto_max}; re-simulate to raise a gate")));
540:                json!({"question": format!("Execute change {id}?"), "options": [{"id": "A", "description": proposal}], "chosen_option": "A", "rationale": format!("automatic approval within CHANGE_POLICY.auto_approve_max_radius (radius {radius}); no human gate was required"), "approved_by": by, "approved_at": now_iso(), "human_approved": false, "approved_by_kind": "agent", "impact_radius": radius, "reversibility": "snapshot rollback", "confidence": 0.9, "cit": id, "state_class": "AUTHORITATIVE", "tags": [trigger]}),

--- Verify editorial trigger gives R0 ---
  editorial radius=N/A

RESULT: R0-R5 radii defined; radius affects traversal depth, semantic candidate count, model tier, human approval threshold, and rollback scope
