=== N3: Provider-independent checkpoint watchdog ===
--- N3b1: Watchdog fires on context utilisation threshold ---

--- N3b1: Watchdog fires on operations count ---

--- N3b1: Watchdog does NOT fire below threshold ---

--- N3b2: Staleness — checkpoint records index_manifest_hash for comparison ---
  memory_snapshot in checkpoint includes index_manifest_hash
  Changing index hash would mean checkpoint is stale relative to current state
97:    o.entry("memory_snapshot").or_insert(json!({"index_manifest_hash": db.get_meta("index_manifest_hash").unwrap_or(Value::Null), "index_version": crate::INDEX_VERSION}));

--- N3b3: Handoff blocked when checkpoint not done ---
  before_handoff is a mandatory trigger; handoff create auto-creates checkpoint
    p.schemas()
        .validate("handoff", &rec.data, &format!("({id})"))?;
    // CHECKPOINT_POLICY mandatory trigger `before_handoff`
    if p.policies()
        .get_list("CHECKPOINT_POLICY", "mandatory_triggers")
        .iter()
        .any(|t| t == "before_handoff")
    {
        let db = crate::memory::db::RuntimeDb::open(&p.db_path())?;
        db.init_schema()?;
        crate::checkpoints::create(
            p,
            &db,
            json!({"trigger": "before_handoff", "task": task, "next_action": format!("worker {} executes {task} via {id}", to_role), "last_completed_step": format!("handoff {id} prepared")}),
        )?;
    }
    save_record(&p.root, &rec)?;
    Ok(rec.data)
}

pub fn return_result(p: &Project, id: &str, ret: Value) -> Result<Value> {
    control::guard_write(p, "handoff return")?;

RESULT: N3 watchdog is provider-independent (context utilisation + operations count), fires above threshold, records index hash for staleness comparison, handoff auto-checkpoints
--- Watchdog fires on utilisation ---
{
  "ok": true,
  "command": "checkpoint",
  "result": {
    "fired": true,
    "checkpoint": "CKPT-00003",
    "reason": "context_utilisation"
  },
  "session": "",
  "release_trust": {
    "surface": "checkpoint",
    "below_floor": false,
    "marking": null,
    "presented_as": "CURRENT",
    "section_6_bullet": 7,
    "basis": "OWNER-DECISION-0006 §6 bullet 7 was asked at crate::srr::present::presentation and cleared: this machine carries no `DEGRADED — RECOVERY ONLY` marking. This states the machine's break-glass posture only; it is not a currency claim about the wider release channel, which `gov trust status` reports as UNKNOWN between ingresses."
  }
}
--- Watchdog fires on ops ---
{
  "ok": true,
  "command": "checkpoint",
  "result": {
    "fired": true,
    "checkpoint": "CKPT-00004",
    "reason": "operations"
  },
  "session": "",
  "release_trust": {
    "surface": "checkpoint",
    "below_floor": false,
    "marking": null,
    "presented_as": "CURRENT",
    "section_6_bullet": 7,
    "basis": "OWNER-DECISION-0006 §6 bullet 7 was asked at crate::srr::present::presentation and cleared: this machine carries no `DEGRADED — RECOVERY ONLY` marking. This states the machine's break-glass posture only; it is not a currency claim about the wider release channel, which `gov trust status` reports as UNKNOWN between ingresses."
  }
}
--- Watchdog does NOT fire below threshold ---
{
  "ok": true,
  "command": "checkpoint",
  "result": {
    "fired": false,
    "threshold": 0.75,
    "max_operations": 25
  },
  "session": "",
  "release_trust": {
    "surface": "checkpoint",
    "below_floor": false,
    "marking": null,
    "presented_as": "CURRENT",
    "section_6_bullet": 7,
    "basis": "OWNER-DECISION-0006 §6 bullet 7 was asked at crate::srr::present::presentation and cleared: this machine carries no `DEGRADED — RECOVERY ONLY` marking. This states the machine's break-glass posture only; it is not a currency claim about the wider release channel, which `gov trust status` reports as UNKNOWN between ingresses."
  }
}
