# P2-AR-0014 re-run of AC06-oracle-format-search (unedited) at worktree HEAD 473c3fba12a64cc36144c192c02b07f5db63fa04 dirty=1; gov sha256 bd1106a51a0d89efca2ebd734c880510cb35795d53a092e2592df7d37dc6fa81; 2026-09-18T23:58:29Z
## tracked files whose NAME mentions oracle/fault/qualif/scoring (outside audit evidence):
framework/qualification-oracle/qualification-oracle.schema.json
release/root-of-trust/4.1.6-review-r3/D-synthesis/evidence/RV3-D-oracle-anchor-artifact.json
release/root-of-trust/4.1.6-review-r3/D-synthesis/evidence/RV3-D-oracle-anchor-artifact.py
release/root-of-trust/4.1.6-review-r3/D-synthesis/evidence/RV3-D-oracle-anchor-artifact.stderr
release/root-of-trust/4.1.6-review-r4/D-synthesis/evidence/probes/RV4-D-A03-oracle-regression-sensitivity.py
release/root-of-trust/4.1.6/evidence/r5/DA03r5-oracle-regression-sensitivity.json
release/root-of-trust/4.1.6/evidence/r5/DA03r5-oracle-regression-sensitivity.py
release/root-of-trust/4.1.6/evidence/r5/P4r5-conformance-oracle.json
release/root-of-trust/4.1.6/evidence/r5/P4r5-conformance-oracle.py
release/root-of-trust/4.1.6/evidence/r6/DA03r6-oracle-regression-sensitivity.json
release/root-of-trust/4.1.6/evidence/r6/DA03r6-oracle-regression-sensitivity.py
release/root-of-trust/4.1.6/evidence/r6/P4r6-conformance-oracle.json
release/root-of-trust/4.1.6/evidence/r6/P4r6-conformance-oracle.py
runtime/src/qualification_oracle.rs
## tracked files whose CONTENT defines V1-V4 field identifiers (snake/kebab/camel):
  fault[_-]?id                             framework/qualification-oracle/qualification-oracle.schema.json runtime/src/qualification_oracle.rs 
  hidden[_-]?authoritative[_-]?truth       framework/qualification-oracle/qualification-oracle.schema.json runtime/src/qualification_oracle.rs 
  injected[_-]?repository[_-]?state        framework/qualification-oracle/qualification-oracle.schema.json runtime/src/qualification_oracle.rs 
  expected[_-]?detection                   framework/qualification-oracle/qualification-oracle.schema.json runtime/src/qualification_oracle.rs 
  expected[_-]?governed[_-]?action         framework/qualification-oracle/qualification-oracle.schema.json runtime/src/qualification_oracle.rs 
  forbidden[_-]?outcomes                   framework/qualification-oracle/qualification-oracle.schema.json runtime/src/qualification_oracle.rs 
  expected[_-]?target[_-]?path             framework/qualification-oracle/qualification-oracle.schema.json runtime/src/qualification_oracle.rs 
  must[_-]?be[_-]?indexed                  framework/qualification-oracle/qualification-oracle.schema.json runtime/src/qualification_oracle.rs 
  expected[_-]?retrieval[_-]?results       framework/qualification-oracle/qualification-oracle.schema.json runtime/src/qualification_oracle.rs 
  detection[_-]?recall                     framework/qualification-oracle/qualification-oracle.schema.json runtime/src/qualification_oracle.rs 
  impact[_-]?map[_-]?accuracy              framework/qualification-oracle/qualification-oracle.schema.json runtime/src/qualification_oracle.rs 
  path[_-]?map[_-]?accuracy                framework/qualification-oracle/qualification-oracle.schema.json runtime/src/qualification_oracle.rs 
## kernel schemas (framework/schemas) naming oracle/fault/qualification:
  <none>
## gate register entry:
44:  - id: GATE-P2-ORACLE-FORMAT
45-    title: Qualification Oracle format (V1-V4) accepted by a fresh independent reviewer before any hidden fault exists
46-    status: NOT_SATISFIED
47-    satisfier: fresh independent reviewer (frozen contract AC-6, section 9.2)
--
62:    preconditions: [GATE-P2-ENTRY, GATE-P2-FROZEN-CONTRACT, GATE-P2-ORACLE-FORMAT, GATE-P2-R1-PRESERVATION]
63-    token: GOVERNANCE_CAPABILITY_BASELINE_ACCEPTED
64-    satisfied_when: every acceptance criterion AC-1..AC-16 of the frozen contract holds for one exact frozen candidate
65-
## CLI surface:
  gov qualify        unrecognised
  gov oracle         exists
  gov score          unrecognised
  gov qualification  unrecognised
# exit=0
