# P2-AR-0014 re-run of AC06-oracle-format-search (unedited) at worktree HEAD c6b60bc760a0bb42907f74210fd9e644a420851a dirty=1; gov sha256 3271ce0e4e095561911e0d03d8641aa92fbeda39ef3c8a2ecb2a9f21cacbe81d; 2026-09-18T23:17:53Z
## tracked files whose NAME mentions oracle/fault/qualif/scoring (outside audit evidence):
release/root-of-trust/4.1.6-review-r3/D-synthesis/evidence/RV3-D-oracle-anchor-artifact.json
release/root-of-trust/4.1.6-review-r3/D-synthesis/evidence/RV3-D-oracle-anchor-artifact.py
release/root-of-trust/4.1.6-review-r3/D-synthesis/evidence/RV3-D-oracle-anchor-artifact.stderr
release/root-of-trust/4.1.6-review-r4/D-synthesis/evidence/probes/RV4-D-A03-oracle-regression-sensitivity.py
release/root-of-trust/4.1.6/evidence/r5/DA03r5-oracle-regression-sensitivity.json
release/root-of-trust/4.1.6/evidence/r5/DA03r5-oracle-regression-sensitivity.py
release/root-of-trust/4.1.6/evidence/r5/P4r5-conformance-oracle.json
release/root-of-trust/4.1.6/evidence/r5/P4r5-conformance-oracle.py
release/root-of-trust/4.1.6/evidence/r6/DA03r6-oracle-regression-sensitivity.json
release/root-of-trust/4.1.6/evidence/r6/DA03r6-oracle-regression-sensitivity.py
release/root-of-trust/4.1.6/evidence/r6/P4r6-conformance-oracle.json
release/root-of-trust/4.1.6/evidence/r6/P4r6-conformance-oracle.py
## tracked files whose CONTENT defines V1-V4 field identifiers (snake/kebab/camel):
  fault[_-]?id                             <none>
  hidden[_-]?authoritative[_-]?truth       <none>
  injected[_-]?repository[_-]?state        <none>
  expected[_-]?detection                   <none>
  expected[_-]?governed[_-]?action         <none>
  forbidden[_-]?outcomes                   <none>
  expected[_-]?target[_-]?path             <none>
  must[_-]?be[_-]?indexed                  <none>
  expected[_-]?retrieval[_-]?results       <none>
  detection[_-]?recall                     <none>
  impact[_-]?map[_-]?accuracy              <none>
  path[_-]?map[_-]?accuracy                <none>
## kernel schemas (framework/schemas) naming oracle/fault/qualification:
  <none>
## gate register entry:
44:  - id: GATE-P2-ORACLE-FORMAT
45-    title: Qualification Oracle format (V1-V4) accepted by a fresh independent reviewer before any hidden fault exists
46-    status: NOT_SATISFIED
47-    satisfier: fresh independent reviewer (frozen contract AC-6, section 9.2)
--
62:    preconditions: [GATE-P2-ENTRY, GATE-P2-FROZEN-CONTRACT, GATE-P2-ORACLE-FORMAT, GATE-P2-R1-PRESERVATION]
63-    token: GOVERNANCE_CAPABILITY_BASELINE_ACCEPTED
64-    satisfied_when: every acceptance criterion AC-1..AC-16 of the frozen contract holds for one exact frozen candidate
65-
## CLI surface:
  gov qualify        unrecognised
  gov oracle         unrecognised
  gov score          unrecognised
  gov qualification  unrecognised
# exit=0
