## [U0] installed 4.1.4: True | lock version = 4.1.4

## [U1] gov update --check (impact simulation)
[U1] {"current": "4.1.4", "available": "4.1.5", "up_to_date": false, "downgrade": false, "compatible": true, "migration_path": ["M-4.1.4-4.1.5"], "certification": "READY_FOR_INDEPENDENT_REVERIFICATION", "human_gate_required": true, "recommendation": "review impact; approve with `gov update --apply --approve --by <human>`"}
[U1] impact: {"radius": "R3", "overlay_changes": [], "index_rebuild": true, "regenerate_adapters": true, "notes": ["4.1.5 makes plugin authorisation and policy-exception governance derive from authoritative state outside the descriptor/overlay, and refuses constitutional enforcement against an unverified installed kernel (KERNEL_TAMPERED). Existing overlays remain valid; previously hand-declared plugins keep working for roles at or above TOOL_POLICY.plugins.min_authority and must be registered with `gov plugins register` to carry elevated permissions or approved_roles.", "PROJECT_EXCEPTIONS entries now require a resolvable ACTIVE decision that names the exception id or its policy key (authorises_exceptio

## [U2] gov update --apply (human gate, then apply)
[U2] apply without --approve: REFUSED HUMAN_GATE_REQUIRED: update requires human approval: gate HDG-0001 created; present it (`gov gate present HDG-0001`), record the answer (`gov decide HDG-0001 --option A --by <human>`), then re-run `gov update --apply --ap
[U2] --approve alone (gate not presented/answered): {"applied": false, "reason": "human gate not presented/answered (INV-008): --approve is not a substitute for an answered gate record", "human_gate": "HDG-0001", "gate_status": "PENDING", "presented_in_chat": false, "next
[U2] apply after the gate: True | applied = True | from 4.1.4 to 4.1.5
[U2] migrations = ['M-4.1.4-4.1.5'] | operations = [{"op": "note", "file": "", "dry_run": false}, {"op": "note", "file": "", "dry_run": false}, {"op": "set_lock_field", "file": "", "dry_run": false}, {"op": "require_index_rebuild", "file": "", "dry_run": false}, {"op": "regenerate_adapters", "file": "", "dry_run": false}]
[U2] overlay_keys_changed = [] | overlay_reconciled = []
[U2] index_manifest = 3ebc6dfe82c345a4ae6ab54886041c50cd0f27fa8ef9119760705fa48769a925 | doctor = DEGRADED | audit = HEALTHY | lock = {'release_commit': '25dac6efcc4a0d8149d12b619b1776788f34dcaf', 'source': 'release:agentic-engineering-os@4.1.5'}
[U2] release_authenticity = UNKNOWN

## [U3] overlay preserved / spec untouched / adapters regenerated / indexes rebuilt
[U3] customised overlay values kept: name = s5-customised | override = {'AUTHORITY_POLICY.authority_levels_required.create_task': 'L3'} | DATA_SENSITIVITY = [{'pattern': 'product/data/**', 'class': 'restricted', 'reason': 'customer'}]
[U3] spec/ changes since the pre-update commit (git status): ['?? spec/decisions/D-0002.yaml', '?? spec/decisions/HDG-0001.yaml', '?? spec/reports/checkpoints/CKPT-00001.yaml', '?? spec/reports/checkpoints/CKPT-00002.yaml', '?? spec/reports/checkpoints/LATEST.yaml', '?? spec/reports/framework-updates.jsonl']
[U3] pre-existing governed records unchanged: D-0001 = {'id': 'D-0001', 'status': 'ACTIVE', 'title': 'keep', 'type': 'decision'} | git diff on committed spec files: (none)
[U3] adapter manifest keys: ['adapters', 'generated_at', 'invariants_hash', 'kernel_hash', 'overlay_hash']
[U3] adapter manifest before/after: {"kernel_version": null, "framework_version": null, "generated_at": "2026-09-18T23:33:22Z", "overlay_hash": "7be890b339d4f7c27c6d4b29ae410e49189d2c8feae330da1d8d62bd0fdfd102"} -> {"kernel_version": null, "framework_version": null, "generated_at": "2026-09-18T23:33:23Z", "overlay_hash": "230a48951d0457c3780fb43504da21107dc218760f941c7185ae98d8cb319474"}
[U3] index manifest before/after: 052f9691166799a2658e112ef15f5041031ba1fba5725d4664402b296b47092e -> f708efa27e2c1349933333e8655017864d24f50fb3f6345b4eee09e4ea3a0ea2 | index_version = 4.1.5-idx3
[U3] lock now: {'version': '4.1.5', 'release_commit': '25dac6efcc4a0d8149d12b619b1776788f34dcaf', 'source': 'release:agentic-engineering-os@4.1.5'}

## [U4] ledger / provenance
[U4] {"event": "update", "from": "4.1.4", "to": "4.1.5", "by": "product-owner", "session": "S-7825868144ed", "role": "orchestrator", "result": "committed", "release_commit": "25dac6efcc4a0d8149d12b619b1776788f34dcaf", "source": "release:agentic-engineering-os@4.1.5"}

## [U5] gov update --rollback (operator-initiated)
[U5] rollback: True | rolled_back_to = 4.1.4 | kernel_ok = True | doctor = DEGRADED | error = None
[U5] overlay byte-identical to pre-update: True | lock version = 4.1.4
[U5] ledger rollback entry: {"event": "rollback", "from": "4.1.5", "to": "4.1.4", "rolled_back_update": {"from": "4.1.4", "to": "4.1.5", "applied_at": "2026-09-18T23:33:23Z", "migrations": ["M-4.1.4-4.1.5"], "by": "product-owner", "session": "S-7825868144ed"}, "authority_level": "L4", "reason": "probe rollback", "resulting_lock": {"version": "4.1.4", "release_hash": "e5e2f2c79329004019c146b90787eeaebbb49f929765c5a7e37991de00437d2b", "release_commit": "c6b594ba7c8729e56a9de9f506b6efd17804d8ab", "source": "release:agentic-en
[U5] second rollback: REFUSED SNAPSHOT_MISSING

## [U6] compatibility: unsupported path; downgrade
[U6] 4.1.4 -> 4.1.6 (supports only 4.1.3): compatible = False | migration_path_complete = False
[U6] apply -> REFUSED UPDATE_UNSUPPORTED
[U6] 4.1.4 -> 4.1.3 (downgrade): up_to_date = True | downgrade = True | recommendation = nothing to do

## [U7] automatic transaction rollback when post-install verification fails
[U7] synthetic 4.1.7 built: True 
[U7] apply -> REFUSED OVERLAY_INVALID: overlay invalid after migration: PROJECT_POLICY.yaml: /schema_version: 12345 is not of type "string" — update rolled back
[U7] kernel restored: True | lock restored: True
[U7] last ledger entry: {"event": "rollback", "from": "4.1.7", "to": "4.1.4", "reason": "automatic: OVERLAY_INVALID (overlay invalid after migration: PROJECT_POLICY.yaml: /schema_version: 12345 is not of type \"string\")", "result": "rolled_back"}

## [U8] PROVISIONED machine: refused update leaves its pre-admission snapshot; `update --rollback` then 'rolls back' an update that never happened
[U8] update to an UNSIGNED 4.1.6 on the provisioned machine -> REFUSED SRR_RELEASE_UNVERIFIED
[U8] lock still: 4.1.5 | leftover snapshot dirs: ['4.1.6']
[U8] gov update --rollback -> ok {"rolled_back_to": "4.1.5", "from": "4.1.5"}
[U8] update ledger events: [('rollback', '4.1.5', '4.1.5', '4.1.6')]

DONE
[S5-update exit=0]
