
## WS-2 WS02-r2-supplementary
   builder recorded: 51/51   integrated unedited: 48/51   integrated derived: 50/51
   PASS->FAIL         unedited | derived: PASS         W7.5b
   PASS->FAIL         unedited | derived: FAIL         W7.2b
   PASS->FAIL         unedited | derived: PASS         SUITE.delivery
   lines PASS on the builder's branch and not PASS through the derived copy: ['W7.2b']

## WS-3 R2-WS03-probes
   builder recorded: 24/24   integrated unedited: 23/24   integrated derived: n/a
   PASS->FAIL         unedited | derived: -            CS.a

## WS-3 ws03_named_checks.r2-derived
   builder recorded: 39/39   integrated unedited: 39/39   integrated derived: n/a

## WS-4 ws04r2-scenarios (through the evidence adapter)
   builder recorded: 40/40   integrated unedited: 1/1   integrated derived: 40/40
   PASS->not reached  unedited | derived: PASS         S1.content-edit-before-approve
   PASS->not reached  unedited | derived: PASS         S1.impact-edit-refused
   PASS->not reached  unedited | derived: PASS         S1.forged-auto-approval-refused
   PASS->not reached  unedited | derived: PASS         S1.copied-state-refused
   PASS->not reached  unedited | derived: PASS         S1.unsealed-state-refused
   PASS->not reached  unedited | derived: PASS         S1.hand-written-cit-refused
   PASS->not reached  unedited | derived: PASS         S2.auth
   PASS->not reached  unedited | derived: PASS         S2.k8s
   PASS->not reached  unedited | derived: PASS         S2.gherkin
   PASS->not reached  unedited | derived: PASS         S2.req-criteria
   PASS->not reached  unedited | derived: PASS         S2.editorial-stays-editorial
   PASS->not reached  unedited | derived: PASS         S2.declared-governance-target
   PASS->not reached  unedited | derived: PASS         S2.performed-changes-classified
   PASS->not reached  unedited | derived: PASS         S3.checkpoint-records-inputs
   PASS->not reached  unedited | derived: PASS         S3.cit-committed
   PASS->not reached  unedited | derived: PASS         S3.done-task-revalidated
   PASS->not reached  unedited | derived: PASS         S3.revalidation-task
   PASS->not reached  unedited | derived: PASS         S3.report-stale
   PASS->not reached  unedited | derived: PASS         S3.validation-evidence-stale
   PASS->not reached  unedited | derived: PASS         S3.checkpoint-stale
   PASS->not reached  unedited | derived: PASS         S3.packet-invalidated
   PASS->not reached  unedited | derived: PASS         S3.idempotent
   PASS->not reached  unedited | derived: PASS         S3.direct-detected-after-rebuild
   PASS->not reached  unedited | derived: PASS         S3.direct-propagated
   PASS->not reached  unedited | derived: PASS         S3.redelivery-recorded
   PASS->not reached  unedited | derived: PASS         S4.state-reference
   PASS->not reached  unedited | derived: PASS         S4.handoff-missing-refused
   PASS->not reached  unedited | derived: PASS         S4.checkpoint-freshness
   PASS->not reached  unedited | derived: PASS         S4.handoff-stale-degraded
   PASS->not reached  unedited | derived: PASS         S4.handoff-marks-retest
   PASS->not reached  unedited | derived: PASS         S4.session-close-degraded
   PASS->not reached  unedited | derived: PASS         S4.watchdog-counts-itself
   PASS->not reached  unedited | derived: PASS         S4.boundaries-observed
   PASS->not reached  unedited | derived: PASS         S5.manifest-blocked
   PASS->not reached  unedited | derived: PASS         S5.not-delivered-as-authority
   PASS->not reached  unedited | derived: PASS         S5.routed-to-gate
   PASS->not reached  unedited | derived: PASS         S5.routing-idempotent
   PASS->not reached  unedited | derived: PASS         S5.resolution-honoured
   PASS->not reached  unedited | derived: PASS         S5.explicit-set-aside-blocks
   lines PASS on the builder's branch and not PASS through the derived copy: none

## WS-5 ws05_r2_supplementary
   builder recorded: 37/37   integrated unedited: 31/32   integrated derived: 37/37
   PASS->not reached  unedited | derived: PASS         B2.declined-blocks
   PASS->not reached  unedited | derived: PASS         B3.revoked-blocks
   PASS->not reached  unedited | derived: PASS         B4.missing-gate-blocks
   PASS->not reached  unedited | derived: PASS         B5.field-removal-does-not-release
   PASS->not reached  unedited | derived: PASS         B6.close-refused-while-gated
   PASS->not reached  unedited | derived: PASS         B7.authorised-closes
   lines PASS on the builder's branch and not PASS through the derived copy: none

## WS-6 SUPP-ws06-r2
   builder recorded: 8/8   integrated unedited: 1/1   integrated derived: 8/8
   PASS->not reached  unedited | derived: PASS         R3-declined
   PASS->not reached  unedited | derived: PASS         R2-human-from-answer
   PASS->not reached  unedited | derived: PASS         R2-hand-edit-not-honoured
   PASS->not reached  unedited | derived: PASS         R2-restored-bytes-govern-again
   PASS->not reached  unedited | derived: PASS         R4-unmeasured-rolled-back
   PASS->not reached  unedited | derived: PASS         R6-rebuild-raises-integrity
   PASS->not reached  unedited | derived: PASS         R5-rebuild-reports-state
   lines PASS on the builder's branch and not PASS through the derived copy: none

## WS-6 SUPP-ws06-behaviours (round 1, re-run by WS-6 in round 2)
   builder recorded: 19/19   integrated unedited: 16/19   integrated derived: 19/19
   PASS->FAIL         unedited | derived: PASS         S1-register-stale
   PASS->FAIL         unedited | derived: PASS         S1-register-equal
   PASS->FAIL         unedited | derived: PASS         S4-recall
   lines PASS on the builder's branch and not PASS through the derived copy: none

## WS-7 ws07_named_checks
   builder recorded: 26/26   integrated unedited: 5/9   integrated derived: 26/26
   PASS->not reached  unedited | derived: PASS         W7-11.a
   PASS->not reached  unedited | derived: PASS         W7-11.b
   PASS->not reached  unedited | derived: PASS         W7-11.c
   PASS->not reached  unedited | derived: PASS         W7-11.d
   PASS->not reached  unedited | derived: PASS         W7-11.e
   PASS->not reached  unedited | derived: PASS         W7-40.a
   PASS->not reached  unedited | derived: PASS         W7-40.b
   PASS->not reached  unedited | derived: PASS         W7-40.c
   PASS->not reached  unedited | derived: PASS         W7-40.d
   PASS->not reached  unedited | derived: PASS         W7-40.e
   PASS->not reached  unedited | derived: PASS         W7-40.f
   PASS->not reached  unedited | derived: PASS         W7-40.g
   PASS->not reached  unedited | derived: PASS         W7-09.a
   PASS->not reached  unedited | derived: PASS         W7-09.b
   PASS->not reached  unedited | derived: PASS         W7-41.a
   PASS->not reached  unedited | derived: PASS         W7-41.b
   PASS->not reached  unedited | derived: PASS         W7-41.c
   PASS->not reached  unedited | derived: PASS         W7-41.d
   PASS->not reached  unedited | derived: PASS         W7-41.e
   PASS->not reached  unedited | derived: PASS         W7-41.f
   PASS->not reached  unedited | derived: PASS         W7-IP3
   lines PASS on the builder's branch and not PASS through the derived copy: none

## WS-8 WS08-P1 (round-1 probe, derived owner-channel copy)
   builder recorded: 14/15   integrated unedited: 14/15   integrated derived: n/a

## WS-8 WS08-P2
   builder recorded: 8/8   integrated unedited: 8/8   integrated derived: n/a

## WS-8 WS08-P3
   builder recorded: 11/11   integrated unedited: 11/11   integrated derived: n/a

## WS-8 WS08-P4 (round-1 probe, derived owner-channel copy)
   builder recorded: 9/9   integrated unedited: 9/9   integrated derived: n/a

## WS-8 cold_cache_scheduler
   builder recorded: 17/17   integrated unedited: 17/17   integrated derived: n/a

## WS-9/11 R2-ws0911-named-checks
   builder recorded: 41/41   integrated unedited: 38/41   integrated derived: 41/41
   PASS->FAIL         unedited | derived: PASS         gate-subject
   PASS->FAIL         unedited | derived: PASS         Q-declined
   PASS->FAIL         unedited | derived: PASS         Q-human
   lines PASS on the builder's branch and not PASS through the derived copy: none

## WS-10 ws10_supplementary
   builder recorded: 34/34   integrated unedited: 10/12   integrated derived: 34/34
   PASS->FAIL         unedited | derived: PASS         WS10-J1-6.decision-on-unsupported-research
   PASS->FAIL         unedited | derived: PASS         WS10-J1-7b.influence-backlink
   PASS->not reached  unedited | derived: PASS         WS10-J1-8.benchmark-research-influence
   PASS->not reached  unedited | derived: PASS         WS10-J1-9.skill-scenario-now-true
   PASS->not reached  unedited | derived: PASS         WS10-J2-1.design-refusals
   PASS->not reached  unedited | derived: PASS         WS10-J2-2.transitions
   PASS->not reached  unedited | derived: PASS         WS10-J2-3a.unreproduced-is-not-evidence
   PASS->not reached  unedited | derived: PASS         WS10-J2-3b.reproduced-under-tolerance
   PASS->not reached  unedited | derived: PASS         WS10-J2-4.irreproducible-detected
   PASS->not reached  unedited | derived: PASS         WS10-J2-5.input-drift
   PASS->not reached  unedited | derived: PASS         WS10-J2-6.forged-lifecycle-not-honoured
   PASS->not reached  unedited | derived: PASS         WS10-J2-7.governed-promotion
   PASS->not reached  unedited | derived: PASS         WS10-J2-8.output-copied-into-production
   PASS->not reached  unedited | derived: PASS         WS10-J2-9.experimental-task-merge-detected
   PASS->not reached  unedited | derived: PASS         WS10-J2-11.revoked-promotion-withdrawn
   PASS->not reached  unedited | derived: PASS         WS10-J2-10.legacy-experiment-adopted
   PASS->not reached  unedited | derived: PASS         WS10-H4-1.gamma-r-fixture-gaps
   PASS->not reached  unedited | derived: PASS         WS10-H4-2.criteria-gaps
   PASS->not reached  unedited | derived: PASS         WS10-H4-3a.register-refusals
   PASS->not reached  unedited | derived: PASS         WS10-H4-3b.registered-with-os-authorship
   PASS->not reached  unedited | derived: PASS         WS10-H4-4.complete-chain
   PASS->not reached  unedited | derived: PASS         WS10-H4-5.provenance-read
   PASS->not reached  unedited | derived: PASS         WS10-H4-6.human-decisions
   PASS->not reached  unedited | derived: PASS         WS10-G0-1.guarded
   lines PASS on the builder's branch and not PASS through the derived copy: none
