
# WS-4 (P2-AR-0017) zeta-r
  W00-harness-smoke: recorded 1P/0F | integrated: 1P/0F, PASS->FAIL 0, FAIL->PASS 0, not reached 0 | shim: 1P/0F, PASS->FAIL 0, FAIL->PASS 0, not reached 0
  W01-artefact-identity: recorded 59P/11F | integrated: 54P/9F, PASS->FAIL 0, FAIL->PASS 0, not reached 7 | shim: 59P/11F, PASS->FAIL 0, FAIL->PASS 0, not reached 0
      [integrated] not reached W1-b7-gate-decision-provenance
      [integrated] not reached W1-b7-audit-provenance
      [integrated] not reached W1-b1-audit-finding-id-stable
      [integrated] not reached W1-benchmark-result-has-id
      [integrated] not reached W1-b7-benchmark-provenance
      [integrated] not reached W1-b6-benchmark-hash-in-record
      [integrated] not reached W1-b6-benchmark-hash-in-manifest
  W01b-migration-plan-identity: recorded 1P/8F | integrated: 9P/0F, PASS->FAIL 0, FAIL->PASS 8, not reached 0 | shim: 9P/0F, PASS->FAIL 0, FAIL->PASS 8, not reached 0
      [integrated] FAIL->PASS W1-b1-migplan-stable-id
      [integrated] FAIL->PASS W1-b2-migplan-type
      [integrated] FAIL->PASS W1-b4-migplan-authority
      [integrated] FAIL->PASS W1-b6-migplan-version-hash
      [integrated] FAIL->PASS W1-b7-migplan-provenance
      [integrated] FAIL->PASS W1-b8-migplan-lineage
      [integrated] FAIL->PASS W1-b9-migplan-consumers
      [integrated] FAIL->PASS W1-b8-migplan-replan-keeps-history
      [shim] FAIL->PASS W1-b1-migplan-stable-id
      [shim] FAIL->PASS W1-b2-migplan-type
      [shim] FAIL->PASS W1-b4-migplan-authority
      [shim] FAIL->PASS W1-b6-migplan-version-hash
      [shim] FAIL->PASS W1-b7-migplan-provenance
      [shim] FAIL->PASS W1-b8-migplan-lineage
      [shim] FAIL->PASS W1-b9-migplan-consumers
      [shim] FAIL->PASS W1-b8-migplan-replan-keeps-history
  W02-typed-contracts: recorded 16P/0F | integrated: 16P/0F, PASS->FAIL 0, FAIL->PASS 0, not reached 0 | shim: 16P/0F, PASS->FAIL 0, FAIL->PASS 0, not reached 0
  W03-task-input-manifest: recorded 12P/8F | integrated: 12P/8F, PASS->FAIL 0, FAIL->PASS 0, not reached 0 | shim: 12P/8F, PASS->FAIL 0, FAIL->PASS 0, not reached 0
  W04-context-delivery: recorded 12P/1F | integrated: 12P/1F, PASS->FAIL 0, FAIL->PASS 0, not reached 0 | shim: 12P/1F, PASS->FAIL 0, FAIL->PASS 0, not reached 0
  W04b-input-class-delivery: recorded 13P/0F | integrated: 11P/0F, PASS->FAIL 0, FAIL->PASS 0, not reached 2 | shim: 13P/0F, PASS->FAIL 0, FAIL->PASS 0, not reached 0
      [integrated] not reached W4b-stale-input-marked-in-packet
      [integrated] not reached W4b-benchmark-result-consumed-by-decision
  W05-consumption-receipt: recorded 9P/11F | integrated: 10P/10F, PASS->FAIL 0, FAIL->PASS 1, not reached 0 | shim: 10P/10F, PASS->FAIL 0, FAIL->PASS 1, not reached 0
      [integrated] FAIL->PASS W5-c2-no-claim-observed-paths-correct
      [shim] FAIL->PASS W5-c2-no-claim-observed-paths-correct
  W06-staleness-propagation: recorded 10P/16F | integrated: 1P/0F, PASS->FAIL 0, FAIL->PASS 0, not reached 25 | shim: 11P/15F, PASS->FAIL 0, FAIL->PASS 1, not reached 0
      [integrated] not reached W6-A-cit-executed
      [integrated] not reached W6-s1-open-dependent-task-stale(CIT)
      [integrated] not reached W6-s6-completed-task-revalidated(CIT)
      [integrated] not reached W6-s7-closed-task-evidence-not-green(CIT)
      [integrated] not reached W6-s2-test-evidence-invalidated(CIT)
      [integrated] not reached W6-s3-context-packets-invalidated(CIT)
      [integrated] not reached W6-s3-checkpoint-packet-ref-flagged(CIT)
      [integrated] not reached W6-s5-rework-tasks-generated(CIT)
      [integrated] not reached W6-s1-stale-open-task-blocked(CIT)
      [integrated] not reached W6-s2-test-evidence-invalidated(CIT,R2)
      [integrated] not reached W6-s6-completed-task-revalidated(CIT,R2)
      [integrated] not reached W6-s2-stale-test-evidence-blocks-consumers(CIT,R2)
      [integrated] not reached AC16-W6xD1-content-hash-detects-upstream-change
      [integrated] not reached W6-s1-open-dependent-task-stale(direct)
      [integrated] not reached W6-s6-completed-task-revalidated(direct)
      [integrated] not reached W6-s2-test-evidence-invalidated(direct)
      [integrated] not reached AC16-W6xD1-stale-index-blocks-close
      [integrated] not reached W6-s3-context-packets-invalidated(direct)
      [integrated] not reached AC16-W6xD1-rebuild-does-not-license-stale-consumption
      [integrated] not reached W6-s1-direct-change-forces-cit
      [integrated] not reached AC16-W6xO4-green-goes-stale-on-requirement-change
      [integrated] not reached W6-s7-stale-evidence-surfaced(direct)
      [integrated] not reached W6-B2-concurrent-upstream-change-detected-at-close
      [integrated] not reached W6-s7-retest-flag-not-cleared-by-close
      [integrated] not reached W6-s4-graph-impact(REQ)
      [shim] FAIL->PASS AC16-W6xO4-green-goes-stale-on-requirement-change
  W07-orphan-detection: recorded 3P/9F | integrated: 3P/9F, PASS->FAIL 0, FAIL->PASS 0, not reached 0 | shim: 3P/9F, PASS->FAIL 0, FAIL->PASS 0, not reached 0
  W08-lineage: recorded 21P/3F | integrated: 21P/3F, PASS->FAIL 0, FAIL->PASS 0, not reached 0 | shim: 21P/3F, PASS->FAIL 0, FAIL->PASS 0, not reached 0
  W09-session-handoff-continuity: recorded 9P/7F | integrated: 9P/7F, PASS->FAIL 0, FAIL->PASS 0, not reached 0 | shim: 9P/7F, PASS->FAIL 0, FAIL->PASS 0, not reached 0
  W10-hard-invariant-attacks: recorded 21P/2F | integrated: 21P/2F, PASS->FAIL 0, FAIL->PASS 0, not reached 2 | shim: 21P/2F, PASS->FAIL 0, FAIL->PASS 0, not reached 2
      [integrated] not reached W10-a3-budget-11486
      [integrated] not reached W10-a3-budget-10386
      [shim] not reached W10-a3-budget-11486
      [shim] not reached W10-a3-budget-10386
  W11-quantitative-health: recorded 4P/9F | integrated: 4P/9F, PASS->FAIL 0, FAIL->PASS 0, not reached 0 | shim: 4P/9F, PASS->FAIL 0, FAIL->PASS 0, not reached 0
  W12-scheduler-integration: recorded 4P/10F | integrated: 0P/2F, PASS->FAIL 0, FAIL->PASS 0, not reached 12 | shim: 5P/9F, PASS->FAIL 0, FAIL->PASS 1, not reached 0
      [integrated] not reached W12-G1-mutation-detected(index)
      [integrated] not reached W12-G1-dependency-evidence-invalidated
      [integrated] not reached W12-G2-input-consumption-traceability-verified-at-close
      [integrated] not reached W12-G3-continuity-verified(checkpoint)
      [integrated] not reached W12-G4-cit-wider-propagation
      [integrated] not reached W12-G4-propagation-after-noncit-architecture-change
      [integrated] not reached W12-G5-audits-superseded-consumption
      [integrated] not reached AC16-W12xO5-health-state-reflects-superseded-consumption
      [integrated] not reached W12-G5-audits-missing-input
      [integrated] not reached AC16-W12xO5-health-state-reflects-missing-input
      [integrated] not reached W12-G5-audits-end-to-end-lineage
      [integrated] not reached AC16-W12xO5-tier-scheduler-present
      [shim] FAIL->PASS AC16-W12xO5-tier-scheduler-present
  FR-freshness-invalidation: recorded 1P/0F | integrated: 1P/0F, PASS->FAIL 0, FAIL->PASS 0, not reached 0 | shim: 1P/0F, PASS->FAIL 0, FAIL->PASS 0, not reached 0

# WS-6 (P2-AR-0019) beta-r
  C3-semantic-memory: recorded 14P/0F | integrated: 14P/0F, PASS->FAIL 0, FAIL->PASS 0, not reached 0 | shim: 14P/0F, PASS->FAIL 0, FAIL->PASS 0, not reached 0
  C4-lexical-memory: recorded 33P/1F | integrated: 33P/1F, PASS->FAIL 0, FAIL->PASS 0, not reached 0 | shim: 33P/1F, PASS->FAIL 0, FAIL->PASS 0, not reached 0
  C5-code-structural-memory: recorded 10P/1F | integrated: 10P/1F, PASS->FAIL 0, FAIL->PASS 0, not reached 0 | shim: 10P/1F, PASS->FAIL 0, FAIL->PASS 0, not reached 0
  C7-episodic-memory: recorded 7P/0F | integrated: 7P/0F, PASS->FAIL 0, FAIL->PASS 0, not reached 0 | shim: 7P/0F, PASS->FAIL 0, FAIL->PASS 0, not reached 0
  C8-failure-memory: recorded 8P/0F | integrated: 6P/0F, PASS->FAIL 0, FAIL->PASS 0, not reached 2 | shim: 8P/0F, PASS->FAIL 0, FAIL->PASS 0, not reached 0
      [integrated] not reached C8-b6
      [integrated] not reached C8-b7
  C9-context-packet: recorded 9P/1F | integrated: 9P/1F, PASS->FAIL 1, FAIL->PASS 1, not reached 0 | shim: 9P/1F, PASS->FAIL 1, FAIL->PASS 1, not reached 0
      [integrated] PASS->FAIL C9-b4
      [integrated] FAIL->PASS C9-b3-policy-fields
      [shim] PASS->FAIL C9-b4
      [shim] FAIL->PASS C9-b3-policy-fields
  D1-incremental-freshness: recorded 11P/0F | integrated: 11P/0F, PASS->FAIL 0, FAIL->PASS 0, not reached 0 | shim: 11P/0F, PASS->FAIL 0, FAIL->PASS 0, not reached 0
  D2-retrieval-router: recorded 9P/0F | integrated: 9P/0F, PASS->FAIL 0, FAIL->PASS 0, not reached 0 | shim: 9P/0F, PASS->FAIL 0, FAIL->PASS 0, not reached 0
  D3-hierarchical-retrieval: recorded 5P/0F | integrated: 5P/0F, PASS->FAIL 0, FAIL->PASS 0, not reached 0 | shim: 5P/0F, PASS->FAIL 0, FAIL->PASS 0, not reached 0
  X-K2-D1-W6-interactions: recorded 5P/0F | integrated: 0P/0F, PASS->FAIL 0, FAIL->PASS 0, not reached 5 | shim: 5P/0F, PASS->FAIL 0, FAIL->PASS 0, not reached 0
      [integrated] not reached K2-D1-1
      [integrated] not reached K2-D1-2
      [integrated] not reached K2-D1-3
      [integrated] not reached D1-W6-1
      [integrated] not reached D1-W6-3
  C1-deterministic-structured-memory: recorded 18P/0F | integrated: 18P/0F, PASS->FAIL 0, FAIL->PASS 0, not reached 0 | shim: 18P/0F, PASS->FAIL 0, FAIL->PASS 0, not reached 0
  C10-capability-memory: recorded 6P/4F | integrated: 6P/4F, PASS->FAIL 0, FAIL->PASS 0, not reached 0 | shim: 6P/4F, PASS->FAIL 0, FAIL->PASS 0, not reached 0
  C2-relationship-graph: recorded 7P/3F | integrated: 7P/3F, PASS->FAIL 0, FAIL->PASS 0, not reached 0 | shim: 7P/3F, PASS->FAIL 0, FAIL->PASS 0, not reached 0
  C6-temporal-memory: recorded 5P/1F | integrated: 0P/0F, PASS->FAIL 0, FAIL->PASS 0, not reached 6 | shim: 5P/1F, PASS->FAIL 0, FAIL->PASS 0, not reached 0
      [integrated] not reached C6-b1
      [integrated] not reached C6-b2
      [integrated] not reached C6-b3
      [integrated] not reached C6-b4
      [integrated] not reached C6-b5
      [integrated] not reached C6-ungoverned-why
  D4-component-separation: recorded 9P/2F | integrated: 9P/2F, PASS->FAIL 0, FAIL->PASS 0, not reached 0 | shim: 9P/2F, PASS->FAIL 0, FAIL->PASS 0, not reached 0
  D5-model-selection: recorded 7P/4F | integrated: 7P/4F, PASS->FAIL 0, FAIL->PASS 0, not reached 0 | shim: 7P/4F, PASS->FAIL 0, FAIL->PASS 0, not reached 0
  D6-rebuild-guarantee: recorded 6P/2F | integrated: 0P/0F, PASS->FAIL 0, FAIL->PASS 0, not reached 8 | shim: 0P/0F, PASS->FAIL 0, FAIL->PASS 0, not reached 8
      [integrated] not reached D6-b2-A-registry
      [integrated] not reached D6-b2-A-pin
      [integrated] not reached D6-b1
      [integrated] not reached D6-b2-A
      [integrated] not reached D6-b1-identical
      [integrated] not reached D6-b2-B
      [integrated] not reached D6-b3
      [integrated] not reached D6-b4
      [shim] not reached D6-b2-A-registry
      [shim] not reached D6-b2-A-pin
      [shim] not reached D6-b1
      [shim] not reached D6-b2-A
      [shim] not reached D6-b1-identical
      [shim] not reached D6-b2-B
      [shim] not reached D6-b3
      [shim] not reached D6-b4
  DERIVED-views-reconciliation: recorded 0P/2F | integrated: 0P/2F, PASS->FAIL 0, FAIL->PASS 0, not reached 0 | shim: 0P/2F, PASS->FAIL 0, FAIL->PASS 0, not reached 0
  FRESH-evidence-invalidation: recorded 2P/3F | integrated: 5P/0F, PASS->FAIL 0, FAIL->PASS 3, not reached 0 | shim: 5P/0F, PASS->FAIL 0, FAIL->PASS 3, not reached 0
      [integrated] FAIL->PASS FRESH-source
      [integrated] FAIL->PASS FRESH-spec
      [integrated] FAIL->PASS FRESH-manifest
      [shim] FAIL->PASS FRESH-source
      [shim] FAIL->PASS FRESH-spec
      [shim] FAIL->PASS FRESH-manifest
  R1-R2-legacy-and-chat-retirement: recorded 8P/5F | integrated: 1P/0F, PASS->FAIL 0, FAIL->PASS 0, not reached 12 | shim: 11P/2F, PASS->FAIL 0, FAIL->PASS 3, not reached 0
      [integrated] not reached R1-b2
      [integrated] not reached R1-b4-decisions-lessons
      [integrated] not reached R1-b4-skills-research-evidence
      [integrated] not reached R2-b2
      [integrated] not reached R2-b3
      [integrated] not reached R1-b5
      [integrated] not reached R1-b1
      [integrated] not reached R1-b6
      [integrated] not reached R1-b7
      [integrated] not reached R2-b1
      [integrated] not reached R2-b4-cit
      [integrated] not reached R2-b4-index-regression
      [shim] FAIL->PASS R1-b4-skills-research-evidence
      [shim] FAIL->PASS R2-b2
      [shim] FAIL->PASS R1-b7
  R3-archive-policy: recorded 3P/1F | integrated: 1P/1F, PASS->FAIL 0, FAIL->PASS 0, not reached 2 | shim: 3P/1F, PASS->FAIL 0, FAIL->PASS 0, not reached 0
      [integrated] not reached R3-b2
      [integrated] not reached R3-b3
  SCALE-retrieval-latency: recorded 0P/0F | integrated: 0P/0F, PASS->FAIL 0, FAIL->PASS 0, not reached 0 | shim: 0P/0F, PASS->FAIL 0, FAIL->PASS 0, not reached 0

# WS-9/11 (P2-AR-0021)
  LEAD-X5-adoption-rerun-archives-os-adapter: recorded 3P/0F | integrated: 3P/0F, PASS->FAIL 0, FAIL->PASS 0, not reached 0 | shim: 3P/0F, PASS->FAIL 0, FAIL->PASS 0, not reached 0
  R1-R2-legacy-and-chat-retirement: recorded 11P/2F | integrated: 1P/0F, PASS->FAIL 0, FAIL->PASS 0, not reached 12 | shim: 11P/2F, PASS->FAIL 0, FAIL->PASS 0, not reached 0
      [integrated] not reached R1-b2
      [integrated] not reached R1-b4-decisions-lessons
      [integrated] not reached R1-b4-skills-research-evidence
      [integrated] not reached R2-b2
      [integrated] not reached R2-b3
      [integrated] not reached R1-b5
      [integrated] not reached R1-b1
      [integrated] not reached R1-b6
      [integrated] not reached R1-b7
      [integrated] not reached R2-b1
      [integrated] not reached R2-b4-cit
      [integrated] not reached R2-b4-index-regression
  W01b-migration-plan-identity: recorded 9P/0F | integrated: 9P/0F, PASS->FAIL 0, FAIL->PASS 0, not reached 0 | shim: 9P/0F, PASS->FAIL 0, FAIL->PASS 0, not reached 0
  W01-artefact-identity: recorded 59P/11F | integrated: 54P/9F, PASS->FAIL 0, FAIL->PASS 0, not reached 7 | shim: 59P/11F, PASS->FAIL 0, FAIL->PASS 0, not reached 0
      [integrated] not reached W1-b7-gate-decision-provenance
      [integrated] not reached W1-b7-audit-provenance
      [integrated] not reached W1-b1-audit-finding-id-stable
      [integrated] not reached W1-benchmark-result-has-id
      [integrated] not reached W1-b7-benchmark-provenance
      [integrated] not reached W1-b6-benchmark-hash-in-record
      [integrated] not reached W1-b6-benchmark-hash-in-manifest

# WS-3 (P2-AR-0016) delta-r / synthesis
  L1-contradiction-resolution: recorded 6P/1F | integrated: 0P/0F, PASS->FAIL 0, FAIL->PASS 0, not reached 7 | shim: 15P/4F, PASS->FAIL 0, FAIL->PASS 0, not reached 0
      [integrated] not reached L1.b1.1
      [integrated] not reached L1.b1.2
      [integrated] not reached L1.b1.3
      [integrated] not reached L1.b1.4
      [integrated] not reached L1.b1.6
      [integrated] not reached L1.b1.7
      [integrated] not reached L1.b1.8
  L2-decision-package: recorded 10P/0F | integrated: 0P/0F, PASS->FAIL 0, FAIL->PASS 0, not reached 10 | shim: 20P/0F, PASS->FAIL 0, FAIL->PASS 0, not reached 0
      [integrated] not reached L2.b1.render
      [integrated] not reached L2.b2.render
      [integrated] not reached L2.b3.render
      [integrated] not reached L2.b4.render
      [integrated] not reached L2.b5.render
      [integrated] not reached L2.b6.render
      [integrated] not reached L2.b7.render
      [integrated] not reached L2.b8.render
      [integrated] not reached L2.b9.render
      [integrated] not reached L2.b10.render
  L3-gate-presentation-attacks: recorded 12P/2F | integrated: 0P/0F, PASS->FAIL 0, FAIL->PASS 0, not reached 14 | shim: 27P/12F, PASS->FAIL 0, FAIL->PASS 0, not reached 0
      [integrated] not reached L3.b1.1
      [integrated] not reached L3.b1.2
      [integrated] not reached L3.b1.3
      [integrated] not reached L3.b1.4
      [integrated] not reached L3.b1.5
      [integrated] not reached L3.b1.6
      [integrated] not reached L3.b2.1
      [integrated] not reached L3.b2.2
      [integrated] not reached L3.b2.3
      [integrated] not reached L3.b2.4a
      [integrated] not reached L3.b2.5
      [integrated] not reached L3.b3.1
      [integrated] not reached L3.b3.2
      [integrated] not reached L3.b3.3
  L3-supplement: recorded 0P/0F | integrated: 0P/0F, PASS->FAIL 0, FAIL->PASS 0, not reached 0 | shim: 0P/2F, PASS->FAIL 0, FAIL->PASS 0, not reached 0
  M1-M3-routing: recorded 18P/3F | integrated: 0P/0F, PASS->FAIL 0, FAIL->PASS 0, not reached 21 | shim: 18P/3F, PASS->FAIL 0, FAIL->PASS 0, not reached 0
      [integrated] not reached M1.b1.1
      [integrated] not reached M1.b1.2
      [integrated] not reached M1.b2
      [integrated] not reached M1.b3
      [integrated] not reached M1.b4
      [integrated] not reached M1.floor.1
      [integrated] not reached M1.floor.2
      [integrated] not reached M2.b1.1
      [integrated] not reached M2.b1.2
      [integrated] not reached M2.b1.3
      [integrated] not reached M2.b1.4
      [integrated] not reached M2.b1.5
      [integrated] not reached M3.b1.orchestrator
      [integrated] not reached M3.b1.memory-engineer
      [integrated] not reached M3.b1.independent-auditor
      [integrated] not reached M3.b1.change-controller
      [integrated] not reached M3.b1.class.memory
      [integrated] not reached M3.b1.class.governance
      [integrated] not reached M3.b1.floor
      [integrated] not reached M3.b2.1
      [integrated] not reached M3.b2.2
  AC16-X2-authority-gate-chain: recorded 3P/2F | integrated: 3P/2F, PASS->FAIL 0, FAIL->PASS 0, not reached 0 | shim: 4P/11F, PASS->FAIL 0, FAIL->PASS 0, not reached 0

# WS-5 (P2-AR-0018) delta-r
  J1-J2-research-experiments: recorded 13P/7F | integrated: 0P/0F, PASS->FAIL 0, FAIL->PASS 0, not reached 20 | shim: 13P/7F, PASS->FAIL 0, FAIL->PASS 0, not reached 0
      [integrated] not reached J1.a.question
      [integrated] not reached J1.a.reason
      [integrated] not reached J1.a.method
      [integrated] not reached J1.a.sources
      [integrated] not reached J1.a.measurements
      [integrated] not reached J1.a.uncertainty
      [integrated] not reached J1.a.conclusion
      [integrated] not reached J1.a.confidence
      [integrated] not reached J1.a.influences
      [integrated] not reached J1.a.influence_backlink
      [integrated] not reached J1.a.graph
      [integrated] not reached J1.b.accepted
      [integrated] not reached J1.b.audit
      [integrated] not reached J2.empty
      [integrated] not reached J2.merge.schema
      [integrated] not reached J2.incomplete.audit
      [integrated] not reached J2.merge.flag
      [integrated] not reached J2.merge.flag2
      [integrated] not reached J2.merge.enforced
      [integrated] not reached J2.merge.detected
  L3-gate-presentation-attacks: recorded 28P/15F | integrated: 0P/0F, PASS->FAIL 0, FAIL->PASS 0, not reached 43 | shim: 27P/12F, PASS->FAIL 2, FAIL->PASS 4, not reached 4
      [integrated] not reached L3.b1.1
      [integrated] not reached L3.b1.2
      [integrated] not reached L3.b1.3
      [integrated] not reached L3.b1.4
      [integrated] not reached L3.b1.5
      [integrated] not reached L3.b1.6
      [integrated] not reached L3.b2.1
      [integrated] not reached L3.b2.2
      [integrated] not reached L3.b2.3
      [integrated] not reached L3.b2.4a
      [integrated] not reached L3.b2.5
      [integrated] not reached L3.b3.1
      [integrated] not reached L3.b3.2
      [integrated] not reached L3.b3.3
      [integrated] not reached L3.b4.d1
      [integrated] not reached L3.b4.d2
      [integrated] not reached L3.b4.d3
      [integrated] not reached L3.b4.d4
      [integrated] not reached L3.b4.r0
      [integrated] not reached L3.b4.r1
      [integrated] not reached L3.b4.r2
      [integrated] not reached L3.b4.r3
      [integrated] not reached L3.b4.r4
      [integrated] not reached L3.b4.r5
      [integrated] not reached L3.b4.s1
      [shim] PASS->FAIL L3.b3.1
      [shim] PASS->FAIL L3.b4.s1
      [shim] FAIL->PASS L3.b1.6
      [shim] FAIL->PASS L3.b2.2
      [shim] FAIL->PASS L3.b2.3
      [shim] FAIL->PASS L3.b4.o2
      [shim] not reached L3.b5.6
      [shim] not reached L3.b5.6c
      [shim] not reached L3.b5.7
      [shim] not reached L3.b5.8

# WS-2 (P2-AR-0015)
  FRESH-invalidation: recorded 13P/0F | integrated: 0P/0F, PASS->FAIL 0, FAIL->PASS 0, not reached 13 | shim: 12P/1F, PASS->FAIL 1, FAIL->PASS 0, not reached 0
      [integrated] not reached F.base.1
      [integrated] not reached F.PROJECT_POLICY
      [integrated] not reached F.MODEL_ROUTING_OVERRIDES
      [integrated] not reached F.HDG-0500
      [integrated] not reached F.RES-0500.inv
      [integrated] not reached F.EXP-0500.inv
      [integrated] not reached F.CKPT-09999.inv
      [integrated] not reached F.HND-0500.inv
      [integrated] not reached F.TASK-0500.inv
      [integrated] not reached F.close.1
      [integrated] not reached F.close.2
      [integrated] not reached F.impl.1
      [integrated] not reached F.families.1
      [shim] PASS->FAIL F.impl.1
  FRESH-evidence-invalidation: recorded 5P/0F | integrated: 5P/0F, PASS->FAIL 0, FAIL->PASS 0, not reached 0 | shim: 5P/0F, PASS->FAIL 0, FAIL->PASS 0, not reached 0
  FR-freshness-invalidation: recorded 1P/0F | integrated: 1P/0F, PASS->FAIL 0, FAIL->PASS 0, not reached 0 | shim: 1P/0F, PASS->FAIL 0, FAIL->PASS 0, not reached 0
  AC16-X1-upstream-change-chain: recorded 5P/10F | integrated: 1P/0F, PASS->FAIL 0, FAIL->PASS 1, not reached 14 | shim: 6P/9F, PASS->FAIL 0, FAIL->PASS 1, not reached 0
      [integrated] FAIL->PASS X1-C9-cit-p-candidates-deduplicated
      [integrated] not reached X1-K2-cit-committed
      [integrated] not reached X1-K2xD1-index-fresh-after-cit
      [integrated] not reached X1-K2xW6-open-task-retest
      [integrated] not reached X1-K2xW6-done-task-revalidated
      [integrated] not reached X1-K2xW6-done-evidence-stale
      [integrated] not reached X1-K2xW6-rework-generated
      [integrated] not reached X1-K2xW6-packet-invalidated
      [integrated] not reached X1-W12-G4-wider-check-recorded
      [integrated] not reached X1-NxW9-checkpoint-stale-marked
      [integrated] not reached X1-NxW9-handoff-blocked-or-degraded
      [integrated] not reached X1-UxO5-health-reflects-invalid-completed-work
      [integrated] not reached X1-G1-D1-detects-direct-change
      [integrated] not reached X1-G1xW6-direct-change-cannot-be-licensed-by-rebuild
      [integrated] not reached X1-O4-green-stale-after-direct-spec-change
      [shim] FAIL->PASS X1-C9-cit-p-candidates-deduplicated

# WS-8 (P2-AR-0020) synthesis
  AC16-X3-ingress-root-of-trust-chain: recorded 7P/2F | integrated: 3P/0F, PASS->FAIL 0, FAIL->PASS 1, not reached 6 | shim: 8P/1F, PASS->FAIL 0, FAIL->PASS 1, not reached 0
      [integrated] FAIL->PASS X3a-S3xA2-unprovisioned-refuses-unauthenticated
      [integrated] not reached X3a-A2xA3xC4-tampered-policy-cannot-expose-secrets
      [integrated] not reached X3a-A2:150xU-no-masquerade
      [integrated] not reached X3c-A2:146-consistent-rewrite-detected
      [integrated] not reached X3c-A2xA3xC4-secret-not-exposed
      [integrated] not reached X3c-A2xU-health-reflects-tamper
      [integrated] not reached X3c-note-secret-exclusion-independent-of-never_index_classes
      [shim] FAIL->PASS X3a-A2:150xU-no-masquerade

# WS-1/12 (P2-AR-0014)
  DERIVED-views-reconciliation: recorded 0P/2F | integrated: 0P/2F, PASS->FAIL 0, FAIL->PASS 0, not reached 0 | shim: 0P/2F, PASS->FAIL 0, FAIL->PASS 0, not reached 0
  DERIVED-VIEWS-JKLMN: recorded 22P/1F | integrated: 22P/1F, PASS->FAIL 0, FAIL->PASS 0, not reached 0 | shim: 22P/1F, PASS->FAIL 0, FAIL->PASS 0, not reached 0
  DV-derived-view-reconciliation: recorded 6P/2F | integrated: 6P/2F, PASS->FAIL 0, FAIL->PASS 0, not reached 0 | shim: 6P/2F, PASS->FAIL 0, FAIL->PASS 0, not reached 0

TOTAL over the shim runs: {'PASS->FAIL': 4, 'FAIL->PASS': 24}
