final status counts: {'PARTIAL': 84, 'PRESENT_AND_SUBSTANTIAL': 11, 'ABSENT': 6}
family status counts: {'PARTIAL': 82, 'PRESENT_AND_SUBSTANTIAL': 13, 'ABSENT': 6}
dispositions: {'CORRECTED': 15, 'CONFIRMED': 165} | family blocking after synthesis: 126 | synthesis findings: 10 blocking: 8 | total blocking: 134
classes: 52 | inventoried blocking findings: 134
zero-owner capabilities: ['J1', 'J2', 'K3', 'K4', 'M1', 'M2', 'M3', 'M4', 'N3', 'O1', 'V1', 'V2', 'V3', 'V4', 'W11']
qualification coverage incomplete: []
  BC-P2-01 n= 9 HIGH   Compiled contract views lose owner-source semantics and verification is self-referential
  BC-P2-02 n= 7 HIGH   Evidence map declares no evidence owner for any capability
  BC-P2-03 n= 6 HIGH   Green governance evidence currency: key omits relevant input classes and enforcement is pa
  BC-P2-04 n= 6 HIGH   Upstream change does not invalidate completed work, its evidence or compiled packets
  BC-P2-05 n= 3 HIGH   Checkpoint and handoff continuity: triggers, staleness and handoff blocking
  BC-P2-06 n= 6 HIGH   Health scheduler mechanics absent
  BC-P2-07 n= 6 HIGH   Health tiers G1-G6 do not perform their duties at their trigger events (incl. Gate-W dutie
  BC-P2-08 n= 6 HIGH   Acting-role resolution and G0 guard coverage on privileged/mutating paths
  BC-P2-09 n= 3 HIGH   OS-written (T2) records honoured without binding to an OS operation; lower-role writes exe
  BC-P2-10 n= 4 HIGH   Human approval and presentation derived from caller-declared metadata
  BC-P2-11 n= 2 HIGH   Gate approval not bound to the subject and content it authorises
  BC-P2-12 n= 1 HIGH   Task-blocking gate semantics
  BC-P2-13 n= 2 HIGH   Material changes escape change control (materiality self-declared, in-task edits bypass CI
  BC-P2-14 n= 2 HIGH   Task-contract fields and path scope not enforced
  BC-P2-15 n= 2 HIGH   Claim atomicity and claim scope
  BC-P2-16 n= 3 HIGH   Runnable / claimable / READY state not derived from the DAG
  BC-P2-17 n= 3 HIGH   Mandatory task-input manifest semantics
  BC-P2-18 n= 3 MEDIUM Contradiction detection and resolution
  BC-P2-19 n= 4 HIGH   Context-packet delivery, provenance and outage behaviour
  BC-P2-20 n= 4 HIGH   Consumption receipt and implementation traceability
  BC-P2-21 n= 3 MEDIUM Artefact identity and relation-edge semantics
  BC-P2-22 n= 1 HIGH   Orphan / unexplained output detection
  BC-P2-23 n= 1 HIGH   Artifact-flow quantitative health absent
  BC-P2-24 n= 2 HIGH   Governed work not generated from events
  BC-P2-25 n= 3 HIGH   Index content coverage and chunk granularity
  BC-P2-26 n= 4 HIGH   Retrieval pipeline ordering, routing and de-duplication
  BC-P2-27 n= 2 HIGH   Code-structural extraction
  BC-P2-28 n= 1 MEDIUM Graph integrity detection
  BC-P2-29 n= 3 HIGH   Incremental index invalidation
  BC-P2-30 n= 3 HIGH   Retrieval-profile component identity and change governance
  BC-P2-31 n= 2 MEDIUM Non-rebuildable authoritative state stored in, or classified as, derived/generated state
  BC-P2-32 n= 1 MEDIUM Failure memory not durable
  BC-P2-33 n= 4 HIGH   Legacy identification, extraction and retirement
  BC-P2-34 n= 4 HIGH   Independence of test, review and verification authorship is self-attested
  BC-P2-35 n= 1 HIGH   Post-install kernel integrity anchored only in repository-controlled records
  BC-P2-36 n= 1 HIGH   Unauthenticated installation presented as current/verified (default posture)
  BC-P2-37 n= 2 HIGH   Trust decisions and identity records taken from unauthenticated release fields
  BC-P2-38 n= 1 MEDIUM Provisioned-machine rollback/reinstall
  BC-P2-39 n= 1 MEDIUM Plugin elevation decided by descriptor self-declaration
  BC-P2-40 n= 2 HIGH   Plugin implementation bytes not bound
  BC-P2-41 n= 2 HIGH   Tool acquisition: review evidence and approval not bound to the tool installation
  BC-P2-42 n= 2 MEDIUM Skill regression never executed
  BC-P2-43 n= 1 HIGH   Product-test results not governed
  BC-P2-44 n= 2 HIGH   Health SLO thresholds and the HEALTHY conjunction
  BC-P2-45 n= 2 MEDIUM Project overlay files bypass POLICY_PRECEDENCE
  BC-P2-46 n= 2 MEDIUM Scenario -> data -> test-data lineage and provenance
  BC-P2-47 n= 1 MEDIUM Research output completeness
  BC-P2-48 n= 1 HIGH   Experiment lifecycle absent
  BC-P2-49 n= 1 MEDIUM Human Decision Gate package not enforced
  BC-P2-50 n= 1 HIGH   Upstream export gate fails open on content
  BC-P2-51 n= 1 HIGH   Qualification Oracle format absent
  BC-P2-52 n= 1 MEDIUM Path map does not represent documentation citations
