after   delta-r    K1-cit-p                                 12 pass-marks, 0 fail-marks, 0 tracebacks, [exit=0]
after   delta-r    K2-cit-e                                 25 pass-marks, 1 fail-marks, 0 tracebacks, [exit=0]
after   delta-r    K3-auto-impact-simulation                16 pass-marks, 3 fail-marks, 0 tracebacks, [exit=0]
after   delta-r    K4-impact-radius                         2 pass-marks, 7 fail-marks, 0 tracebacks, [exit=0]
after   delta-r    L1-contradiction-resolution              16 pass-marks, 3 fail-marks, 0 tracebacks, [exit=0]
after   delta-r    L3-gate-presentation-attacks             29 pass-marks, 10 fail-marks, 0 tracebacks, [exit=1]
after   delta-r    L3-supplement                            0 pass-marks, 2 fail-marks, 0 tracebacks, [exit=0]
after   delta-r    N1-N2-checkpoints                        19 pass-marks, 5 fail-marks, 0 tracebacks, [exit=0]
after   delta-r    N2-significant-mutation-adopt            1 pass-marks, 0 fail-marks, 0 tracebacks, [exit=0]
after   delta-r    N3-N4-W9-watchdog-handoff                18 pass-marks, 0 fail-marks, 0 tracebacks, [exit=0]
after   delta-r    FRESH-invalidation                       12 pass-marks, 1 fail-marks, 0 tracebacks, [exit=0]
after   epsilon-r  O4-suite-currency                        0 pass-marks, 0 fail-marks, 0 tracebacks, [exit=0]
after   gamma-r    G1G2-command-surface                     0 pass-marks, 0 fail-marks, 0 tracebacks, [exit=0]
after   gamma-r    E3-handoffs                              0 pass-marks, 0 fail-marks, 0 tracebacks, [exit=0]
after   gamma-r    H1-lineage                               0 pass-marks, 0 fail-marks, 0 tracebacks, [exit=0]
after   synthesis  AC16-X1-upstream-change-chain            12 pass-marks, 3 fail-marks, 0 tracebacks, [exit=0]
after   synthesis  AC16-X2-authority-gate-chain             4 pass-marks, 11 fail-marks, 0 tracebacks, [exit=0]
after K2-cit-e.valid-fixture.P2-AR-0025.py: 26 PASS, 0 FAIL, [exit=0]
after K4-impact-radius.derived-rows.P2-AR-0025.py: 6 PASS, 3 FAIL, [exit=0]
after ws04r2-scenarios.py: 40 PASS, 0 FAIL, [exit=0]
