## [T1a] protocol roles recognised by the OS (probe: `gov --role <id> task create`; UNKNOWN_ROLE = not a kernel role)
[T1a] Conditional recovery agent                           -> [('recovery-agent', 'UNKNOWN_ROLE'), ('recovery', 'UNKNOWN_ROLE')]
[T1a] Role A adoption auditor/planner                      -> [('adoption-planner', 'UNKNOWN_ROLE'), ('adoption-auditor', 'UNKNOWN_ROLE'), ('planner', 'UNKNOWN_ROLE')]
[T1a] Role B independent migration reviewer/test author    -> [('migration-reviewer', 'AUTHORITY_DENIED L0')]
[T1a] Role C migration executor                            -> [('migration-executor', 'ok (>=L2)')]
[T1a] Role D independent migration verifier                -> [('migration-verifier', 'AUTHORITY_DENIED L0')]
[T1a] Role E memory engineer                               -> [('memory-engineer', 'ok (>=L2)')]
[T1a] Role F independent memory verifier/test author       -> [('memory-verifier', 'AUTHORITY_DENIED L0')]
[T1a] Role G comprehensive independent auditor             -> [('independent-auditor', 'AUTHORITY_DENIED L0')]
[T1a] Role H operator/CTO                                  -> [('orchestrator', 'ok (>=L2)')]

## [T1b] `gov recover` (the recovery role's operation): who may run it
[T1b] recover as migration-executor     dry-run -> ok | real -> ok
[T1b] recover as change-controller      dry-run -> ok | real -> ok
[T1b] recover as backend-engineer       dry-run -> ok | real -> AUTHORITY_DENIED
[T1b] recover as independent-auditor    dry-run -> ok | real -> AUTHORITY_DENIED

## [T1c] what each adoption stage checks about its actor (session / role), executed
[T1c] planner stage baseline as role memory-verifier (L0), session S-exec -> ok
[T1c] planner stage inventory as role memory-verifier (L0), session S-exec -> ok
[T1c] planner stage classify as role memory-verifier (L0), session S-exec -> ok
[T1c] planner stage map as role memory-verifier (L0), session S-exec   -> ok
[T1c] planner stage plan as role memory-verifier (L0), session S-exec  -> ok
[T1c] planner stage test-design as role memory-verifier (L0), session S-exec -> ok
[T1c] A5 review by reviewer-session S-rev, reviewer-role orchestrator  -> ok
[T1c] A6 migrate as session S-exec                                     -> ok
[T1c] A7 verify as session S-ver, verifier-role orchestrator           -> ok
[T1c] A8 extract-legacy as session S-exec (the executor)               -> ok
[T1c] A9 build-memory as session S-exec (the executor)                 -> ok
[T1c] A10 verify-memory as session S-ver (the migration verifier), role orchestrator -> ok
[T1c] A11 comprehensive audit as session S-exec (the executor itself)  -> ok
[T1c] recorded: planner S-exec | executor S-exec | memory builder S-exec | verdicts {'A5': ('MIGRATION_PLAN_APPROVED', 'S-rev', 'orchestrator'), 'A7': ('MIGRATION_ACCEPTED_FOR_MEMORY_REBUILD', 'S-ver', 'orchestrator'), 'A10': ('MEMORY_ACCEPTED_FOR_V4_AUDIT', 'S-ver', 'orchestrator'), 'A11': ('ADOPTED_WITH_ACCEPTED_EXCEPTIONS', None, None)}
[T1c] note: planner session == executor session == memory builder session == A11 auditor session = S-exec; accepted at every stage

DONE
