
######## alpha-r
== 00-build-and-regression.out: NOT REGENERATED by the re-run (not produced by the family's probe runner)
== 00-pinned-inputs.out: NOT REGENERATED by the re-run (not produced by the family's probe runner)
== 00-regression-variant-xdg-cache.out: NOT REGENERATED by the re-run (not produced by the family's probe runner)
== A1-policy-precedence.out: DIFF 1 lines markers=57/57 changed=0
   +# command: PROBE_TMP=<scratch> python3 A1-policy-precedence.py
== A2-00-ingress-census.out: SAME(normalised)
== A2-01-unprovisioned-posture.out: DIFF 5 lines markers=16/16 changed=0
   +# command: PROBE_TMP=<scratch> python3 A2-01-unprovisioned-posture.py
   --> ok (exit 0) {"machine_id": "<HEX>", "state_root": "<PATH>", "posture": "UNPROVISIONED", "trust_anchor": null, "provisioned": null, "floors": {"product": "agentic-engineering-os", "metadata_high_water": {}, "release_high_water": {"version": "", "sequence": 0}, "minimum_secure": {"release": "", "s
   +-> ok (exit 0) {"machine_id": "<HEX>", "state_root": "<PATH>", "posture": "UNPROVISIONED", "trust_anchor": null, "provisioned": null, "floors": {"product": "agentic-engineering-os", "metadata_high_water": {}, "release_high_water": {"version": "", "sequence": 0}, "minimum_secure": {"release": "", "s
   --> ok (exit 0) {"root": "<PATH>", "version": "4.1.5", "release_hash": "<HEX>", "source": "source:agentic-engineering-os@4.1.5", "kernel_files": 122, "overlay_written": ["PROJECT_POLICY.yaml", "REPOSITORY_CONTRACT.yaml", "CAPABILITY_PROFILE.yaml", "TOOL_PERMISSIONS.yaml", "MODEL_ROUTING_OVERRIDES.ya
   +-> ok (exit 0) {"root": "<PATH>", "version": "4.1.5", "release_hash": "<HEX>", "source": "source:agentic-engineering-os@4.1.5", "kernel_files": 122, "overlay_written": ["PROJECT_POLICY.yaml", "REPOSITORY_CONTRACT.yaml", "CAPABILITY_PROFILE.yaml", "TOOL_PERMISSIONS.yaml", "MODEL_ROUTING_OVERRIDES.ya
== A2-02-provisioned-ingress.out: DIFF 11 lines markers=29/29 changed=0
   +# command: PROBE_TMP=<scratch> python3 A2-02-provisioned-ingress.py
   --> REFUSED (exit 1) code=SRR_ANCHOR_FROM_REPOSITORY_REFUSED msg=<PATH> is inside the governed project at <PATH> A trust anchor comes from the <RND>/administrator installation boundary, never f
   +-> REFUSED (exit 1) code=SRR_ANCHOR_FROM_REPOSITORY_REFUSED msg=<PATH> is inside the governed project at <PATH> A trust anchor comes from the platf
   --> ok (exit 0) {"provisioned": true, "machine_id": "<HEX>", "state_root": "<PATH>", "product": "agentic-engineering-os", "root_version": 1, "root_expires": "<TS>", "root_sha256": "<HEX>", "roles": {"recovery": {"threshold": 1, "keys": 1}, "release": {"threshold": 1, "keys": 1}, "root": {"threshold"
   +-> ok (exit 0) {"provisioned": true, "machine_id": "<HEX>", "state_root": "<PATH>", "product": "agentic-engineering-os", "root_version": 1, "root_expires": "<TS>", "root_sha256": "<HEX>", "roles": {"recovery": {"threshold": 1, "keys": 1}, "release": {"threshold": 1, "keys": 1}, "root": {"threshold"
   --> ok (exit 0) {"root": "<PATH>", "version": "4.1.5", "release_hash": "<HEX>", "source": "source:agentic-engineering-os@4.1.5", "kernel_files": 122, "overlay_written": ["PROJECT_POLICY.yaml", "REPOSITORY_CONTRACT.yaml", "CAPABILITY_PROFILE.yaml", "TOOL_PERMISSIONS.yaml", "MODEL_ROUTING_OVERRIDES.ya
   +-> ok (exit 0) {"root": "<PATH>", "version": "4.1.5", "release_hash": "<HEX>", "source": "source:agentic-engineering-os@4.1.5", "kernel_files": 122, "overlay_written": ["PROJECT_POLICY.yaml", "REPOSITORY_CONTRACT.yaml", "CAPABILITY_PROFILE.yaml", "TOOL_PERMISSIONS.yaml", "MODEL_ROUTING_OVERRIDES.ya
   --> ok (exit 0) {"applied": false, "reason": "human gate not p<RND>/answered (INV-008): --approve is not a substitute for an answered gate record", "human_gate": "HDG-0001", "gate_status": "PENDING", "presented_in_chat": false, "next": ["gov gate present HDG-0001", "gov decide HDG-0001 --option A --
   +-> ok (exit 0) {"applied": false, "reason": "human gate not p<RND>/answered (INV-008): --approve is not a substitute for an answered gate record", "human_gate": "HDG-0001", "gate_status": "PENDING", "presented_in_chat": false, "next": ["gov gate present HDG-0001", "gov decide HDG-0001 --option A --
   --> REFUSED (exit 1) code=SRR_BREAK_GLASS_NOT_AUTHORISED msg=below-floor recovery requires an owner-signed break-glass authorisation. None was found in <PATH> (OWNER-DECISION-0006 §2: the authority is owner-controlled and out of band; it cannot come from repository content, env
   +-> REFUSED (exit 1) code=SRR_BREAK_GLASS_NOT_AUTHORISED msg=below-floor recovery requires an owner-signed break-glass authorisation. None was found in <PATH> (OWNER-DECISION-0006 §2: the authority is owner-controlled and out of band; it cannot come from
== A2-03-post-install-tamper.out: DIFF 1 lines markers=22/22 changed=0
   +# command: PROBE_TMP=<scratch> python3 A2-03-post-install-tamper.py
== A2-04-lock-identity-and-masquerade.out: DIFF 1 lines markers=26/26 changed=0
   +# command: PROBE_TMP=<scratch> python3 A2-04-lock-identity-and-masquerade.py
== A2-05-rotation-revocation-recovery.out: DIFF 3 lines markers=23/23 changed=0
   +# command: PROBE_TMP=<scratch> python3 A2-05-rotation-revocation-recovery.py
   --> ok (exit 0) {"root": "<PATH>", "version": "4.1.5", "release_hash": "<HEX>", "source": "source:agentic-engineering-os@4.1.5", "kernel_files": 122, "overlay_written": ["PROJECT_POLICY.yaml", "REPOSITORY_CONTRACT.yaml", "CAPABILITY_PROFILE.yaml", "TOOL_PERMISSIONS.yaml", "MODEL_ROUTING_OVERRIDES.ya
   +-> ok (exit 0) {"root": "<PATH>", "version": "4.1.5", "release_hash": "<HEX>", "source": "source:agentic-engineering-os@4.1.5", "kernel_files": 122, "overlay_written": ["PROJECT_POLICY.yaml", "REPOSITORY_CONTRACT.yaml", "CAPABILITY_PROFILE.yaml", "TOOL_PERMISSIONS.yaml", "MODEL_ROUTING_OVERRIDES.ya
== A2-06-offline-verification.out: DIFF 5 lines markers=5/5 changed=0
   +# command: PROBE_TMP=<scratch> python3 A2-06-offline-verification.py
   --> ok (exit 0) {"root": "<PATH>", "version": "4.1.5", "release_hash": "<HEX>", "source": "source:agentic-engineering-os@4.1.5", "kernel_files": 122, "overlay_written": ["PROJECT_POLICY.yaml", "REPOSITORY_CONTRACT.yaml", "CAPABILITY_PROFILE.yaml", "TOOL_PERMISSIONS.yaml", "MODEL_ROUTING_OVERRIDES.ya
   +-> ok (exit 0) {"root": "<PATH>", "version": "4.1.5", "release_hash": "<HEX>", "source": "source:agentic-engineering-os@4.1.5", "kernel_files": 122, "overlay_written": ["PROJECT_POLICY.yaml", "REPOSITORY_CONTRACT.yaml", "CAPABILITY_PROFILE.yaml", "TOOL_PERMISSIONS.yaml", "MODEL_ROUTING_OVERRIDES.ya
   --> ok (exit 0) {"machine_id": "<HEX>", "state_root": "<PATH>", "posture": "PROVISIONED", "trust_anchor": {"version": 1, "expires": "<TS>", "product": "agentic-engineering-os", "expired_against_local_clock": false, "roles": {"recovery": {"threshold": 1, "keys": 1}, "release": {"threshold": 1, "keys"
   +-> ok (exit 0) {"machine_id": "<HEX>", "state_root": "<PATH>", "posture": "PROVISIONED", "trust_anchor": {"version": 1, "expires": "<TS>", "product": "agentic-engineering-os", "expired_against_local_clock": false, "roles": {"recovery": {"threshold": 1, "keys": 1}, "release": {"threshold": 1, "keys"
== A2-07-interrupted-install.out: DIFF 1 lines markers=15/15 changed=0
   +# command: PROBE_TMP=<scratch> python3 A2-07-interrupted-install.py
== A2-08-reinstall-version-change.out: DIFF 1 lines markers=13/13 changed=0
   +# command: PROBE_TMP=<scratch> python3 A2-08-reinstall-version-change.py
== A3-security-sensitivity.out: DIFF 1 lines markers=78/78 changed=0
   +# command: PROBE_TMP=<scratch> python3 A3-security-sensitivity.py
== A4-budget-governance.out: DIFF 1 lines markers=27/27 changed=0
   +# command: PROBE_TMP=<scratch> python3 A4-budget-governance.py
== A5-emergency-controls.out: DIFF 1 lines markers=52/52 changed=0
   +# command: PROBE_TMP=<scratch> python3 A5-emergency-controls.py
== B-repository-contract.out: DIFF 1 lines markers=50/50 changed=0
   +# command: PROBE_TMP=<scratch> python3 B-repository-contract.py
== C0-contract-derived-views.out: DIFF 1 lines markers=21/21 changed=0
   +# command: PROBE_TMP=<scratch> python3 C0-contract-derived-views.py
== FRESH-invalidation.out: DIFF 1 lines markers=16/16 changed=0
   +# command: PROBE_TMP=<scratch> python3 FRESH-invalidation.py
== S1-S2-release.out: DIFF 5 lines markers=49/49 changed=2
   MARKER 'C1#10': committed='[C1] release present=True tracked_files=1784' rerun='[C1] release present=True tracked_files=2233'
   MARKER 'C1#14': committed='[C1] canonical lessons/inbox -> change-proposals pipeline (`gov lessons cluster`): ok {"inbox": "<PATH>", "clusters": [], "proposals_written": [' rerun='[C1] canonical lessons/inbox -> change-proposals pipeline (`gov lessons cluster`): ok {"inbox": "<PATH>", "clusters": []'
   +# command: PROBE_TMP=<scratch> python3 S1-S2-release.py
   -[C1] release present=True tracked_files=1784
   +[C1] release present=True tracked_files=2233
   -[C1] canonical lessons/inbox -> change-proposals pipeline (`gov lessons cluster`): ok {"inbox": "<PATH>", "clusters": [], "proposals_written": [
   +[C1] canonical lessons/inbox -> change-proposals pipeline (`gov lessons cluster`): ok {"inbox": "<PATH>", "clusters": []
== S3-S4-role-flag-authority.out: DIFF 1 lines markers=15/15 changed=0
   +# command: PROBE_TMP=<scratch> python3 S3-S4-role-flag-authority.py
== S3-init.out: DIFF 1 lines markers=28/28 changed=0
   +# command: PROBE_TMP=<scratch> python3 S3-init.py
== S4-T2-B2-negative.out: DIFF 1 lines markers=59/59 changed=0
   +# command: PROBE_TMP=<scratch> python3 S4-T2-B2-negative.py
== S4-adopt-end-to-end.out: DIFF 1 lines markers=111/111 changed=0
   +# command: PROBE_TMP=<scratch> python3 S4-adopt-end-to-end.py
== S4-adopt-raw-sql-chat-store.out: SAME(normalised) markers=85/85 changed=0
== S5-update.out: DIFF 1 lines markers=32/32 changed=0
   +# command: PROBE_TMP=<scratch> python3 S5-update.py
== S6-cross-machine.out: DIFF 1 lines markers=11/11 changed=0
   +# command: PROBE_TMP=<scratch> python3 S6-cross-machine.py
== T1-roles.out: DIFF 1 lines markers=28/28 changed=0
   +# command: PROBE_TMP=<scratch> python3 T1-roles.py

######## beta-r
== C1-deterministic-structured-memory.out: SAME(normalised) markers=18/18 changed=0
== C10-capability-memory.out: SAME(normalised) markers=10/10 changed=0
== C2-relationship-graph.out: SAME(normalised) markers=10/10 changed=0
== C3-semantic-memory.out: DIFF 2 lines markers=14/14 changed=0
   -semantic hits: [('RPT-0101', 'Nightly reconciliation incident report', 0.01639), ('RES-0101', 'question', 0.01613), ('RPT-0101', 'summary', 0.01587), ('file:docs/runbook.md', 'Known error strings', 0.01562), ('file:docs/runbook.md', 'Reconciliation procedure', 0.01538), ('AUD-0001', 'inputs_hash', 
   +semantic hits: [('RPT-0101', 'Nightly reconciliation incident report', 0.01639), ('RES-0101', 'question', 0.01613), ('RPT-0101', 'summary', 0.01587), ('file:docs/runbook.md', 'Known error strings', 0.01562), ('AUD-0001', 'inputs_hash', 0.01538), ('file:docs/runbook.md', 'Reconciliation procedure', 
== C4-lexical-memory.out: DIFF 2 lines markers=34/34 changed=0
   -default router: routes=['lexical_exact', 'lexical', 'semantic'] hits=['file:src/app/models.py', 'file:src/app/models.py', 'file:src/app/api.py', 'file:src/web/api.ts', 'file:src/core/ledger.rs', 'file:src/core/ledger.rs', 'file:go<RND>/kernel/schemas/handoff.schema.json', 'file:go<RND>/kernel/schem
   +default router: routes=['lexical_exact', 'lexical', 'semantic'] hits=['file:src/app/models.py', 'file:src/app/models.py', 'file:src/app/api.py', 'file:src/web/api.ts', 'file:src/core/ledger.rs', 'AUD-0001', 'file:src/core/ledger.rs', 'file:go<RND>/kernel/schemas/handoff.schema.json']
== C5-code-structural-memory.out: SAME(normalised) markers=11/11 changed=0
== C6-temporal-memory.out: DIFF 2 lines markers=6/6 changed=0
   -git log (outside the fabric): <HEX> Fri Sep 18 22:11:59 2026 +0100 Extend settlement window to 120 minutes because processor batches run late (INC-91)
   +git log (outside the fabric): <HEX> Fri Sep 18 22:43:10 2026 +0100 Extend settlement window to 120 minutes because processor batches run late (INC-91)
== C7-episodic-memory.out: DIFF 2 lines markers=7/7 changed=0
   -fresh session recall: [('L-0102', 'lesson', 'Refund totals must use integer cents; the float attempt failed the exactness test'), ('L-0102', 'lesson', 'problem_statement'), ('file:go<RND>/kernel/<RND>/COMMAND_CONTRACT.yaml', 'file', 'part 1'), ('file:go<RND>/kernel/skills/SKL-RESEARCH-BENCHMARK.yam
   +fresh session recall: [('L-0102', 'lesson', 'Refund totals must use integer cents; the float attempt failed the exactness test'), ('L-0102', 'lesson', 'problem_statement'), ('file:go<RND>/kernel/<RND>/COMMAND_CONTRACT.yaml', 'file', 'part 1'), ('TASK-0001', 'task', 'Add refund totals to the ledger'
== C8-failure-memory.out: SAME(normalised) markers=8/8 changed=0
== C9-context-packet.out: DIFF 2 lines markers=10/10 changed=0
   -ranked_evidence artefact multiplicity: {'ARCH-0101': 1, 'D-0103': 2, 'REQ-0001': 1, 'F-0001': 1, 'file:src/app/api.py': 1, 'TASK-0001': 2, 'TST-0001': 1, 'PRJ-0001': 2, 'D-0102': 1}
   +ranked_evidence artefact multiplicity: {'TASK-0001': 2, 'PRJ-0001': 2, 'file:src/app/api.py': 1, 'D-0102': 1, 'D-0103': 2, 'F-0001': 1, 'ARCH-0101': 1, 'REQ-0001': 1, 'TST-0001': 1}
== D1-incremental-freshness.out: SAME(normalised) markers=11/11 changed=0
== D2-retrieval-router.out: SAME(normalised) markers=9/9 changed=0
== D3-hierarchical-retrieval.out: DIFF 4 lines markers=5/5 changed=0
   -#7 file:go<RND>/kernel/skills/SKL-LIVE-MIGRATION.yaml level=document parent_excerpt=no neighbours=0
   -#8 file:config/settings.yaml level=section parent_excerpt=no neighbours=0
   +#7 file:config/settings.yaml level=section parent_excerpt=no neighbours=0
   +#8 file:go<RND>/kernel/skills/SKL-LIVE-MIGRATION.yaml level=document parent_excerpt=no neighbours=0
== D4-component-separation.out: DIFF 2 lines markers=11/11 changed=0
   -$ gov --role orchestrator memory query 'reconciliation procedure' --route semantic --k 3 -> exit 1 ok=False error={"code": "PLUGIN_PIN_MISMATCH", "message": "plugin 'weights-embedder' is declared but not usable: plugin 'weights-embedder' implementation does not match its declared pin (sha256 <HEX>)
   +$ gov --role orchestrator memory query 'reconciliation procedure' --route semantic --k 3 -> exit 1 ok=False error={"code": "PLUGIN_PIN_MISMATCH", "message": "plugin 'weights-embedder' is declared but not usable: plugin 'weights-embedder' implementation does not match its declared pin (sha256 <HEX>)
== D5-model-selection.out: DIFF 18 lines markers=11/11 changed=0
   -current recall@k=0.962 mrr=0.923 p@k=0.806 stale=0.0 superseded=0.0 forbidden=0 sym=1.0 lat=<DUR> index_ms=91 vectors=370 dims=512
   -by category: [('exact_id', 1.0), ('lexical_literal', 1.0), ('exact_path', 1.0), ('semantic_paraphrase', 0.8), ('symbol', 1.0)]
   -builtin:64 recall@k=0.846 mrr=0.827 p@k=0.767 stale=0.0 superseded=0.0 forbidden=0 sym=1.0 lat=<DUR> index_ms=74 vectors=370 dims=64
   -by category: [('semantic_paraphrase', 0.2), ('exact_id', 1.0), ('symbol', 1.0), ('exact_path', 1.0), ('lexical_literal', 1.0)]
   -plugin:concept-embedder:256 recall@k=1.000 mrr=0.913 p@k=0.837 stale=0.0 superseded=0.0 forbidden=0 sym=1.0 lat=<DUR> index_ms=139 vectors=370 dims=256
   -by category: [('semantic_paraphrase', 1.0), ('lexical_literal', 1.0), ('exact_path', 1.0), ('symbol', 1.0), ('exact_id', 1.0)]
   -plugin:concept-embedder:256+rerank:logging-reranker recall@k=1.000 mrr=0.936 p@k=0.837 stale=0.0 superseded=0.0 forbidden=0 sym=1.0 lat=<DUR> index_ms=144 vectors=370 dims=256
   -by category: [('symbol', 1.0), ('lexical_literal', 1.0), ('semantic_paraphrase', 1.0), ('exact_id', 1.0), ('exact_path', 1.0)]
   +current recall@k=0.962 mrr=0.923 p@k=0.806 stale=0.0 superseded=0.0 forbidden=0 sym=1.0 lat=<DUR> index_ms=107 vectors=370 dims=512
   +by category: [('semantic_paraphrase', 0.8), ('lexical_literal', 1.0), ('symbol', 1.0), ('exact_path', 1.0), ('exact_id', 1.0)]
   +builtin:64 recall@k=0.846 mrr=0.827 p@k=0.767 stale=0.0 superseded=0.0 forbidden=0 sym=1.0 lat=<DUR> index_ms=85 vectors=370 dims=64
   +by category: [('symbol', 1.0), ('exact_id', 1.0), ('exact_path', 1.0), ('lexical_literal', 1.0), ('semantic_paraphrase', 0.2)]
   +plugin:concept-embedder:256 recall@k=1.000 mrr=0.913 p@k=0.837 stale=0.0 superseded=0.0 forbidden=0 sym=1.0 lat=<DUR> index_ms=154 vectors=370 dims=256
   +by category: [('symbol', 1.0), ('semantic_paraphrase', 1.0), ('exact_path', 1.0), ('exact_id', 1.0), ('lexical_literal', 1.0)]
   +plugin:concept-embedder:256+rerank:logging-reranker recall@k=1.000 mrr=0.936 p@k=0.837 stale=0.0 superseded=0.0 forbidden=0 sym=1.0 lat=<DUR> index_ms=161 vectors=370 dims=256
   +by category: [('exact_path', 1.0), ('lexical_literal', 1.0), ('exact_id', 1.0), ('semantic_paraphrase', 1.0), ('symbol', 1.0)]
   -decision options (alternatives with measurements): [{'id': 'current', 'description': 'recall@k 0.<HEX> mrr 0.<HEX> precision 0.<HEX> latency 1.<HEX> ms'}, {'id': 'builtin:64', 'description': 'recall@k 0.<HEX> mrr 0.<HEX> precision 0.<HEX> latency <DUR>'}, {'id': 'plugin:concept-embedder:256', 'desc
   +decision options (alternatives with measurements): [{'id': 'current', 'description': 'recall@k 0.<HEX> mrr 0.<HEX> precision 0.<HEX> latency 1.<HEX> ms'}, {'id': 'builtin:64', 'description': 'recall@k 0.<HEX> mrr 0.<HEX> precision 0.<HEX> latency 1.<HEX> ms'}, {'id': 'plugin:concept-embedder:256', 
== D6-rebuild-guarantee.out: DIFF 4 lines markers=8/8 changed=0
   -$ gov --role orchestrator memory query 'reconciliation procedure' --k 3 -> exit 1 ok=False error={"code": "PLUGIN_PIN_MISMATCH", "message": "plugin 'logging-reranker' is declared but not usable: plugin 'logging-reranker' implementation does not match its declared pin (sha256 <HEX>); re-register aft
   +$ gov --role orchestrator memory query 'reconciliation procedure' --k 3 -> exit 1 ok=False error={"code": "PLUGIN_PIN_MISMATCH", "message": "plugin 'logging-reranker' is declared but not usable: plugin 'logging-reranker' implementation does not match its declared pin (sha256 <HEX>); re-register aft
   -$ gov --role orchestrator memory query 'reconciliation procedure' --k 3 -> exit 1 ok=False error={"code": "PLUGIN_PIN_MISMATCH", "message": "plugin 'logging-reranker' is declared but not usable: plugin 'logging-reranker' implementation does not match its declared pin (sha256 <HEX>); re-register aft
   +$ gov --role orchestrator memory query 'reconciliation procedure' --k 3 -> exit 1 ok=False error={"code": "PLUGIN_PIN_MISMATCH", "message": "plugin 'logging-reranker' is declared but not usable: plugin 'logging-reranker' implementation does not match its declared pin (sha256 <HEX>); re-register aft
== DERIVED-views-reconciliation.out: SAME(normalised) markers=2/2 changed=0
== FRESH-evidence-invalidation.out: SAME(normalised) markers=5/5 changed=0
== R1-R2-legacy-and-chat-retirement.out: SAME(normalised) markers=13/13 changed=0
== R3-archive-policy.out: SAME(normalised) markers=4/4 changed=0
== REG-cargo-test-certification.out: NOT REGENERATED by the re-run (not produced by the family's probe runner)
== REG-cargo-test-lib.out: NOT REGENERATED by the re-run (not produced by the family's probe runner)
== SCALE-retrieval-latency.out: DIFF 8 lines
   -{"docs": 200, "chunks": 1170, "vectors": 1164, "index_s": 0.2, "latency_ms_wall_and_reported": {"semantic": [25, 18], "lexical": [14, 7], "structured": [13, 6], "default": [27, 20]}, "db_bytes": <HEX>}
   +{"docs": 200, "chunks": 1170, "vectors": 1164, "index_s": 0.2, "latency_ms_wall_and_reported": {"semantic": [30, 21], "lexical": [20, 8], "structured": [17, 8], "default": [39, 31]}, "db_bytes": <HEX>}
   -{"docs": 1000, "chunks": 4370, "vectors": 4364, "index_s": 0.4, "latency_ms_wall_and_reported": {"semantic": [56, 48], "lexical": [16, 9], "structured": [14, 7], "default": [59, 50]}, "db_bytes": <HEX>}
   +{"docs": 1000, "chunks": 4370, "vectors": 4364, "index_s": 0.6, "latency_ms_wall_and_reported": {"semantic": [66, 57], "lexical": [19, 11], "structured": [14, 10], "default": [69, 68]}, "db_bytes": <HEX>}
   -{"docs": 3000, "chunks": 12370, "vectors": 12364, "index_s": 2.0, "latency_ms_wall_and_reported": {"semantic": [124, 115], "lexical": [19, 12], "structured": [14, 7], "default": [129, 125]}, "db_bytes": <HEX>}
   +{"docs": 3000, "chunks": 12370, "vectors": 12364, "index_s": 2.6, "latency_ms_wall_and_reported": {"semantic": [282, 328], "lexical": [70, 28], "structured": [60, 24], "default": [329, 357]}, "db_bytes": <HEX>}
   -vectors vs semantic-route latency (reported ms): [(1164, 18), (4364, 48), (12364, 115)]
   +vectors vs semantic-route latency (reported ms): [(1164, 21), (4364, 57), (12364, 328)]
== X-K2-D1-W6-interactions.out: SAME(normalised) markers=5/5 changed=0

######## gamma-r
== DV-derived-views.out: SAME(normalised)
== E1-authority.out: SAME(normalised)
== E2-roles.out: SAME(normalised)
== E3-handoffs.out: SAME(normalised)
== E4-claims.out: DIFF 20 lines
   -trial 1: successes=3 [ X:OK Y:OK Z:OK] final holder=['S-Z1']
   -trial 2: successes=3 [ X:OK Y:OK Z:OK] final holder=['S-Z2']
   +trial 1: successes=3 [ X:OK Y:OK Z:OK] final holder=['S-X1']
   +trial 2: successes=3 [ X:OK Y:OK Z:OK] final holder=['S-X2']
   -trial 4: successes=3 [ X:OK Y:OK Z:OK] final holder=['S-Z4']
   -trial 5: successes=3 [ X:OK Y:OK Z:OK] final holder=['S-Z5']
   -trial 6: successes=3 [ X:OK Y:OK Z:OK] final holder=['S-X6']
   -trial 7: successes=3 [ X:OK Y:OK Z:OK] final holder=['S-X7']
   -trial 8: successes=3 [ X:OK Y:OK Z:OK] final holder=['S-Z8']
   +trial 4: successes=3 [ X:OK Y:OK Z:OK] final holder=['S-Y4']
   +trial 5: successes=3 [ X:OK Y:OK Z:OK] final holder=['S-X5']
   +trial 6: successes=3 [ X:OK Y:OK Z:OK] final holder=['S-Y6']
   +trial 7: successes=3 [ X:OK Y:OK Z:OK] final holder=['S-Y7']
   +trial 8: successes=3 [ X:OK Y:OK Z:OK] final holder=['S-Y8']
   -trial 11: successes=3 [ X:OK Y:OK Z:OK] final holder=['S-Y11']
   -trial 12: successes=3 [ X:OK Y:OK Z:OK] final holder=['S-Z12']
   +trial 11: successes=3 [ X:OK Y:OK Z:OK] final holder=['S-X11']
   +trial 12: successes=3 [ X:OK Y:OK Z:OK] final holder=['S-Y12']
   -trial 15: successes=3 [ X:OK Y:OK Z:OK] final holder=['S-X15']
   +trial 15: successes=3 [ X:OK Y:OK Z:OK] final holder=['S-Z15']
== F1-skills.out: SAME(normalised)
== F2F3-tools.out: SAME(normalised)
== F4-AC4-r1-heldout-rerun.out: NOT REGENERATED by the re-run (not produced by the family's probe runner)
== F4-plugins.out: SAME(normalised)
== F5-layers.out: SAME(normalised)
== FRESH-invalidation.out: SAME(normalised)
== G1G2-command-surface.out: SAME(normalised)
== H1-lineage.out: SAME(normalised)
== H2H3-readiness.out: SAME(normalised)
== H4-scenarios-data-tests.out: SAME(normalised)
== I1I2-tasks.out: SAME(normalised)
== I3-generation.out: SAME(normalised)
== I4-parallel.out: SAME(normalised)
== REGRESSION-builder-suites.out: NOT REGENERATED by the re-run (not produced by the family's probe runner)

######## delta-r
== DERIVED-VIEWS-JKLMN.out: REGENERATED, BYTE-IDENTICAL
== FRESH-invalidation.out: SAME(normalised) markers=13/13 changed=0
== J1-J2-research-experiments.out: SAME(normalised) markers=20/20 changed=0
== K1-cit-p.out: SAME(normalised) markers=12/12 changed=0
== K2-cit-e.out: SAME(normalised) markers=27/27 changed=0
== K3-auto-impact-simulation.out: SAME(normalised) markers=19/19 changed=0
== K4-impact-radius.out: SAME(normalised) markers=9/9 changed=0
== L1-contradiction-resolution.out: SAME(normalised) markers=19/19 changed=0
== L2-decision-package.out: SAME(normalised) markers=20/20 changed=0
== L3-gate-presentation-attacks.out: SAME(normalised) markers=46/46 changed=0
== L3-supplement.out: SAME(normalised) markers=2/2 changed=0
== L4-non-global-blocking.out: SAME(normalised) markers=10/10 changed=0
== M1-M3-routing.out: SAME(normalised) markers=21/21 changed=0
== M4-empirical-routing.out: SAME(normalised) markers=15/15 changed=0
== N1-N2-checkpoints.out: SAME(normalised) markers=24/24 changed=0
== N2-significant-mutation-adopt.out: SAME(normalised) markers=1/1 changed=0
== N3-N4-W9-watchdog-handoff.out: DIFF 2 lines markers=18/18 changed=0
   -OBSERVE N4.b1.6 cross-family note (C7/D2, not an N4 bullet): after a full rebuild, a lexical query for a discovery in the nested return does not retrieve the handoff record (return.* is not in the indexed text): {"handoff_retrieved": false, "top_hits": ["file:<B64>.md", "file:go<RND>/kernel/schemas
   +OBSERVE N4.b1.6 cross-family note (C7/D2, not an N4 bullet): after a full rebuild, a lexical query for a discovery in the nested return does not retrieve the handoff record (return.* is not in the indexed text): {"handoff_retrieved": false, "top_hits": ["file:<B64>.md", "AUD-0001", "file:go<RND>/ke
== PINNED-INPUTS.out: NOT REGENERATED by the re-run (not produced by the family's probe runner)
== REG-cargo-test-certification.out: DIFF 24 lines
   -# command: ~/.cargo/bin/cargo test --test certification (worktree root, HEAD <HEX>)
   -<TS>
   +test repair3::current_release_payload_identity_and_hygiene ... ok
   -test repair3::current_release_payload_identity_and_hygiene ... ok
   +test repair2::plugins_are_governed_capabilities_not_arbitrary_commands ... ok
   -test repair2::plugins_are_governed_capabilities_not_arbitrary_commands ... ok
   +test repair3::policy_exceptions_require_a_real_governing_decision ... ok
   -test repair3::policy_exceptions_require_a_real_governing_decision ... ok
   +test repair2::incremental_rebuild_follows_record_relocation ... ok
   -test repair2::incremental_rebuild_follows_record_relocation ... ok
   +test repair::embedded_kernel_installs_without_canonical_root ... ok
   -test repair::embedded_kernel_installs_without_canonical_root ... ok
   +test srr::a_privileged_capability_acquired_from_outside_needs_a_delegated_signed_target ... ok
   -test section6::the_marking_is_absent_from_every_surface_on_a_healthy_machine ... ok
   -test srr::a_privileged_capability_acquired_from_outside_needs_a_delegated_signed_target ... ok
   +test section6::the_marking_is_absent_from_every_surface_on_a_healthy_machine ... ok
   +test srr::an_allow_listed_operation_cannot_create_a_human_gate_below_floor ... ok
   -test srr::an_allow_listed_operation_cannot_create_a_human_gate_below_floor ... ok
   -test srr::environment_repository_and_caller_inputs_cannot_create_trust_or_approval ... ok
   -test srr::installed_integrity_authenticity_and_admissibility_stay_three_separate_predicates ... ok
   +test srr::installed_integrity_authenticity_and_admissibility_stay_three_separate_predicates ... ok
   +test srr::environment_repository_and_caller_inputs_cannot_create_trust_or_approval ... ok
   +test srr::section_6_effects_are_enforced_inside_their_sinks ... ok
   -test srr::section_6_effects_are_enforced_inside_their_sinks ... ok
== REG-cargo-test-lib.out: DIFF 52 lines
   -# command: ~/.cargo/bin/cargo test --lib (worktree root, HEAD <HEX>)
   -<TS>
   +test exceptions::tests::a_fabricated_decision_reference_is_refused ... ok
   +test policy_precedence::tests::pattern_matching ... ok
   +test policy_precedence::tests::floors_and_additive_sets ... ok
   +test srr::breakglass::tests::a_guarded_record_type_is_recognised_however_the_record_was_minted ... ok
   +test srr::breakglass::tests::below_floor_limits_describe_allow_listed_operations ... ok
   +test srr::breakglass::tests::degraded_marking_is_byte_exact_with_an_em_dash ... ok
   +test srr::breakglass::tests::an_undetermined_subject_refuses_and_says_which_it_is ... ok
   +test srr::breakglass::tests::below_floor_refusal_is_structural_not_an_enumeration ... ok
   +test srr::breakglass::tests::failing_closed_never_blocks_a_section_5_restoration_route ... ok
   +test srr::breakglass::tests::exit_requires_both_floors_under_the_stricter_policy ... ok
   +test memory::chunking::tests::hierarchical_chunks ... ok
   +test srr::breakglass::tests::refusal_classes_report_a_section_6_bullet_but_decide_nothing ... ok
   +test srr::breakglass::tests::reserved_refusal_classes_are_inert_and_disjoint ... ok
   +test memory::embeddings::tests::deterministic_unit_vectors ... ok
   +test srr::metadata::tests::canonical_utc_timestamp_accepts_exactly_what_now_iso_emits ... ok
   +test srr::metadata::tests::expiry_fails_closed_on_absent_and_non_canonical_forms ... ok
   +test srr::plugins::tests::built_in_and_local_capabilities_need_no_delegation ... ok
   +test srr::present::tests::a_presentation_always_states_which_way_it_went ... ok
   +test srr::present::tests::attach_demotes_a_currency_claim_exactly_when_the_guard_refused ... ok
   +test srr::plugins::tests::a_privileged_remote_capability_without_a_delegation_is_refused ... ok
   +test util::tests::hashing_is_canonical ... ok
   -test srr::breakglass::tests::degraded_marking_is_byte_exact_with_an_em_dash ... ok
   -test memory::embeddings::tests::sha1_matches_known_vector ... ok
   -test srr::breakglass::tests::an_undetermined_subject_refuses_and_says_which_it_is ... ok
   -test srr::breakglass::tests::below_floor_limits_describe_allow_listed_operations ... ok
   -test lock::tests::versions_and_compat ... ok
   -test policy_precedence::tests::pattern_matching ... ok
   -test srr::breakglass::tests::a_guarded_record_type_is_recognised_however_the_record_was_minted ... ok
   -test srr::breakglass::tests::below_floor_refusal_is_structural_not_an_enumeration ... ok
   -test memory::chunking::tests::hierarchical_chunks ... ok
   -test srr::metadata::tests::expiry_fails_closed_on_absent_and_non_canonical_forms ... ok
   -test srr::metadata::tests::canonical_utc_timestamp_accepts_exactly_what_now_iso_emits ... ok
   -test srr::breakglass::tests::reserved_refusal_classes_are_inert_and_disjoint ... ok
   -test srr::plugins::tests::a_privileged_remote_capability_without_a_delegation_is_refused ... ok
   -test memory::embeddings::tests::deterministic_unit_vectors ... ok
   -test srr::plugins::tests::built_in_and_local_capabilities_need_no_delegation ... ok
   -test srr::present::tests::attach_demotes_a_currency_claim_exactly_when_the_guard_refused ... ok
   -test util::tests::hashing_is_canonical ... ok
   -test srr::breakglass::tests::failing_closed_never_blocks_a_section_5_restoration_route ... ok
   -test srr::breakglass::tests::refusal_classes_report_a_section_6_bullet_but_decide_nothing ... ok
   +test util::tests::deep_helpers ... ok
   +test srr::plugins::tests::a_matching_delegation_admits_a_privileged_remote_capability_on_its_own_channel ... ok
   +test security::secrets::tests::detects_and_redacts ... ok
   -test srr::plugins::tests::a_matching_delegation_admits_a_privileged_remote_capability_on_its_own_channel ... ok
   -test srr::present::tests::a_presentation_always_states_which_way_it_went ... ok
   -test srr::breakglass::tests::exit_requires_both_floors_under_the_stricter_policy ... ok
   -test paths::tests::secret_classification_can_never_be_downgraded ... ok
   -test util::tests::deep_helpers ... ok
   -test security::secrets::tests::detects_and_redacts ... ok
   +test paths::tests::secret_classification_can_never_be_downgraded ... ok

######## epsilon-r
== 00-baseline-healthy-project.out: SAME(normalised)
== AC15-cargo-test-certification.out: NOT REGENERATED by the re-run (not produced by the family's probe runner)
== AC15-cargo-test-lib.out: NOT REGENERATED by the re-run (not produced by the family's probe runner)
== O1-product-families.out: REGENERATED, BYTE-IDENTICAL
== O2-context-reproducibility-race.out: REGENERATED, BYTE-IDENTICAL
== O2-governance-families.out: DIFF 24 lines
   -exit=0 {"detail": {"budget": 2, "next_action": "no runnable tasks: run readiness planning or discovery", "reads": 4, "status_chars": 1675}, "family_ok": false, "findings": [["medium", "fresh-agent reconstruction needs 4 file reads > budget 2"]]}
   +exit=0 {"detail": {"budget": 2, "next_action": "no runnable tasks: run readiness planning or discovery", "reads": 4, "status_chars": 1690}, "family_ok": false, "findings": [["medium", "fresh-agent reconstruction needs 4 file reads > budget 2"]]}
   -attempt 0: exit=0 {"findings": [["index_freshness", "medium", "index stale: 0 changed, 1 added, 0 removed"], ["context_reproducibility", "low", "context packet lacks retrieved field 'semantic_candidates' (CONTEXT_POLICY.retrieved_field"]], "reproducible": true}
   +attempt 0: exit=0 {"findings": [["index_freshness", "medium", "index stale: 0 changed, 1 added, 0 removed"], ["context_reproducibility", "low", "context packet lacks retrieved field 'semantic_candidates' (CONTEXT_POLICY.retrieved_field"], ["concurrency_claims", "low", "1 expired claim(s) not swept"
   -attempt 5: exit=3 {"findings": [["index_freshness", "medium", "index stale: 0 changed, 1 added, 0 removed"], ["context_reproducibility", "low", "context packet lacks retrieved field 'semantic_candidates' (CONTEXT_POLICY.retrieved_field"], ["audit_reproducibility", "high", "governance suite results 
   -# non-reproducible run observed and flagged at attempt 5
   +attempt 5: exit=0 {"findings": [["index_freshness", "medium", "index stale: 0 changed, 1 added, 0 removed"], ["context_reproducibility", "low", "context packet lacks retrieved field 'semantic_candidates' (CONTEXT_POLICY.retrieved_field"], ["concurrency_claims", "low", "1 expired claim(s) not swept"
   +attempt 6: exit=0 {"findings": [["index_freshness", "medium", "index stale: 0 changed, 1 added, 0 removed"], ["context_reproducibility", "low", "context packet lacks retrieved field 'semantic_candidates' (CONTEXT_POLICY.retrieved_field"]], "reproducible": true}
   +attempt 7: exit=0 {"findings": [["index_freshness", "medium", "index stale: 0 changed, 1 added, 0 removed"], ["context_reproducibility", "low", "context packet lacks retrieved field 'semantic_candidates' (CONTEXT_POLICY.retrieved_field"], ["concurrency_claims", "low", "1 expired claim(s) not swept"
   +attempt 8: exit=0 {"findings": [["index_freshness", "medium", "index stale: 0 changed, 1 added, 0 removed"], ["context_reproducibility", "low", "context packet lacks retrieved field 'semantic_candidates' (CONTEXT_POLICY.retrieved_field"], ["concurrency_claims", "low", "1 expired claim(s) not swept"
   +attempt 9: exit=0 {"findings": [["index_freshness", "medium", "index stale: 0 changed, 1 added, 0 removed"], ["context_reproducibility", "low", "context packet lacks retrieved field 'semantic_candidates' (CONTEXT_POLICY.retrieved_field"]], "reproducible": true}
   +attempt 10: exit=0 {"findings": [["index_freshness", "medium", "index stale: 0 changed, 1 added, 0 removed"], ["context_reproducibility", "low", "context packet lacks retrieved field 'semantic_candidates' (CONTEXT_POLICY.retrieved_field"], ["concurrency_claims", "low", "1 expired claim(s) not swept
   +attempt 11: exit=0 {"findings": [["index_freshness", "medium", "index stale: 0 changed, 1 added, 0 removed"], ["context_reproducibility", "low", "context packet lacks retrieved field 'semantic_candidates' (CONTEXT_POLICY.retrieved_field"], ["concurrency_claims", "low", "1 expired claim(s) not swept
   +attempt 12: exit=0 {"findings": [["index_freshness", "medium", "index stale: 0 changed, 1 added, 0 removed"], ["context_reproducibility", "low", "context packet lacks retrieved field 'semantic_candidates' (CONTEXT_POLICY.retrieved_field"], ["concurrency_claims", "low", "1 expired claim(s) not swept
   +attempt 13: exit=0 {"findings": [["index_freshness", "medium", "index stale: 0 changed, 1 added, 0 removed"], ["context_reproducibility", "low", "context packet lacks retrieved field 'semantic_candidates' (CONTEXT_POLICY.retrieved_field"]], "reproducible": true}
   +attempt 14: exit=0 {"findings": [["index_freshness", "medium", "index stale: 0 changed, 1 added, 0 removed"], ["context_reproducibility", "low", "context packet lacks retrieved field 'semantic_candidates' (CONTEXT_POLICY.retrieved_field"]], "reproducible": true}
   +attempt 15: exit=0 {"findings": [["index_freshness", "medium", "index stale: 0 changed, 1 added, 0 removed"], ["context_reproducibility", "low", "context packet lacks retrieved field 'semantic_candidates' (CONTEXT_POLICY.retrieved_field"], ["concurrency_claims", "low", "1 expired claim(s) not swept
   +attempt 16: exit=0 {"findings": [["index_freshness", "medium", "index stale: 0 changed, 1 added, 0 removed"], ["context_reproducibility", "low", "context packet lacks retrieved field 'semantic_candidates' (CONTEXT_POLICY.retrieved_field"], ["concurrency_claims", "low", "1 expired claim(s) not swept
   +attempt 17: exit=0 {"findings": [["index_freshness", "medium", "index stale: 0 changed, 1 added, 0 removed"], ["context_reproducibility", "low", "context packet lacks retrieved field 'semantic_candidates' (CONTEXT_POLICY.retrieved_field"], ["concurrency_claims", "low", "1 expired claim(s) not swept
   +attempt 18: exit=0 {"findings": [["index_freshness", "medium", "index stale: 0 changed, 1 added, 0 removed"], ["context_reproducibility", "low", "context packet lacks retrieved field 'semantic_candidates' (CONTEXT_POLICY.retrieved_field"], ["concurrency_claims", "low", "1 expired claim(s) not swept
   +attempt 19: exit=0 {"findings": [["index_freshness", "medium", "index stale: 0 changed, 1 added, 0 removed"], ["context_reproducibility", "low", "context packet lacks retrieved field 'semantic_candidates' (CONTEXT_POLICY.retrieved_field"], ["concurrency_claims", "low", "1 expired claim(s) not swept
   +attempt 20: exit=0 {"findings": [["index_freshness", "medium", "index stale: 0 changed, 1 added, 0 removed"], ["context_reproducibility", "low", "context packet lacks retrieved field 'semantic_candidates' (CONTEXT_POLICY.retrieved_field"], ["concurrency_claims", "low", "1 expired claim(s) not swept
   +attempt 21: exit=3 {"findings": [["index_freshness", "medium", "index stale: 0 changed, 1 added, 0 removed"], ["context_reproducibility", "low", "context packet lacks retrieved field 'semantic_candidates' (CONTEXT_POLICY.retrieved_field"], ["audit_reproducibility", "high", "governance suite results
   +# non-reproducible run observed and flagged at attempt 21
== O3-independent-authorship.out: SAME(normalised)
== O4-suite-currency.out: REGENERATED, BYTE-IDENTICAL
== O5-G0-focus.out: SAME(normalised)
== O5-G0-guard-matrix.out: DIFF 6 lines
   -gate present | ok | ok [MUTATED] | ok | AUTHORITY_DENIED | ok [MUTATED]
   +gate present | ok | ok | ok [MUTATED] | AUTHORITY_DENIED | ok [MUTATED]
   -state mutated while FREEZE_WRITES active: ['task release', 'continue --claim', 'context compile', 'gate present', 'route --record', 'audit (persist)', 'verify governance', 'rebuild-memory', 'memory rebuild', 'memory heldout-starter --force', 'adapters generate', 'tools registry', 'upstream prepare'
   -state mutated while PAUSED: ['task release', 'continue --claim', 'context compile', 'route --record', 'audit (persist)', 'verify governance', 'rebuild-memory', 'memory rebuild', 'memory heldout-starter --force', 'adapters generate', 'tools registry', 'upstream prepare', 'adopt baseline', 'init --fo
   +state mutated while FREEZE_WRITES active: ['task release', 'continue --claim', 'context compile', 'route --record', 'audit (persist)', 'verify governance', 'rebuild-memory', 'memory rebuild', 'memory heldout-starter --force', 'adapters generate', 'tools registry', 'upstream prepare', 'adopt baselin
   +state mutated while PAUSED: ['task release', 'continue --claim', 'context compile', 'gate present', 'route --record', 'audit (persist)', 'verify governance', 'rebuild-memory', 'memory rebuild', 'memory heldout-starter --force', 'adapters generate', 'tools registry', 'upstream prepare', 'adopt basel
== O5-G5-update.out: REGENERATED, BYTE-IDENTICAL
== O5-scheduler-requirements.out: DIFF 14 lines
   -{"args": "audit --no-persist", "wall_ms": 186, "max_threads": 1, "max_child_processes": 1, "samples": 88, "exit": 0, "families_in_result": 20, "verdict": "HEALTHY"}
   +{"args": "audit --no-persist", "wall_ms": 195, "max_threads": 1, "max_child_processes": 1, "samples": 91, "exit": 0, "families_in_result": 20, "verdict": "HEALTHY"}
   -{"args": "audit --no-persist", "wall_ms": 167, "max_threads": 1, "max_child_processes": 1, "samples": 80, "exit": 0, "families_in_result": 20, "verdict": "HEALTHY"}
   -{"args": "audit --no-persist --deep", "wall_ms": 329, "max_threads": 1, "max_child_processes": 1, "samples": 156, "exit": 0, "families_in_result": 20, "verdict": "HEALTHY"}
   -{"args": "doctor", "wall_ms": 59, "max_threads": 1, "max_child_processes": 0, "samples": 28, "exit": 0, "families_in_result": 0, "verdict": "HEALTHY"}
   +{"args": "audit --no-persist", "wall_ms": 228, "max_threads": 1, "max_child_processes": 1, "samples": 105, "exit": 0, "families_in_result": 20, "verdict": "HEALTHY"}
   +{"args": "audit --no-persist --deep", "wall_ms": 391, "max_threads": 1, "max_child_processes": 1, "samples": 182, "exit": 0, "families_in_result": 20, "verdict": "HEALTHY"}
   +{"args": "doctor", "wall_ms": 67, "max_threads": 1, "max_child_processes": 0, "samples": 31, "exit": 0, "families_in_result": 0, "verdict": "HEALTHY"}
   -{"args": "audit --no-persist", "wall_ms": 186, "max_threads": 1, "max_child_processes": 1, "samples": 87, "exit": 0, "families_in_result": 20, "verdict": "HEALTHY"}
   -{"args": "audit --no-persist", "wall_ms": 172, "max_threads": 1, "max_child_processes": 1, "samples": 82, "exit": 0, "families_in_result": 20, "verdict": "HEALTHY"}
   +{"args": "audit --no-persist", "wall_ms": 453, "max_threads": 1, "max_child_processes": 1, "samples": 162, "exit": 0, "families_in_result": 20, "verdict": "HEALTHY"}
   +{"args": "audit --no-persist", "wall_ms": 555, "max_threads": 1, "max_child_processes": 1, "samples": 191, "exit": 0, "families_in_result": 20, "verdict": "HEALTHY"}
   -{"args": "audit --no-persist", "wall_ms": 165, "max_threads": 1, "max_child_processes": 1, "samples": 79, "exit": 0, "families_in_result": 20, "verdict": "DEGRADED"}
   +{"args": "audit --no-persist", "wall_ms": 391, "max_threads": 1, "max_child_processes": 1, "samples": 146, "exit": 0, "families_in_result": 20, "verdict": "DEGRADED"}
== O5-tiers-G1-G6.out: SAME(normalised)
== P1-P2-telemetry.out: DIFF 4 lines
   -exit=0 {"budget": {"active_sessions": [], "max_network_calls_per_task": 200, "max_parallel_agents": 4, "network_calls_by_task": {}, "over_budget": []}, "commands": [{"avg_ms": 0.0, "count": 3, "name": "audit", "ok": 3}, {"avg_ms": 127.<HEX>, "count": 3, "name": "cli.audit", "ok": 3}, {"avg_ms": 56.
   +exit=0 {"budget": {"active_sessions": [], "max_network_calls_per_task": 200, "max_parallel_agents": 4, "network_calls_by_task": {}, "over_budget": []}, "commands": [{"avg_ms": 0.0, "count": 3, "name": "audit", "ok": 3}, {"avg_ms": 138.<HEX>, "count": 3, "name": "cli.audit", "ok": 3}, {"avg_ms": 94.
   -exit=0 {"by_category": [{"category": "symbol", "queries": 5, "recall": 0.8}, {"category": "lexical_literal", "queries": 6, "recall": 1.0}, {"category": "exact_path", "queries": 6, "recall": 1.0}], "failed": [["HQ-007", "symbol", ["symbol"], ["file:tests/ledger_test.rs"], ["file:src/lib.rs"]]]}
   +exit=0 {"by_category": [{"category": "lexical_literal", "queries": 6, "recall": 1.0}, {"category": "symbol", "queries": 5, "recall": 0.8}, {"category": "exact_path", "queries": 6, "recall": 1.0}], "failed": [["HQ-007", "symbol", ["symbol"], ["file:tests/ledger_test.rs"], ["file:src/lib.rs"]]]}
== Q-learning-upstream.out: SAME(normalised)
== RUN-ALL.out: NOT REGENERATED by the re-run (not produced by the family's probe runner)
== U-slos-and-healthy.out: DIFF 2 lines
   -audit : exit=0 {"findings": [["context_reproducibility", "low", "context packet lacks retrieved field 'semantic_candidates' (CONTEXT_POLICY.retrieved_fields)"], ["fresh_agent_reconstruction", "low", "status packet 1752 chars exceeds max_packet_chars 1500"]], "ok": true, "verdict": "HEALTHY"}
   +audit : exit=0 {"findings": [["context_reproducibility", "low", "context packet lacks retrieved field 'semantic_candidates' (CONTEXT_POLICY.retrieved_fields)"], ["fresh_agent_reconstruction", "low", "status packet 1767 chars exceeds max_packet_chars 1500"]], "ok": true, "verdict": "HEALTHY"}
== V-oracle-format-and-contract-views.out: DIFF 2 lines
   -release/orche<RND>/phase-2/AG<RND>/README.md release/orche<RND>/phase-2/CHE<RND>/P2-CP-0001.yaml release/orche<RND>/phase-2/GATES/GATE-REGISTER.yaml release/orche<RND>/phase-2/GATES/PHASE-2-FROZEN-GATE-CONTRACT.md release/orche<RND>/phase-2/<RND>/P2-HO-0000-audit-0-common-protocol.md release/orche<
   +release/orche<RND>/phase-2/AG<RND>/P2-AR-0001.report.yaml release/orche<RND>/phase-2/AG<RND>/P2-AR-0001.run.yaml release/orche<RND>/phase-2/AG<RND>/P2-AR-0002.report.yaml release/orche<RND>/phase-2/AG<RND>/P2-AR-0002.run.yaml release/orche<RND>/phase-2/AG<RND>/P2-AR-0003.report.yaml release/orche<R

######## zeta-r
== DV-derived-view-reconciliation.out: REGENERATED, BYTE-IDENTICAL
== FR-freshness-invalidation.out: SAME(normalised) markers=13/13 changed=0
== W00-harness-smoke.out: SAME(normalised) markers=1/1 changed=0
== W01-artefact-identity.out: DIFF 33 lines markers=84/84 changed=0
   -"section_6_bullet": 7,
   -"
   -... [truncated 45 chars]
   +"section_6_bullet
   +... [truncated 54 chars]
   +"category": "exact_path",
   +"queries": 6,
   +"recall": 1.0
   +},
   +{
   -"recall": 1.0
   -},
   -{
   -"category": "exact_path",
   -"queries": 6,
   -"index_ms": 107,
   +"index_ms": 143,
   -"category": "exact_path",
   -"queries": 6,
   -"reca
   -... [truncated 580 chars]
   +"category": "symbol",
   +"queries": 5,
   +
   +... [truncated 590 chars]
   -index_ms: 107
   +index_ms: 143
   +- category: exact_path
   +queries: 6
   +recall: 1.0
   -recall: 1.0
   -- category: exact_path
   -queries: 6
== W01b-migration-plan-identity.out: SAME(normalised) markers=9/9 changed=0
== W02-typed-contracts.out: SAME(normalised) markers=16/16 changed=0
== W03-task-input-manifest.out: SAME(normalised) markers=20/20 changed=0
== W04-context-delivery.out: SAME(normalised) markers=15/15 changed=0
== W04b-input-class-delivery.out: SAME(normalised) markers=14/14 changed=0
== W05-consumption-receipt.out: SAME(normalised) markers=20/20 changed=0
== W06-staleness-propagation.out: SAME(normalised) markers=27/27 changed=0
== W07-orphan-detection.out: SAME(normalised) markers=12/12 changed=0
== W08-lineage.out: SAME(normalised) markers=24/24 changed=0
== W09-session-handoff-continuity.out: SAME(normalised) markers=16/16 changed=0
== W10-hard-invariant-attacks.out: SAME(normalised) markers=23/23 changed=0
== W11-quantitative-health.out: DIFF 26 lines markers=13/13 changed=0
   -"avg_ms": 21.5,
   +"avg_ms": 27.0,
   -"avg_ms": 501.0,
   +"avg_ms": 631.0,
   -"avg_ms": 46.0,
   +"avg_ms": 53.25,
   -"avg_ms": 126.0,
   +"avg_ms": 125.0,
   -"avg_ms": 39.<HEX>,
   +"avg_ms": 48.<HEX>,
   -"chars": 13712,
   +"chars": 13711,
   -"status_chars": 2091
   +"status_chars": 2100
   -"category": "exact_path",
   -"queries": 6,
   -"recall": 1.0
   -},
   -{
   +"queries": 6,
   +"recall": 1.0
   +},
   +{
   +"category": "exact_path",
   -OBS W11-m9-proxy-fresh-agent-read-budget: PASS -- audit fresh_agent_reconstruction.detail={'reads': 7, 'budget': 25, 'status_chars': 2091, 'next_action': 'gov continue → claim TASK-0003'} (read-count vs budget; correctness of reconstructed inputs not measured)
   +OBS W11-m9-proxy-fresh-agent-read-budget: PASS -- audit fresh_agent_reconstruction.detail={'reads': 7, 'budget': 25, 'status_chars': 2100, 'next_action': 'gov continue → claim TASK-0003'} (read-count vs budget; correctness of reconstructed inputs not measured)
== W12-scheduler-integration.out: SAME(normalised) markers=17/17 changed=0
== run-all.log: NOT REGENERATED by the re-run (not produced by the family's probe runner)

# files compared: 115; files with normalised differences: 45
