# P2-AR-0032 product identity (release/orchestration/phase-2/tools/product_identity.py)
commit: a7e94733add3fbe355802b971d5e94f5997dfbab
product_code_digest: b1ab1c8c0268adfec2cd857a94d79583efbbf30e3b547e2faf610aac0cbffbb1
governed_state_digest: 4981437f0dca482b0d7d2aba2d48378260a93eaace20f1ea15bb5761ec4c227d

commit: 0f830f3c145c3e824286e99d2c64cac961aa1cf8
product_code_digest: 445485264e22ac91255474aa6309edd95fc6e07bb661b726cd7e68a93b2e6a38
governed_state_digest: 8f191e3906850368eb82bc886d5a095a788469103ed7318a9236462464ae948f

commit: 7491c5ca78ee2a7772571892cede623416e84324
product_code_digest: 797da37c8532528e1b8f3d924e2b7b7a304bb567bd928ce80126e8e120161fe1
governed_state_digest: 8f191e3906850368eb82bc886d5a095a788469103ed7318a9236462464ae948f

# round-2 builder tips (each from 843d79c):
phase2/repair-1-r2-ws03 7a5d3972f60473c29ed96a84a28730f17b63cc73 product_code_digest: e84b9a91e9654e3e292eeed8d19476ef62891f603a9f7d7afbe914fbe3dbd504
phase2/repair-1-r2-ws08 9a38329a0a115aa48ecd8489fe0015e0ab31d34a product_code_digest: 37087f1308754f86a20d505da9474d11b2ff7d27d36eb09ce148a316ab4c4966
phase2/repair-1-r2-ws05 1fa60c6a503ffcf15914242874911189d79e250e product_code_digest: 7679602a12e887a2ea210fd50f253ca14e63daa431aaf03ee08c67235dcbd728
phase2/repair-1-r2-ws04 9e806786a3006a101595c98e72bcd3bdede7623f product_code_digest: 65d804d81b844a10b9c79c648cd28cc579cd7a40dbf91085c20e30ef7e50aee1
phase2/repair-1-r2-ws02 9e8f06fcb69c2a1e5a72814653cdf90a12843085 product_code_digest: adfd1988c78e9f1856ecc931041040864edc2957a9a82939044439887282c893
phase2/repair-1-r2-ws06 33627c84428bd815bc8c11cd2bb181e33d1ea4bf product_code_digest: 99704522e6a85cd077521e34eb35a722a49c50afd428d34a9ce1fa70420ea262
phase2/repair-1-r2-ws07 bca26c4605489a2d878f7817b7e4c9ca7001ea09 product_code_digest: e9ff786cbc6bac4fa8fea700950f888f1d79459f04478880bf2cf273947fcbcc
phase2/repair-1-r2-ws09-11 4e1aadea88026f9674bc45314c5512d1d9658942 product_code_digest: 4a7b82608eb603526888c69bced01640b45f448b5e82f833c716c6f1d26d9b14
phase2/repair-1-r2-ws10 c0d45c12a875ab45d5443dc09dea5739cb28e91a product_code_digest: 9456fb927f528f2e8d4d4fe52f32d07d854cb3fd84442e08a40cbf0169d0fe40

# Contract v3 source sha256: 4c2df29115c8d5389034b2e2d817772add80d61678807c23e0d520c937cb5ed3
# release binary target/release/gov (built at 7491c5c) sha256: 5ff6ce9cbf7c3864bb5245881bd32cd804a5d47e0debf128d04fce0f85016b82
# files changed beyond the merges (0f830f3..7491c5c) under protected paths (expect none):
  (end)
# files changed from base a7e9473 to 0f830f3 that no merged branch changed (expect none — merge commits add only the merged content and conflict resolutions):
  (end)
