## git
3b8a4ab4aa28ed828512ef2037373921f0eb97f0
3b8a4ab carry re-audit handoff P2-HO-0009 onto the audit branch (orchestration record only; no product change)
57177a3 Phase 2: initialise durable state, freeze gate contract, prepare iteration-0 capability baseline audit
3374db4 orchestration: adopt ARCH-0003 and install V8.2 control panel
?? release/capability-baseline/
## product identity (HEAD, candidate tag, srr1-r1-accepted)
commit: 3b8a4ab4aa28ed828512ef2037373921f0eb97f0
product_code_digest: bd4d65d9d5ffd6aedbd9435e2091a664dfc3e62f80614a76197cfaf87efd0547
governed_state_digest: 3dabf06a25e694f30182fd52549747826edcec29e9574f5a9c2c79705223ad91
commit: 9ee8dff13e7a8f06b28a3063ae7ad11eae27bf73
product_code_digest: bd4d65d9d5ffd6aedbd9435e2091a664dfc3e62f80614a76197cfaf87efd0547
governed_state_digest: 3dabf06a25e694f30182fd52549747826edcec29e9574f5a9c2c79705223ad91
commit: b78b5c68b163fbaf6a9395a9ebfe249935622560
product_code_digest: bd4d65d9d5ffd6aedbd9435e2091a664dfc3e62f80614a76197cfaf87efd0547
governed_state_digest: 30cb5bbcd7f3bd40a166b56d908c0fefb25d7cd80a9e368cc70e95fe0f97dcfa
## tags
cap2-candidate-0 -> 57177a37ea296ece16b185874831462b6a76db18
srr1-r1-accepted -> c7d3fefa12f7e5813d3c3d9d9d229b5993b7c112
## product diff HEAD vs candidate (expect only release/orchestration)
 .../HANDOFFS/P2-HO-0009-audit-0-reaudit-common.md  | 45 ++++++++++++++++++++++
 1 file changed, 45 insertions(+)
## hashes
4c2df29115c8d5389034b2e2d817772add80d61678807c23e0d520c937cb5ed3  Governance_OS_Capability_Acceptance_Contract_v3.md
4c2df29115c8d5389034b2e2d817772add80d61678807c23e0d520c937cb5ed3  framework/contracts/source/GOVERNANCE_CAPABILITY_ACCEPTANCE_CONTRACT_v3.md
d2f33e89d5459dd809e17271e46854cc886ed958ca63f89765e16d6a26a9f25e  release/orchestration/phase-2/GATES/PHASE-2-FROZEN-GATE-CONTRACT.md
70977d11b778c4a8391a65cb3e0f53103bcc1e565de595c1e83150797f1699c1  release/root-of-trust/signed-release-root-v1/01-FROZEN-R0-R1-R2-R3-ACCEPTANCE-BOUNDARY.md
333764e730b243a5394c482c62b240ec1676b13a6c88a27a10feac618e04421d  release/orchestration/phase-2/HANDOFFS/P2-HO-0000-audit-0-common-protocol.md
a4d19d1cdaaabb3edbd12d4ba1ec74ff7b0285ade32f484fbfacd1c8d781328c  release/orchestration/phase-2/HANDOFFS/P2-HO-0001-audit-0-alpha.md
abeac85392fccd638dffc22ac6ca85747f0327ced69daf0f4dc71d6649d8f0ab  release/orchestration/phase-2/HANDOFFS/P2-HO-0009-audit-0-reaudit-common.md
## ORCHESTRATOR_STATE frozen_gate_contract.sha256
frozen_gate_contract:
  path: release/orchestration/phase-2/GATES/PHASE-2-FROZEN-GATE-CONTRACT.md
  sha256: d2f33e89d5459dd809e17271e46854cc886ed958ca63f89765e16d6a26a9f25e
## toolchain
cargo 1.98.1 (797e8a9bc 2026-08-05)
rustc 1.98.1 (48a229cea 2026-09-01)
Python 3.12.3
Linux 6.6.87.2-microsoft-standard-WSL2
