## [K1] boundaries after gov init
[K1] governance/kernel            exists=True
[K1] governance/project           exists=True
[K1] governance/generated         exists=True
[K1] governance/framework.lock    exists=True
[K1] .governance-runtime          exists=True
[K1] spec                         exists=True
[K1] archive                      exists=True
[K1] product                      exists=True
[K1] contract rule src/**                       class=source         mutation=-           owner=backend-engineer
[K1] contract rule tests/**                     class=test           mutation=-           owner=independent-test-designer
[K1] contract rule web/**                       class=source         mutation=-           owner=backend-engineer
[K1] contract rule governance/kernel/**         class=authoritative  mutation=prohibited  owner=release-agent
[K1] contract rule governance/project/**        class=authoritative  mutation=restricted  owner=change-controller
[K1] contract rule governance/generated/**      class=generated      mutation=generated   owner=orchestrator
[K1] contract rule governance/framework.lock    class=authoritative  mutation=restricted  owner=release-agent
[K1] contract rule governance/tests/**          class=authoritative  mutation=restricted  owner=memory-engineer
[K1] contract rule spec/**                      class=authoritative  mutation=-           owner=product-spec-agent
[K1] contract rule archive/**                   class=historical     mutation=restricted  owner=orchestrator
[K1] contract rule .governance-runtime/**       class=derived        mutation=-           owner=-
[K1] .gitignore carries .governance-runtime/: True
[K1] capability_roots: {'native_source': ['src/**', 'web/**'], 'native_tests': ['tests/**']}

## [K2] native layout preserved / mapped, not refactored
[K2] every native file still at its path with identical bytes: True
[K2] git status of the native tree (excluding governance additions): []
[K2]/[P1] src/nativeapp/server.py              -> (class, namespace, sensitivity, code_index, default_retrieval) = ('source', 'product', 'internal', 1, 1)
[K2]/[P1] tests/test_server.py                 -> (class, namespace, sensitivity, code_index, default_retrieval) = ('test', 'product', 'internal', 1, 1)
[K2]/[P1] web/src/index.ts                     -> (class, namespace, sensitivity, code_index, default_retrieval) = ('source', 'product', 'internal', 1, 1)
[K2]/[P1] pyproject.toml                       -> (class, namespace, sensitivity, code_index, default_retrieval) = None
[K2]/[P1] governance/kernel/KERNEL.yaml        -> (class, namespace, sensitivity, code_index, default_retrieval) = ('authoritative', 'governance', 'internal', 0, 1)
[K2]/[P1] governance/project/PROJECT_POLICY.yaml -> (class, namespace, sensitivity, code_index, default_retrieval) = ('authoritative', 'governance', 'internal', 0, 1)
[K2]/[P1] spec/now/NOW.md                      -> (class, namespace, sensitivity, code_index, default_retrieval) = ('authoritative', 'spec', 'internal', 0, 1)
[K2] native code indexed in place (symbols): [('__init__', 'module', 'src/nativeapp/__init__.py'), ('register', 'function', 'src/nativeapp/routes.py'), ('routes', 'module', 'src/nativeapp/routes.py'), ('main', 'function', 'src/nativeapp/server.py'), ('server', 'module', 'src/nativeapp/server.py')]
[K2] ecosystems detected over the native layout: [('python', ''), ('node-npm', 'web')]

## [K3] boundary enforcement
[K3] edit governance/kernel/** in the consumer -> next mutation: REFUSED KERNEL_TAMPERED
[K3] task whose allowed_paths include governance/kernel/** -> full governance suite: UNHEALTHY [('critical', 'authority_role_limits', 'TASK-0001 allowed_paths include governance/kernel (INV-007)')]
[K3] the task record itself also carries forbidden_paths: ['governance/kernel/**']
[K3] hand-edited governance/generated/adapter-manifest.json -> doctor D020: [(False, 'adapter manifest overlay_hash differs from current overlay (stale adapters)')]
[K3] `gov adapters generate` regenerates it: True

## [D1] authoritative tracked state vs derived runtime
[D1] tracked by git: ['governance/framework.lock', 'spec/decisions/.gitkeep', 'spec/decisions/D-0001.yaml', 'spec/tasks/.gitkeep', 'spec/tasks/TASK-0001.yaml', 'spec/tasks/TASK-0002.yaml']
[D1] derived runtime tracked by git? False
[D1] derived stores (state.db tables): ['artifacts', 'chunks', 'chunks_fts', 'chunks_fts_data', 'chunks_fts_idx', 'chunks_fts_content', 'chunks_fts_docsize', 'chunks_fts_config', 'vectors', 'edges', 'symbols', 'symbol_refs', 'meta', 'retrieval_log', 'sqlite_sequence', 'excluded', 'capability']
[D1] derived runtime dir contents: ['claims.db', 'context', 'state.db', 'state.db-shm', 'state.db-wal', 'telemetry']

## [D2] delete ALL derived state, rebuild
[D2] after deleting .governance-runtime: git status of tracked truth = []
[D2] gov status still reconstructs truth: records 5 -> 5 | task counts {'total': 2, 'runnable': 0, 'blocked': 2, 'waiting_human': 0, 'done': 0, 'open': 2} -> {'total': 2, 'runnable': 0, 'blocked': 2, 'waiting_human': 0, 'done': 0, 'open': 2}
[D2] rebuild: manifest hash before delete b20bbf8056734938 after rebuild b20bbf8056734938 | identical: True
[D2] tracked files changed by the rebuild: [' M governance/generated/index-manifest.json']

## [D3] derived records carry provenance sufficient to reconstruct source hits
[D3] artifacts columns: ['artifact_id', 'path', 'record_type', 'title', 'status', 'state_class', 'namespace', 'sensitivity', 'path_class', 'content_hash', 'repo_commit', 'index_version', 'size', 'indexed_at', 'data_json', 'semantic', 'lexical', 'graph', 'code', 'default_retrieval', 'superseded_by']
[D3] chunks columns: ['chunk_id', 'artifact_id', 'parent_chunk_id', 'level', 'section', 'ordinal', 'content_hash', 'text', 'chars', 'lexical', 'semantic']
[D3] D-0001 artifact: ('D-0001', 'spec/decisions/D-0001.yaml', '360936cb0b01502532402af137904f3057062baf8492b952f2ad68c3dfca5bd6', '84de67d7899bd1f191704ba294c7178b594b040f', '4.1.5-idx3')
[D3] content_hash == sha256(file bytes): True | repo_commit == HEAD: True
[D3] memory query hit carries: {'artifact_id': 'D-0001', 'path': 'spec/decisions/D-0001.yaml', 'section': 'use postgres', 'status': 'ACTIVE', 'state_class': 'AUTHORITATIVE', 'routes': ['lexical', 'semantic']} | excerpt found in source file: True

DONE
