[C0] gov contract verify -> {"contract_version": "v3", "owner_source": "Governance_OS_Capability_Acceptance_Contract_v3.md", "owner_source_present_in_tree": true, "owner_source_sha256": "4c2df29115c8d5389034b2e2d817772add80d61678807c23e0d520c937cb5ed3", "canonical_import": "framework/contracts/source/GOVERNANCE_CAPABILITY_ACCEPTANCE_CONTRACT_v3.md", "canonical_import_byte_identical": true, "compiled": "framework/contracts/governance-capability-acceptance.yaml", "capability_count": 100, "source_lock": "framework/contracts/contract-source.lock", "schema": "framework/schemas/governance-capability-acceptance.schema.json", "e
[C1] A1  owner line  132 bullets= 6 (133-138) challenge_line=140 | compiled keys=['family', 'id', 'requirement_class', 'source_reference', 'status', 'title'] status=DECLARED src_ref=132 | evidence_map class=NOT_YET_MAPPED automated_checks=[] | generated view row=True
[C1] A2  owner line  142 bullets=10 (143-152) challenge_line=154 | compiled keys=['family', 'id', 'requirement_class', 'source_reference', 'status', 'title'] status=DECLARED src_ref=142 | evidence_map class=NOT_YET_MAPPED automated_checks=[] | generated view row=True
[C1] A3  owner line  156 bullets= 6 (157-162) challenge_line=164 | compiled keys=['family', 'id', 'requirement_class', 'source_reference', 'status', 'title'] status=DECLARED src_ref=156 | evidence_map class=NOT_YET_MAPPED automated_checks=[] | generated view row=True
[C1] A4  owner line  166 bullets= 4 (167-170) challenge_line=None | compiled keys=['family', 'id', 'requirement_class', 'source_reference', 'status', 'title'] status=DECLARED src_ref=166 | evidence_map class=NOT_YET_MAPPED automated_checks=[] | generated view row=True
[C1] A5  owner line  172 bullets= 6 (173-178) challenge_line=None | compiled keys=['family', 'id', 'requirement_class', 'source_reference', 'status', 'title'] status=DECLARED src_ref=172 | evidence_map class=NOT_YET_MAPPED automated_checks=[] | generated view row=True
[C1] B1  owner line  184 bullets= 4 (185-188) challenge_line=None | compiled keys=['family', 'id', 'requirement_class', 'source_reference', 'status', 'title'] status=DECLARED src_ref=184 | evidence_map class=NOT_YET_MAPPED automated_checks=[] | generated view row=True
[C1] B2  owner line  190 bullets= 5 (191-195) challenge_line=197 | compiled keys=['family', 'id', 'requirement_class', 'source_reference', 'status', 'title'] status=DECLARED src_ref=190 | evidence_map class=NOT_YET_MAPPED automated_checks=[] | generated view row=True
[C1] B3  owner line  199 bullets= 4 (200-203) challenge_line=None | compiled keys=['family', 'id', 'requirement_class', 'source_reference', 'status', 'title'] status=DECLARED src_ref=199 | evidence_map class=NOT_YET_MAPPED automated_checks=[] | generated view row=True
[C1] S1  owner line  896 bullets= 2 (897-898) challenge_line=None | compiled keys=['family', 'id', 'requirement_class', 'source_reference', 'status', 'title'] status=DECLARED src_ref=896 | evidence_map class=NOT_YET_MAPPED automated_checks=[] | generated view row=True
[C1] S2  owner line  900 bullets=11 (901-911) challenge_line=None | compiled keys=['family', 'id', 'requirement_class', 'source_reference', 'status', 'title'] status=DECLARED src_ref=900 | evidence_map class=NOT_YET_MAPPED automated_checks=[] | generated view row=True
[C1] S3  owner line  913 bullets= 6 (914-919) challenge_line=None | compiled keys=['family', 'id', 'requirement_class', 'source_reference', 'status', 'title'] status=DECLARED src_ref=913 | evidence_map class=NOT_YET_MAPPED automated_checks=[] | generated view row=True
[C1] S4  owner line  921 bullets=12 (923-934) challenge_line=None | compiled keys=['family', 'id', 'requirement_class', 'source_reference', 'status', 'title'] status=DECLARED src_ref=921 | evidence_map class=NOT_YET_MAPPED automated_checks=[] | generated view row=True
[C1] S5  owner line  936 bullets= 9 (937-945) challenge_line=None | compiled keys=['family', 'id', 'requirement_class', 'source_reference', 'status', 'title'] status=DECLARED src_ref=936 | evidence_map class=NOT_YET_MAPPED automated_checks=[] | generated view row=True
[C1] S6  owner line  947 bullets= 3 (948-950) challenge_line=None | compiled keys=['family', 'id', 'requirement_class', 'source_reference', 'status', 'title'] status=DECLARED src_ref=947 | evidence_map class=NOT_YET_MAPPED automated_checks=[] | generated view row=True
[C1] T1  owner line  956 bullets= 9 (957-965) challenge_line=None | compiled keys=['family', 'id', 'requirement_class', 'source_reference', 'status', 'title'] status=DECLARED src_ref=956 | evidence_map class=NOT_YET_MAPPED automated_checks=[] | generated view row=True
[C1] T2  owner line  967 bullets= 2 (968-969) challenge_line=None | compiled keys=['family', 'id', 'requirement_class', 'source_reference', 'status', 'title'] status=DECLARED src_ref=967 | evidence_map class=NOT_YET_MAPPED automated_checks=[] | generated view row=True
[C1] T3  owner line  971 bullets= 1 (972-972) challenge_line=None | compiled keys=['family', 'id', 'requirement_class', 'source_reference', 'status', 'title'] status=DECLARED src_ref=971 | evidence_map class=NOT_YET_MAPPED automated_checks=[] | generated view row=True
[C1] alpha bullets in the owner source: 100 | bullets represented in the compiled form: 0 (no bullet/checklist key exists in any compiled entry)
[C1] per-capability fields required by Contract v3 lines 53-73 present in the compiled form: []
[C1] alpha capabilities with >=1 automated check or evidence owner in the evidence map: []

DONE
