# P2-AR-0022 merge and change log (branch phase2/repair-1-integration, base 12c68d3094e5c211db137aad43f00174c43abffb)

## merges (git merge --no-ff, handoff order)
02c1203c4bb1e3e027175cba8bd4bbbe6bf79d45 Integration P2-AR-0022: merge phase2/repair-1-ws03 (P2-AR-0016, WS-3)
    parents: 12c68d3094e5c211db137aad43f00174c43abffb 6853526e74449defae5eaf0115da016cd95674d5
00cc5bfc33d5ed79d001c54d5d7391d9977ea76f Integration P2-AR-0022: merge phase2/repair-1-ws04 (P2-AR-0017, WS-4)
    parents: 02c1203c4bb1e3e027175cba8bd4bbbe6bf79d45 14c7f68b77a14791bb768eeb7cedb8f63196781a
02c080f564ebad9ad3e36a3aef12381b04bb88f9 Integration P2-AR-0022: merge phase2/repair-1-ws05 (P2-AR-0018, WS-5)
    parents: 00cc5bfc33d5ed79d001c54d5d7391d9977ea76f 4a91c453726f8f634bce7ee4fd2823ae33d726d3
559aec681e58cfb4e05b98cb91788307e2c65897 Integration P2-AR-0022: merge phase2/repair-1-ws06 (P2-AR-0019, WS-6)
    parents: 02c080f564ebad9ad3e36a3aef12381b04bb88f9 ffbe8c90ea18603e14e51a0eee1529223f5bfc66
4e647eecf3978702f7e0ec99089ca463062c7592 Integration P2-AR-0022: merge phase2/repair-1-ws08 (P2-AR-0020, WS-8)
    parents: 559aec681e58cfb4e05b98cb91788307e2c65897 ea8efca7c86903f43a2d40df3d38cad7a3f52d85
f70b84d0dc802abe08b2d3f6cfc7987e4760378f Integration P2-AR-0022: merge phase2/repair-1-ws09-11 (P2-AR-0021, WS-9/11)
    parents: 4e647eecf3978702f7e0ec99089ca463062c7592 bc7c030013e43a2c826f366b8a7732911edb2f5b
2b7aca7e907c87804aeab30b12b4bbbe0a469f5e Integration P2-AR-0022: merge phase2/repair-1-ws02 (P2-AR-0015, WS-2)
    parents: f70b84d0dc802abe08b2d3f6cfc7987e4760378f 37bfcd1fcb19da08016c3f2514ab7c2086461f46
badd9154e9dfd0cf5180e3b767227e6ff7c6d4a2 Integration P2-AR-0022: merge phase2/repair-1-ws01-12 (P2-AR-0014, WS-1/WS-12)
    parents: 2b7aca7e907c87804aeab30b12b4bbbe0a469f5e 0dc7798ec7c07b0671dd1e37e358b11a2ebe89b6

## branch tips merged
phase2/repair-1-ws03 6853526e74449defae5eaf0115da016cd95674d5
phase2/repair-1-ws04 14c7f68b77a14791bb768eeb7cedb8f63196781a
phase2/repair-1-ws05 4a91c453726f8f634bce7ee4fd2823ae33d726d3
phase2/repair-1-ws06 ffbe8c90ea18603e14e51a0eee1529223f5bfc66
phase2/repair-1-ws08 ea8efca7c86903f43a2d40df3d38cad7a3f52d85
phase2/repair-1-ws09-11 bc7c030013e43a2c826f366b8a7732911edb2f5b
phase2/repair-1-ws02 37bfcd1fcb19da08016c3f2514ab7c2086461f46
phase2/repair-1-ws01-12 0dc7798ec7c07b0671dd1e37e358b11a2ebe89b6

## textual conflicts resolved in the merge commits (union of both sides)
4e647ee (ws08): tests/certification/main.rs — 'mod ws03;' (WS-3) + 'mod ws08;' (WS-8): both kept
2b7aca7 (ws02): cli/src/main.rs — Cmd::Artefact (WS-4) + Cmd::Health (WS-2) variants; command_name arms for both: both kept
badd915 (ws01-12): cli/src/main.rs — Cmd::Artefact + Cmd::Health + Cmd::Oracle variants and OracleCmd enum (WS-1/12); run() arms Cmd::Health + Cmd::Oracle; command_name arms for all three: all kept
every other file merged without conflict (records.rs: WS-4 relation region and WS-6 text region; lib.rs: pub mod lines; repair2.rs / greenfield.rs / brownfield.rs / migration.rs: disjoint hunks)

## integration commits beyond the merges (product and builder-test changes)

963e715992271bf88e169860adaec94dfc715f7c
  Integration P2-AR-0022: compile reconciliation — WS-2 FamilyCtx.db is Option<&RuntimeDb>, WS-4 context::compile takes impl Into<IndexHandle>

 runtime/src/verification/mod.rs | 4 ++--
 1 file changed, 2 insertions(+), 2 deletions(-)

38811b83dacd53f25ab3b8e166913acb42f5200b
  Integration P2-AR-0022: register round-1 subcommands with WS-3's G0 guard

 cli/src/main.rs                          | 41 +++++++++++++++++++++++++++++++-
 framework/policies/AUTHORITY_POLICY.yaml |  3 ++-
 runtime/src/orchestration/control.rs     | 37 +++++++++++++++++++++++++++-
 3 files changed, 78 insertions(+), 3 deletions(-)

6de72140aa0b44748681ad7fba09958a6a0fd979
  Integration P2-AR-0022: migration plan declares stage consumers under expected_consumers (WS-9 x WS-4, BC-P2-21)

 runtime/src/adopt.rs | 7 +++++--
 1 file changed, 5 insertions(+), 2 deletions(-)

b683f7727b28209a270d492265f1bc09542ddfc4
  Integration P2-AR-0022: context packet carries semantic_candidates (framework §15.2, CONTEXT_POLICY.retrieved_fields)

 runtime/src/context/mod.rs | 6 +++++-
 1 file changed, 5 insertions(+), 1 deletion(-)

488a735ad100b1788b4782a0f35d2aa19c535ad7
  Integration P2-AR-0022: migration reference re-pointing never rewrites a T2-sealed record (WS-3 BC-P2-09 x WS-9)

 runtime/src/migrations/refs.rs | 23 +++++++++++++++++++++++
 1 file changed, 23 insertions(+)

875aac1fbf4e2a4274d9f0ec89162034504edfa5
  Integration P2-AR-0022: WS-8 and WS-9 builder tests answer gates through WS-3's owner-signed channel

 tests/certification/migration.rs |  3 ++-
 tests/certification/ws08.rs      | 33 +++++++++++++++++++++++++++++----
 2 files changed, 31 insertions(+), 5 deletions(-)

2cafbdc27661542c981f176d5c7b2b736dd6b220
  Integration P2-AR-0022: rustfmt cli/src/main.rs (layout of WS-4's additive ContextCmd variants only)

 cli/src/main.rs | 8 ++++++--
 1 file changed, 6 insertions(+), 2 deletions(-)

811317b5bbf93cd2a71c911d895c4ce67c44114a
  Integration P2-AR-0022: currency key reads the trust anchor through the SRR verifier (R1: AR-0031 hx_a::a4)

 runtime/src/verification/currency.rs | 16 +++++++++++++---
 1 file changed, 13 insertions(+), 3 deletions(-)

## combined diffs (git show --cc) of the three conflicted merges: only the union lines differ from both parents

### 4e647ee
4e647eecf3978702f7e0ec99089ca463062c7592 Integration P2-AR-0022: merge phase2/repair-1-ws08 (P2-AR-0020, WS-8)

diff --cc tests/certification/main.rs
index 2d0abb3,ebe0d49..2b9d8b1
--- a/tests/certification/main.rs
+++ b/tests/certification/main.rs
@@@ -17,4 -17,4 +17,5 @@@ mod srr
  mod srr_material;
  mod update;
  mod upstream;
 +mod ws03;
+ mod ws08;

### 2b7aca7
2b7aca7e907c87804aeab30b12b4bbbe0a469f5e Integration P2-AR-0022: merge phase2/repair-1-ws02 (P2-AR-0015, WS-2)

diff --cc cli/src/main.rs
index 0dab633,48d1b2f..88208be
--- a/cli/src/main.rs
+++ b/cli/src/main.rs
@@@ -285,12 -272,190 +285,195 @@@ enum Cmd 
          #[command(subcommand)]
          op: PolicyCmd,
      },
 +    /// Artefact identity and lineage (Gate W W1/W8)
 +    Artefact {
 +        #[command(subcommand)]
 +        op: ArtefactCmd,
 +    },
+     // ---- WS-2 (P2-AR-0015) additive block: Governance Health Scheduler (Gate O5), product tests, skill regression
+     /// Governance Health Scheduler: tiered runs, health state, checks, history, G0 guard, currency, product tests, skills
+     Health {
+         #[command(subcommand)]
+         op: HealthCmd,
+     },
+ }
+ // ---- WS-2 (P2-AR-0015) additive block
+ #[derive(Subcommand)]
+ enum HealthCmd {
+     /// Run the scheduler: checks whose declared inputs changed execute (concurrently; state-writing ones in sandboxes), the rest are served from the cache
+     Run {
+         /// Tier G1..G6 (default: every suite check, cache reused)
+         #[arg(long)]
+         tier: Option<String>,
+         /// Run only these checks
+         #[arg(long)]
+         check: Vec<String>,
+         /// Paths the triggering change touched (recorded as provenance)
+         #[arg(long)]
+         changed: Vec<String>,
+         /// Triggering event label (recorded as provenance)
+         #[arg(long)]
+         event: Option<String>,
+         /// Re-execute every selected check (reproducibility compared against the cache)
+         #[arg(long)]
+         no_cache: bool,
+         #[arg(long)]
+         deep: bool,
+         /// Do not persist a governance-suite record even when the run re-establishes currency
+         #[arg(long)]
+         no_persist: bool,
+     },
+     /// RED/YELLOW/GREEN health state, active hard-blocks, failing and stale checks, suite currency, product tests
+     Status,
+     /// The check catalogue: tiers, declared inputs, isolation, cache, hard-block vs warning
+     Checks,
+     /// Recorded health results (newest first)
+     History {
+         #[arg(long, default_value_t = 20)]
+         limit: usize,
+     },
+     /// One recorded health result with its provenance
+     Show { id: String },
+     /// G0: would this governed operation be refused by an active hard-block?
+     Guard {
+         operation: String,
+         #[arg(long)]
+         paths: Vec<String>,
+     },
+     /// The evidence currency key: per input class digests and what changed since the latest green record
+     Currency,
+     /// Run product test families and record per-family governed evidence
+     Product {
+         #[arg(long)]
+         family: Vec<String>,
+     },
+     /// Skill regression: version/content binding and executed validation scenarios (--record binds passing versions)
+     Skills {
+         #[arg(long)]
+         skill: Option<String>,
+         #[arg(long)]
+         record: bool,
+         /// Also execute the executable form of deferred scenarios (reported only)
+         #[arg(long)]

### badd915
badd9154e9dfd0cf5180e3b767227e6ff7c6d4a2 Integration P2-AR-0022: merge phase2/repair-1-ws01-12 (P2-AR-0014, WS-1/WS-12)

diff --cc cli/src/main.rs
index 88208be,3080065..e2d2a56
--- a/cli/src/main.rs
+++ b/cli/src/main.rs
@@@ -285,195 -272,32 +285,220 @@@ enum Cmd 
          #[command(subcommand)]
          op: PolicyCmd,
      },
 +    /// Artefact identity and lineage (Gate W W1/W8)
 +    Artefact {
 +        #[command(subcommand)]
 +        op: ArtefactCmd,
 +    },
 +    // ---- WS-2 (P2-AR-0015) additive block: Governance Health Scheduler (Gate O5), product tests, skill regression
 +    /// Governance Health Scheduler: tiered runs, health state, checks, history, G0 guard, currency, product tests, skills
 +    Health {
 +        #[command(subcommand)]
 +        op: HealthCmd,
 +    },
+     /// Qualification Oracle format (Contract v3 Gate V, V1-V4): print the format, or validate an oracle / score report
+     Oracle {
+         #[command(subcommand)]
+         op: OracleCmd,
+     },
+ }
+ /// `gov oracle` (P2-AR-0014, BC-P2-51). Read-only: it validates documents and changes no governed state.
+ #[derive(Subcommand)]
+ enum OracleCmd {
+     /// Print the format definition, its digest and the crosswalk from every Contract v3 V1-V4 element to its field
+     Format,
+     /// Validate a qualification-oracle or qualification-score-report document (JSON or YAML); fails closed, typed
+     Validate {
+         /// The document to validate
+         file: PathBuf,
+         /// For a score report: the sealed oracle it was scored against (binding, fault coverage, arithmetic)
+         #[arg(long)]
+         oracle: Option<PathBuf>,
+         /// Public qualification suite root: refuse an oracle stored inside it, or any trace of the oracle found in it
+         #[arg(long = "public-suite")]
+         public_suite: Vec<PathBuf>,
+         /// Qualification repository root: refuse an oracle stored inside it, or any trace of the oracle found in it
+         #[arg(long)]
+         repository: Vec<PathBuf>,
+     },
  }
 +// ---- WS-2 (P2-AR-0015) additive block
 +#[derive(Subcommand)]
 +enum HealthCmd {
 +    /// Run the scheduler: checks whose declared inputs changed execute (concurrently; state-writing ones in sandboxes), the rest are served from the cache
 +    Run {
 +        /// Tier G1..G6 (default: every suite check, cache reused)
 +        #[arg(long)]
 +        tier: Option<String>,
 +        /// Run only these checks
 +        #[arg(long)]
 +        check: Vec<String>,
 +        /// Paths the triggering change touched (recorded as provenance)
 +        #[arg(long)]
 +        changed: Vec<String>,
 +        /// Triggering event label (recorded as provenance)
 +        #[arg(long)]
 +        event: Option<String>,
 +        /// Re-execute every selected check (reproducibility compared against the cache)
 +        #[arg(long)]
 +        no_cache: bool,
 +        #[arg(long)]
 +        deep: bool,
 +        /// Do not persist a governance-suite record even when the run re-establishes currency
 +        #[arg(long)]
 +        no_persist: bool,
 +    },
 +    /// RED/YELLOW/GREEN health state, active hard-blocks, failing and stale checks, suite currency, product tests
 +    Status,
 +    /// The check catalogue: tiers, declared inputs, isolation, cache, hard-block vs warning
 +    Checks,
 +    /// Recorded health results (newest first)
 +    History {
 +        #[arg(long, default_value_t = 20)]
