
=== A. implementation task is blocked while its feature's acceptance obligation is not independent (DAG gate)
task: TASK-0001
exit=0 {"blocked": [{"reasons": ["TO-0001 (acceptance) must be authored independently of the implementer (TEST_POLICY.independent_test_author_required_for)"], "task": "TASK-0001"}], "runnable": []}

=== B. the implementer's own role declares independence; the gate opens (independence is a self-declared boolean)
# TO-0001 author_role=backend-engineer (the implementing role), independent_of_implementer=true
exit=0 {"blocked": [], "runnable": ["TASK-0001"]}
exit=0 []
# same session S-builder claims the task and closes it citing the same test file as evidence:
exit=0 true
exit=0 {"error": null, "ok": true, "task_status": "DONE"}
# report record as stored (no distinction between builder regression evidence and independent evidence):
{'task': 'TASK-0001', 'session': 'S-builder', 'role': 'backend-engineer', 'tests': {'status': 'passed', 'independent': True, 'author': 'S-builder'}, 'evidence': ['tests/ledger_test.rs::builder_written_acceptance'], 'state_class': 'EVIDENCE'}

=== C. adoption: planner may not review its own plan (session equality check)
baseline: exit=0 true
inventory: exit=0 true
classify: exit=0 true
map: exit=0 true
plan: exit=0 true
test-design: exit=0 true
planner-scaffolded tests: 13 (sha256 11124acee0978af8...)
review by planner session: exit=1 ["INDEPENDENCE", "reviewer session must differ from the planner session (fresh independent context, protocol Role B)"]

=== D. the same caller passes any other session string; approval is recorded with ZERO reviewer-added tests
review with --reviewer-session S-anything: exit=0 {"err": null, "ok": true, "r": {"stage": "A5", "verdict": {"at": "2026-09-18T20:49:45Z", "notes": null, "role": "migration-reviewer", "session": "S-anything", "tests": 13, "verdict": "MIGRATION_PLAN_APPROVED"}}}
tests file unchanged by review: 11124acee0978af8 == 11124acee0978af8
- 2026-09-18T20:49:45Z — **MIGRATION_PLAN_APPROVED** by migration-reviewer (session S-anything), 13 held-out tests. 

=== E. memory held-out regression set is generated by the builder from the live index at gov init (not verifier-authored)
{'generated_by': 'gov init', 'queries': 19, 'note': 'starter set: exact id/path/symbol/literal/graph/supersession queries generated from the index; paraphrase placeholders are pending'}
