# canonical import byte-identity and pinned digests (P2-AR-0052)

$ cmp Governance_OS_Capability_Acceptance_Contract_v3.md framework/contracts/source/GOVERNANCE_CAPABILITY_ACCEPTANCE_CONTRACT_v3.md
(identical)

$ sha256sum
4c2df29115c8d5389034b2e2d817772add80d61678807c23e0d520c937cb5ed3  Governance_OS_Capability_Acceptance_Contract_v3.md
4c2df29115c8d5389034b2e2d817772add80d61678807c23e0d520c937cb5ed3  framework/contracts/source/GOVERNANCE_CAPABILITY_ACCEPTANCE_CONTRACT_v3.md
d2f33e89d5459dd809e17271e46854cc886ed958ca63f89765e16d6a26a9f25e  release/orchestration/phase-2/GATES/PHASE-2-FROZEN-GATE-CONTRACT.md
70977d11b778c4a8391a65cb3e0f53103bcc1e565de595c1e83150797f1699c1  release/root-of-trust/signed-release-root-v1/01-FROZEN-R0-R1-R2-R3-ACCEPTANCE-BOUNDARY.md
f89a3e2ff882e116f4593d0f7b8fd9725c7ba491090aedadc3a942c66f4316fd  framework/qualification-oracle/qualification-oracle.schema.json

$ git rev-list -n1 cap2-candidate-1
0bad524d836f179964ffbac31972856ea6434682

$ python3 release/orchestration/phase-2/tools/product_identity.py cap2-candidate-1
commit: 0bad524d836f179964ffbac31972856ea6434682
product_code_digest: e6332fc7d5af5c73adbe0f200003db30fe5a6fd0b7f24d047d3e340e6f972220
governed_state_digest: 3d2aeba2fc3b52a95c369c49a854bb9d443b0b03da1180db5339f01d892620c0

$ python3 release/orchestration/phase-2/tools/product_identity.py HEAD
commit: 311eafaf6f123f5c9c4dfe146c4ce8e38f31f154
product_code_digest: e6332fc7d5af5c73adbe0f200003db30fe5a6fd0b7f24d047d3e340e6f972220
governed_state_digest: 3d2aeba2fc3b52a95c369c49a854bb9d443b0b03da1180db5339f01d892620c0

$ gov contract verify
contract_version: v3
owner_source: Governance_OS_Capability_Acceptance_Contract_v3.md
owner_source_present_in_tree: true
owner_source_sha256: 4c2df29115c8d5389034b2e2d817772add80d61678807c23e0d520c937cb5ed3
canonical_import: framework/contracts/source/GOVERNANCE_CAPABILITY_ACCEPTANCE_CONTRACT_v3.md
canonical_import_byte_identical: true
compiled: framework/contracts/governance-capability-acceptance.yaml
capability_count: 101
gate_count: 23
checklist_item_count: 713
statement_count: 37
qualification_challenge_count: 8
source_lines:
  total: 1255
  carried_verbatim: 1026
  blank_or_thematic_break: 229
labelled_capabilities:
- capability: A2
  requirement_class_label: POST-VERIFICATION HARDENING
  requirement_class: POST_VERIFICATION_HARDENING
- capability: F4
  requirement_class_label: POST-VERIFICATION HARDENING
  requirement_class: POST_VERIFICATION_HARDENING
- capability: O5
  requirement_class_label: NEW EXECUTION REFINEMENT
  requirement_class: EXECUTION_REFINEMENT
- capability: V1
  requirement_class_label: NEW TESTING REFINEMENT
  requirement_class: NEW TESTING REFINEMENT
- capability: V2
  requirement_class_label: NEW TESTING REFINEMENT
  requirement_class: NEW TESTING REFINEMENT
- capability: V3
  requirement_class_label: NEW TESTING REFINEMENT
  requirement_class: NEW TESTING REFINEMENT
- capability: V4
  requirement_class_label: NEW TESTING REFINEMENT
  requirement_class: NEW TESTING REFINEMENT
source_lock: framework/contracts/contract-source.lock
schema: framework/schemas/governance-capability-acceptance.schema.json
evidence_map: tests/governance/capability-evidence-map.yaml
generated_view: docs/generated/GOVERNANCE_CAPABILITY_ACCEPTANCE.md
evidence_owners:
  capabilities: 101
  owners: 798
  owners_by_kind:
    check: 127
    doctor: 34
    g0: 19
    heldout: 13
    human-gate: 13
    obligation: 110
    release: 5
    test: 477
  owners_by_class:
    automated invariant/guard: 19
    clean-clone/release evidence: 12
    governance health check: 161
    human-gate evidence: 13
    independent audit evidence: 105
    independent held-out test: 18
    migration/rollback evidence: 9
    unit/integration/system test: 461
  capabilities_by_evidence_class:
    automated invariant/guard: 9
    clean-clone/release evidence: 7
    governance health check: 74
    human-gate evidence: 13
    independent audit evidence: 101
    independent held-out test: 7
    migration/rollback evidence: 6
    unit/integration/system test: 100
  capabilities_by_tier:
    G0: 9
    G1: 44
    G2: 32
    G3: 25
    G4: 69
    G5: 74
    G6: 71
  capabilities_with_a_tier_owner: 76
  capabilities_owned_only_by_tests:
  - C5
  - F5
  - G1
  - H3
  - K3
  - M2
  - M3
  - N2
  - Q2
  - Q3
  - Q4
  - R2
  - T2
  - V1
  - V2
  - V3
  checklist_items: 713
  checklist_items_naming_an_owner: 587
  freshness_triggers_in_use:
  - authoritative spec/decision
  - governing contract/policy
  - migration
  - model/retrieval profile
  - project path map
  - relevant index manifest
  - relevant source files
  - runtime/kernel implementation
  - schema
  - security/sensitivity policy
  - tool/plugin
  deferred: []
  not_in_this_tree: []
  catalogue_checks: 74
evidence_map_governed_sha256: 6ee1cbc3739d6afc9bea8ffe0a4c548a97bd3233ac820c9706e0fc32b5c37995
checks:
- canonical import byte-identical to the owner source and equal to the pinned owner digest
- 'compiler line accounting: every non-blank line of the approved source carried verbatim exactly once'
- 'compiled form: independent line accounting against the source text, and semantically identical to the owner source (universe incl. Gate U, checklist items, statements, challenges, labels, Contract v3:53-73 fields)'
- compiled-form schema admits the owner universe and the compiled form
- 'evidence map: every capability, checklist item, statement, challenge and label of the owner source; every governed Contract v3:53-73 field present and drawn from the contract''s vocabularies'
- 'evidence owners (BC-P2-02, frozen AC-10): every capability names at least one owner that runs; every owner resolves against the product (scheduler catalogue tiers, G0 command classification, the test harnesses'' module trees, held-out suites, frozen gate contract) or, where this tree does not carry those sources, is disclosed as deferred; evidence classes, tiers, freshness triggers, adoption/operational-audit owners and the remediation rule are what the owners determine; every freshness trigger in use names an owner proving invalidation'
- 'governed values: bound by the source lock, so none changed without `gov contract compile`'
- 'generated view: every element present and identical to a fresh rendering'
- 'source lock: binds the source, the compiled form, the schema, the evidence map and the generated view'
verdict: CONTRACT_SOURCE_BOUND
