=== C2 Graph Memory Fix ===
error: the following required arguments were not provided:
  <NODE>

Usage: gov memory graph --json <NODE>

For more information, try '--help'.
---
{
  "ok": true,
  "command": "memory",
  "result": [
    {
      "node": "F-001",
      "hop": 1,
      "via": "GOVERNED_BY → REQ-001",
      "from": "REQ-001"
    },
    {
      "node": "SCN-001",
      "hop": 2,
      "via": "F-001 VALIDATED_BY →",
      "from": "F-001"
    },
    {
      "node": "TASK-001",
      "hop": 1,
      "via": "GOVERNED_BY → REQ-001",
      "from": "REQ-001"
    },
    {
      "node": "TST-001",
      "hop": 2,
      "via": "DEPENDS_ON → TASK-001",
      "from": "TASK-001"
    }
  ],
  "session": "",
  "release_trust": {
    "surface": "memory",
    "below_floor": false,
    "marking": null,
    "presented_as": "CURRENT",
    "section_6_bullet": 7,
    "basis": "OWNER-DECISION-0006 §6 bullet 7 was asked at crate::srr::present::presentation and cleared: this machine carries no `DEGRADED — RECOVERY ONLY` marking. This states the machine's break-glass posture only; it is not a currency claim about the wider release channel, which `gov trust status` reports as UNKNOWN between ingresses."
  }
}
---
{
  "ok": true,
  "command": "memory",
  "result": [
    {
      "node": "SCN-001",
      "hop": 2,
      "via": "TASK-001 VALIDATED_BY →",
      "from": "TASK-001"
    },
    {
      "node": "TASK-001",
      "hop": 1,
      "via": "GOVERNED_BY → D-001",
      "from": "D-001"
    },
    {
      "node": "TST-001",
      "hop": 2,
      "via": "DEPENDS_ON → TASK-001",
      "from": "TASK-001"
    }
  ],
  "session": "",
  "release_trust": {
    "surface": "memory",
    "below_floor": false,
    "marking": null,
    "presented_as": "CURRENT",
    "section_6_bullet": 7,
    "basis": "OWNER-DECISION-0006 §6 bullet 7 was asked at crate::srr::present::presentation and cleared: this machine carries no `DEGRADED — RECOVERY ONLY` marking. This states the machine's break-glass posture only; it is not a currency claim about the wider release channel, which `gov trust status` reports as UNKNOWN between ingresses."
  }
}
