=== D1 Freshness Detailed Investigation ===
--- Check if source files are indexed ---
Source files indexed: 0

Artifact types:
  audit: 1
  decision: 1
  experiment: 1
  feature: 1
  file: 156
  interface: 1
  lesson: 1
  project: 1
  requirement: 1
  research: 1
  scenario: 1
  task: 1
  test-obligation: 1

--- Check what the contract says about indexing ---

--- Check if src/ files exist in the freshness check ---
Testing freshness with uncommitted modification to login.py...
Fresh: True
Stale: []
Checked: 168

--- Check what governance/kernel/constitution/PATH_MAP.yaml says ---

--- Check excluded from index ---
Excluded from index: 0
