=== D1 Freshness with governed paths ===
--- Source files under product/ now indexed ---
Product files indexed: 2
  product/auth/login.py
  product/auth/middleware.py

--- Modify product/auth/login.py (uncommitted) ---
Fresh after uncommitted modification: False
Stale: ['product/auth/login.py']
Checked: 170

--- Commit and re-check ---
 1 file changed, 1 insertion(+)
Fresh after committed modification: False
Stale: ['product/auth/login.py']

--- Incremental rebuild ---
Mode: full
Indexed: 170
Unchanged: 0

--- Add new product file ---
 create mode 100644 product/auth/utils.py
Fresh after add: False
Added: ['product/auth/utils.py']

--- Rename product file ---
 rename product/auth/{utils.py => helpers.py} (100%)
Fresh after rename: False
Added: ['product/auth/helpers.py']
Removed: []

--- Rebuild and re-check freshness ---
Mode: full
Moved: []
Fresh after rebuild: True

--- Delete product file ---
rm 'product/auth/helpers.py'
 delete mode 100644 product/auth/helpers.py
Fresh after delete: False
Removed: ['product/auth/helpers.py']

--- Symbol query for product source ---
Symbol hits for hash_password: 1
  file:product/auth/login.py path=product/auth/login.py routes=['symbol']
