=== D6: Rebuild Guarantee (Thorough) ===
--- Save authoritative state snapshot ---
Authoritative records:
spec/audits/AUD-0001.yaml
spec/decisions/D-001.yaml
spec/experiments/EXP-001.yaml
spec/features/F-001.yaml
spec/interfaces/API-001.yaml
spec/lessons/L-001.yaml
spec/product/PRJ-001.yaml
spec/requirements/REQ-001.yaml
spec/research/RES-001.yaml
spec/scenarios/SCN-001.yaml
spec/tasks/TASK-001.yaml
spec/tasks/TST-001.yaml

Claims before rebuild:
[]

--- Save index manifest before ---
Manifest hash before: 3a82fa1d2cebd9ab78a5cd65e14c9a9437185b5d3ddb62b081afecbb731486aa

--- Delete all derived state ---
Runtime dir: .governance-runtime
Deleted runtime directory
Deleted generated manifests

--- gov status after deleting derived state ---
Records: 13
Memory fresh: False
Memory present: False
Tasks: {'total': 1, 'runnable': 1, 'blocked': 0, 'waiting_human': 0, 'done': 0, 'open': 1}

--- Full rebuild from scratch ---
Mode: full
Indexed: 171
Problems: []
Degradations: []
Manifest hash: 3a82fa1d2cebd9ab78a5cd65e14c9a9437185b5d3ddb62b081afecbb731486aa

--- Verify authoritative state preserved ---
Records still exist in Git:
spec/decisions/D-001.yaml
spec/features/F-001.yaml
spec/tasks/TASK-001.yaml

--- Verify status works after rebuild ---
Records: 13
Memory fresh: True
Tasks: {'total': 1, 'runnable': 1, 'blocked': 0, 'waiting_human': 0, 'done': 0, 'open': 1}

--- Compare manifest hash ---
Manifest hash after: 3a82fa1d2cebd9ab78a5cd65e14c9a9437185b5d3ddb62b081afecbb731486aa
Match: YES

--- Verify held-out regression after rebuild ---
Recall@K: 1.0
Pass: True

--- Rebuild at different path (copy project, rebuild) ---
Alt path rebuild - Mode: full
Alt path rebuild - Indexed: 171
Alt path rebuild - Manifest hash: 3a82fa1d2cebd9ab78a5cd65e14c9a9437185b5d3ddb62b081afecbb731486aa
Alt manifest hash: 3a82fa1d2cebd9ab78a5cd65e14c9a9437185b5d3ddb62b081afecbb731486aa
Match original: YES
