# P2-AR-0055 identity and scope (2026-09-20T17:17:41Z)
## base (P2-AR-0053's tip)
commit: d96c8abd2ffdae391cdddda196671e1f5901a42f
product_code_digest: dcf4c59101a9442ccf56e3c6c02c760b0225c54cb5fd6725a31dc3ad36ab0a13
governed_state_digest: c88c0bf1a0778af960c4a0f6fb644ffb4385c8152aec9a51b9c5c065d6be5f70
## final product commit
commit: 4bd74683159279549fb757adf56b4a571c73f3d2
product_code_digest: 2fbbbd6c995ab3aa57d0e03f93198535efd27f9612988dd229efe3a6dfab9d82
governed_state_digest: 4bfc1ae838a6e09d69614dbdc305f5c63e2261873864f2f218e2ee4f4959e336
## release gov
3f847ec2bb21a779cf23048ab1cb0f7b30dfe0ac677cc6ac13f28b1e6d89fcc3  target/release/gov
## commits on this branch since the base
4bd7468 P2-AR-0055 r4-residual: registry hostnames are ecosystem knowledge, so they live in the tool registry (INV-005)
7da93a2 P2-AR-0055 r4-residual: the plugin registry is not "what an installation writes"
6c42f34 P2-AR-0055 r4-residual: an approval binds the change-class verdict it was granted under
55206af P2-AR-0055 r4-residual: OD-P2-03 — a tool installation needs the Human Gate only when it expands authority
## files changed since the base (product and tests; evidence excluded)
 docs/ARCHITECTURE.md                    |  39 +-
 docs/COMMANDS.md                        |  11 +-
 framework/policies/CHANGE_POLICY.yaml   |  55 ++-
 framework/policies/ENFORCEMENT_MAP.yaml |   2 +
 framework/policies/TOOL_POLICY.yaml     |  36 +-
 runtime/src/cit/binding.rs              |  25 ++
 runtime/src/cit/mod.rs                  |  71 +++-
 runtime/src/tools.rs                    | 728 +++++++++++++++++++++++++++++++-
 spec/decisions/D-0011.yaml              | 102 +++++
 tests/certification/r4_residual.rs      | 330 +++++++++++++++
 tests/certification/ws07.rs             |  59 ++-
 tools/registry/TOOLS.yaml               |  23 +
 12 files changed, 1430 insertions(+), 51 deletions(-)
## protected paths changed since the base (expect none)
  (end)
## release/ paths changed since the base other than this run's own output (expect none)
  (end)
## schemas and KERNEL.yaml changed since the base (expect none: no schema version bump this run)
  (end)
## POLICY_PRECEDENCE changed since the base (expect none)
  (end)
## TOOL_POLICY, CHANGE_POLICY and the kernel tool registry: what this run changed, key by key (parsed, not textual)
  framework/policies/TOOL_POLICY.yaml
    keys added:   ['installation_envelope']
    keys removed: []
    version CHANGED: "1.0.0" -> "1.1.0"
  framework/policies/CHANGE_POLICY.yaml
    keys added:   ['change_classes']
    keys removed: []
    version CHANGED: "1.0.0" -> "1.1.0"
  tools/registry/TOOLS.yaml
    keys added:   ['network_allowlist']
    keys removed: []
  (end)
## Contract v3 source and frozen gate contract (sha256, unchanged)
4c2df29115c8d5389034b2e2d817772add80d61678807c23e0d520c937cb5ed3  Governance_OS_Capability_Acceptance_Contract_v3.md
d2f33e89d5459dd809e17271e46854cc886ed958ca63f89765e16d6a26a9f25e  release/orchestration/phase-2/GATES/PHASE-2-FROZEN-GATE-CONTRACT.md
## existing tests renamed, removed or ignored since the base (expect none): #[test] fn names at base missing at final
  (end)
## #[ignore] attributes anywhere in the test tree (expect none)
  (end)
## tests added since the base (fn names at final not at base)
  fn a_tool_installation_is_gated_for_each_way_it_expands_authority
  fn an_installation_whose_envelope_changed_after_simulation_is_refused_at_the_write
  fn ordinary_allowlisted_network_use_does_not_gate_but_a_new_boundary_does
  fn the_os_reads_an_installations_own_commands_for_what_it_would_hold
  (end)
## R1 §6 sites
  git diff d96c8ab..HEAD -- runtime/src/srr : 0 files
  guard_acquisition_below_floor calls in tools.rs: 2
  guard_acquisition( caller: runtime/src/capabilities/governance.rs:740:        crate::srr::plugins::guard_acquisition(&id, &descriptor, acquisition, &[], &channel)?;
  guard_acquisition( caller: runtime/src/capabilities/governance.rs:780:    crate::srr::plugins::guard_acquisition(
  (end)
## INV-005: kernel data under framework/ carries no language or toolchain assumption (the arch test's own word list)
  hits: []
  (end)
## no product function was renamed or removed this run (additions only)
  added: tools::{installation_authority, installation_change_decision, change_decision, authorised_by, envelope_list,
         network_allowlist, installation_commands, token_values, leaves_project, endpoint_host,
         matches_any_pattern, credential_names, finding}, cit::{class_decision, class_pre_authorised},
         cit::binding::class_of
  (end)
