# P2-AR-0043 identity and scope (2026-09-19T19:49:06Z)
## base
commit: cae2f67cf919d1506b914bf0c98c75c49e755293
product_code_digest: 1d3e9f590ad63c7e16b63662652959fea76773ff642c1fe57705cbe929785df7
governed_state_digest: 2514b9fb46b140351f2898fbd99965a99cff4f19823c667c5affa200373235be
## final product commit
commit: 34e37259648a5c65eb57e536d56b63e2922cd4ff
product_code_digest: 1eb1564c0ec4d4c2bb0d5630a5dc9de896f77d4771b8227a7997e096d28d9a87
governed_state_digest: a700ee0d5127f3336168733dc84adec8b92c3e0acaf212863b4dc9a1c2f0fc96
## release gov
512913ef3ac53f8d568f48b7cead5f241b2f54ece472a73cdf58decfa3391112  target/release/gov
## commits on this branch since the base
34e3725 P2-AR-0043 r4-residual: ws04r2 direct-change assertions follow INT3-O2 (the host-run rebuild propagates what it observes)
3a384d8 P2-AR-0043 r4-residual: the registration writer carries the §6 signature and asks the acquisition sink at its write
e5336d9 P2-AR-0043 r4-residual: retrieval-profile identity (IP-W7R3-6); docs and help text; gov status T2 sealing; test count fix
00615f1 P2-AR-0043 r4-residual: T2 binding status in D033/os_binding_integrity; shadowed-rule finding; heading-marker step retired; skill bindings and registry relocation; TOOL_PERMISSIONS independent roles; remediation handoffs
e752bed P2-AR-0043 r4-residual: INT3-O1 registration through an OS-proposed change transaction; INT3-O2 propagation at host-run rebuilds; IP-W7R3-10
## files changed since the base (product and tests; evidence excluded)
 Cargo.toml                                         |   6 +
 capabilities/PROTOCOL.md                           |  28 +-
 cli/src/main.rs                                    |   8 +-
 docs/ARCHITECTURE.md                               |  72 +-
 docs/COMMANDS.md                                   |  12 +-
 framework/KERNEL.yaml                              |   4 +-
 .../overlay-templates/REPOSITORY_CONTRACT.yaml     |   6 +-
 framework/overlay-templates/TOOL_PERMISSIONS.yaml  |   5 +
 framework/policies/AUTHORITY_POLICY.yaml           |   2 +-
 framework/schemas/cit.schema.json                  |  28 +-
 framework/schemas/migration.schema.json            |  10 +-
 migrations/M-4.1.5-4.1.6.yaml                      |   4 +-
 runtime/src/adopt.rs                               |  18 +-
 runtime/src/capabilities/governance.rs             | 453 +++++++++---
 runtime/src/cit/materiality.rs                     |  51 ++
 runtime/src/cit/mod.rs                             | 377 +++++++++-
 runtime/src/doctor.rs                              |  42 +-
 runtime/src/memory/benchmark.rs                    |   1 +
 runtime/src/memory/indexer.rs                      |  58 ++
 runtime/src/memory/profile.rs                      | 125 ++--
 runtime/src/migrations/framework.rs                | 103 +++
 runtime/src/orchestration/control.rs               |   2 +-
 runtime/src/orchestration/handoffs.rs              |  34 +-
 runtime/src/paths.rs                               |  20 +
 runtime/src/scheduler/catalogue.rs                 |  21 +-
 runtime/src/scheduler/mod.rs                       |  66 ++
 runtime/src/skills.rs                              |  44 +-
 runtime/src/status.rs                              |   6 +
 runtime/src/update.rs                              |  27 +-
 runtime/src/verification/currency.rs               |   4 +
 runtime/src/verification/mod.rs                    |  21 +-
 runtime/src/verification/reporting.rs              | 248 +++++--
 tests/certification/main.rs                        |   1 +
 tests/certification/migration.rs                   |   7 +-
 tests/certification/r4_residual.rs                 | 818 +++++++++++++++++++++
 tests/certification/repair2.rs                     |   7 +
 tests/certification/repair3.rs                     |  11 +
 tests/certification/ws04r2.rs                      |  10 +-
 tests/certification/ws04r3.rs                      |  22 +-
 tests/certification/ws05r3.rs                      |   7 +-
 tests/certification/ws07.rs                        |  90 ++-
 tests/certification/ws08_r3.rs                     |   4 +-
 42 files changed, 2563 insertions(+), 320 deletions(-)
## protected paths changed since the base (expect none)
  (end)
## other workstreams' repair-1 directories changed (expect none)
  (end)
## WS-1 round-4 files (P2-AR-0042 owns them; expect none)
  (end)
## Contract v3 source and frozen gate contract (sha256, unchanged)
4c2df29115c8d5389034b2e2d817772add80d61678807c23e0d520c937cb5ed3  Governance_OS_Capability_Acceptance_Contract_v3.md
d2f33e89d5459dd809e17271e46854cc886ed958ca63f89765e16d6a26a9f25e  release/orchestration/phase-2/GATES/PHASE-2-FROZEN-GATE-CONTRACT.md
## existing tests renamed or removed since the base (expect none): test fn names at base missing at final
  (end)
## tests added since the base (test fn names at final not at base)
  fn a_direct_upstream_change_observed_at_an_index_rebuild_is_propagated_there_once
  fn a_plugin_registered_inside_a_claimed_task_closes_on_its_os_proposed_change_transaction
  fn a_registration_change_approved_without_its_execution_approval_writes_nothing
  fn a_repository_contract_rule_that_never_decides_is_reported
  fn an_update_moves_the_tracked_os_stores_and_a_rollback_restores_the_previous_layout
  fn binding_status_findings_raise_an_unhonoured_authority_and_disclose_machine_scope
  fn declared_model_and_runtime_artefacts_are_part_of_the_retrieval_profile_identity
  fn proposals_and_handoffs_are_refused_by_what_they_rely_on_and_admitted_when_they_remedy
  fn relocate_os_stores_moves_tracked_stores_bytes_unchanged_and_only_them
  fn skill_bindings_are_written_where_they_belong_and_a_legacy_file_moves_on_the_next_write
  fn the_remediation_handoff_stays_available_under_the_block_it_repairs
  fn the_t2_binding_status_is_reported_and_machine_scope_sealing_on_a_provisioned_machine_is_disclosed
  (end)
